Archive member included to satisfy reference by file (symbol)

D:\FG\MMM2\Sistemas_embebidos\Workspaces_para_MCUXpressoide\workspace-EDU_CIAA_NXP-TP3_v2\lpc_board_nxp_lpcxpresso_4337\Debug\liblpc_board_nxp_lpcxpresso_4337.a(board.o)
                              ./freertos/src/FreeRTOSCommonHooks.o (Board_UARTPutSTR)
D:\FG\MMM2\Sistemas_embebidos\Workspaces_para_MCUXpressoide\workspace-EDU_CIAA_NXP-TP3_v2\lpc_board_nxp_lpcxpresso_4337\Debug\liblpc_board_nxp_lpcxpresso_4337.a(board_sysinit.o)
                              ./example/src/sysinit.o (Board_SystemInit)
D:\FG\MMM2\Sistemas_embebidos\Workspaces_para_MCUXpressoide\workspace-EDU_CIAA_NXP-TP3_v2\lpc_board_nxp_lpcxpresso_4337\Debug\liblpc_board_nxp_lpcxpresso_4337.a(wm8904.o)
                              D:\FG\MMM2\Sistemas_embebidos\Workspaces_para_MCUXpressoide\workspace-EDU_CIAA_NXP-TP3_v2\lpc_board_nxp_lpcxpresso_4337\Debug\liblpc_board_nxp_lpcxpresso_4337.a(board.o) (WM8904_Init)
D:\FG\MMM2\Sistemas_embebidos\Workspaces_para_MCUXpressoide\workspace-EDU_CIAA_NXP-TP3_v2\lpc_chip_43xx\Debug\liblpc_chip_43xx.a(chip_18xx_43xx.o)
                              ./freertos/src/port.o (SystemCoreClock)
D:\FG\MMM2\Sistemas_embebidos\Workspaces_para_MCUXpressoide\workspace-EDU_CIAA_NXP-TP3_v2\lpc_chip_43xx\Debug\liblpc_chip_43xx.a(clock_18xx_43xx.o)
                              D:\FG\MMM2\Sistemas_embebidos\Workspaces_para_MCUXpressoide\workspace-EDU_CIAA_NXP-TP3_v2\lpc_chip_43xx\Debug\liblpc_chip_43xx.a(chip_18xx_43xx.o) (Chip_Clock_GetClockInputHz)
D:\FG\MMM2\Sistemas_embebidos\Workspaces_para_MCUXpressoide\workspace-EDU_CIAA_NXP-TP3_v2\lpc_chip_43xx\Debug\liblpc_chip_43xx.a(fpu_init.o)
                              ./example/src/sysinit.o (fpuInit)
D:\FG\MMM2\Sistemas_embebidos\Workspaces_para_MCUXpressoide\workspace-EDU_CIAA_NXP-TP3_v2\lpc_chip_43xx\Debug\liblpc_chip_43xx.a(gpio_18xx_43xx.o)
                              D:\FG\MMM2\Sistemas_embebidos\Workspaces_para_MCUXpressoide\workspace-EDU_CIAA_NXP-TP3_v2\lpc_board_nxp_lpcxpresso_4337\Debug\liblpc_board_nxp_lpcxpresso_4337.a(board.o) (Chip_GPIO_Init)
D:\FG\MMM2\Sistemas_embebidos\Workspaces_para_MCUXpressoide\workspace-EDU_CIAA_NXP-TP3_v2\lpc_chip_43xx\Debug\liblpc_chip_43xx.a(i2c_18xx_43xx.o)
                              D:\FG\MMM2\Sistemas_embebidos\Workspaces_para_MCUXpressoide\workspace-EDU_CIAA_NXP-TP3_v2\lpc_board_nxp_lpcxpresso_4337\Debug\liblpc_board_nxp_lpcxpresso_4337.a(wm8904.o) (Chip_I2C_EventHandlerPolling)
D:\FG\MMM2\Sistemas_embebidos\Workspaces_para_MCUXpressoide\workspace-EDU_CIAA_NXP-TP3_v2\lpc_chip_43xx\Debug\liblpc_chip_43xx.a(ssp_18xx_43xx.o)
                              D:\FG\MMM2\Sistemas_embebidos\Workspaces_para_MCUXpressoide\workspace-EDU_CIAA_NXP-TP3_v2\lpc_board_nxp_lpcxpresso_4337\Debug\liblpc_board_nxp_lpcxpresso_4337.a(board.o) (Chip_SSP_WriteFrames_Blocking)
D:\FG\MMM2\Sistemas_embebidos\Workspaces_para_MCUXpressoide\workspace-EDU_CIAA_NXP-TP3_v2\lpc_chip_43xx\Debug\liblpc_chip_43xx.a(sysinit_18xx_43xx.o)
                              D:\FG\MMM2\Sistemas_embebidos\Workspaces_para_MCUXpressoide\workspace-EDU_CIAA_NXP-TP3_v2\lpc_board_nxp_lpcxpresso_4337\Debug\liblpc_board_nxp_lpcxpresso_4337.a(board_sysinit.o) (Chip_SetupCoreClock)
D:\FG\MMM2\Sistemas_embebidos\Workspaces_para_MCUXpressoide\workspace-EDU_CIAA_NXP-TP3_v2\lpc_chip_43xx\Debug\liblpc_chip_43xx.a(uart_18xx_43xx.o)
                              D:\FG\MMM2\Sistemas_embebidos\Workspaces_para_MCUXpressoide\workspace-EDU_CIAA_NXP-TP3_v2\lpc_board_nxp_lpcxpresso_4337\Debug\liblpc_board_nxp_lpcxpresso_4337.a(board.o) (Chip_UART_Init)
D:\FG\MMM2\Sistemas_embebidos\Workspaces_para_MCUXpressoide\workspace-EDU_CIAA_NXP-TP3_v2\lpc_chip_43xx\Debug\liblpc_chip_43xx.a(ring_buffer.o)
                              D:\FG\MMM2\Sistemas_embebidos\Workspaces_para_MCUXpressoide\workspace-EDU_CIAA_NXP-TP3_v2\lpc_chip_43xx\Debug\liblpc_chip_43xx.a(uart_18xx_43xx.o) (RingBuffer_Insert)
d:/nxp/mcuxpressoide_11.0.1_2563/ide/plugins/com.nxp.mcuxpresso.tools.win32_11.0.1.201907311258/tools/bin/../lib/gcc/arm-none-eabi/8.2.1/../../../../arm-none-eabi/lib/thumb/v7e-m+fp/softfp\libcr_nohost.a(_cr__main.o)
                              ./example/src/cr_startup_lpc43xx.o (__main)
d:/nxp/mcuxpressoide_11.0.1_2563/ide/plugins/com.nxp.mcuxpresso.tools.win32_11.0.1.201907311258/tools/bin/../lib/gcc/arm-none-eabi/8.2.1/../../../../arm-none-eabi/lib/thumb/v7e-m+fp/softfp\libcr_c.a(memcpy.o)
                              ./freertos/src/queue.o (memcpy)
d:/nxp/mcuxpressoide_11.0.1_2563/ide/plugins/com.nxp.mcuxpresso.tools.win32_11.0.1.201907311258/tools/bin/../lib/gcc/arm-none-eabi/8.2.1/../../../../arm-none-eabi/lib/thumb/v7e-m+fp/softfp\libcr_c.a(memset.o)
                              ./freertos/src/tasks.o (memset)
d:/nxp/mcuxpressoide_11.0.1_2563/ide/plugins/com.nxp.mcuxpresso.tools.win32_11.0.1.201907311258/tools/bin/../lib/gcc/arm-none-eabi/8.2.1/../../../../arm-none-eabi/lib/thumb/v7e-m+fp/softfp\libcr_c.a(alloc.o)
[...]
Memory Configuration

Name             Origin             Length             Attributes
MFlashA512       0x1a000000         0x00080000         xr
MFlashB512       0x1b000000         0x00080000         xr
RamLoc32         0x10000000         0x00008000         xrw
RamLoc40         0x10080000         0x0000a000         xrw
RamAHB32         0x20000000         0x00008000         xrw
RamAHB16         0x20008000         0x00004000         xrw
RamAHB_ETB16     0x2000c000         0x00004000         xrw
*default*        0x00000000         0xffffffff

Linker script and memory map

LOAD ./freertos/src/FreeRTOSCommonHooks.o
LOAD ./freertos/src/croutine.o
LOAD ./freertos/src/event_groups.o
LOAD ./freertos/src/heap_3.o
LOAD ./freertos/src/list.o
LOAD ./freertos/src/port.o
LOAD ./freertos/src/queue.o
LOAD ./freertos/src/redlib_memfix.o
LOAD ./freertos/src/tasks.o
LOAD ./freertos/src/timers.o
LOAD ./example/src/cr_startup_lpc43xx.o
LOAD ./example/src/freertos_examples_10_to_16.o
LOAD ./example/src/sysinit.o
LOAD D:\FG\MMM2\Sistemas_embebidos\Workspaces_para_MCUXpressoide\workspace-EDU_CIAA_NXP-TP3_v2\lpc_board_nxp_lpcxpresso_4337\Debug\liblpc_board_nxp_lpcxpresso_4337.a
LOAD D:\FG\MMM2\Sistemas_embebidos\Workspaces_para_MCUXpressoide\workspace-EDU_CIAA_NXP-TP3_v2\lpc_chip_43xx\Debug\liblpc_chip_43xx.a
START GROUP
LOAD d:/nxp/mcuxpressoide_11.0.1_2563/ide/plugins/com.nxp.mcuxpresso.tools.win32_11.0.1.201907311258/tools/bin/../lib/gcc/arm-none-eabi/8.2.1/../../../../arm-none-eabi/lib/thumb/v7e-m+fp/softfp\libcr_nohost.a
LOAD d:/nxp/mcuxpressoide_11.0.1_2563/ide/plugins/com.nxp.mcuxpresso.tools.win32_11.0.1.201907311258/tools/bin/../lib/gcc/arm-none-eabi/8.2.1/../../../../arm-none-eabi/lib/thumb/v7e-m+fp/softfp\libcr_c.a
LOAD d:/nxp/mcuxpressoide_11.0.1_2563/ide/plugins/com.nxp.mcuxpresso.tools.win32_11.0.1.201907311258/tools/bin/../lib/gcc/arm-none-eabi/8.2.1/thumb/v7e-m+fp/softfp\libcr_eabihelpers.a
LOAD d:/nxp/mcuxpressoide_11.0.1_2563/ide/plugins/com.nxp.mcuxpresso.tools.win32_11.0.1.201907311258/tools/bin/../lib/gcc/arm-none-eabi/8.2.1/thumb/v7e-m+fp/softfp\libgcc.a
END GROUP
                0x1a000000                __base_MFlashA512 = 0x1a000000
                0x1a000000                __base_Flash = 0x1a000000
                0x1a080000                __top_MFlashA512 = 0x1a080000
                0x1a080000                __top_Flash = 0x1a080000
                0x1b000000                __base_MFlashB512 = 0x1b000000
                0x1b000000                __base_Flash2 = 0x1b000000
                0x1b080000                __top_MFlashB512 = 0x1b080000
                0x1b080000                __top_Flash2 = 0x1b080000
                0x10000000                __base_RamLoc32 = 0x10000000
                0x10000000                __base_RAM = 0x10000000
                0x10008000                __top_RamLoc32 = 0x10008000
                0x10008000                __top_RAM = 0x10008000
                0x10080000                __base_RamLoc40 = 0x10080000
                0x10080000                __base_RAM2 = 0x10080000
                0x1008a000                __top_RamLoc40 = 0x1008a000
                0x1008a000                __top_RAM2 = 0x1008a000
                0x20000000                __base_RamAHB32 = 0x20000000
                0x20000000                __base_RAM3 = 0x20000000
                0x20008000                __top_RamAHB32 = 0x20008000
                0x20008000                __top_RAM3 = 0x20008000
                0x20008000                __base_RamAHB16 = 0x20008000
                0x20008000                __base_RAM4 = 0x20008000
                0x2000c000                __top_RamAHB16 = 0x2000c000
                0x2000c000                __top_RAM4 = 0x2000c000
                0x2000c000                __base_RamAHB_ETB16 = 0x2000c000
                0x2000c000                __base_RAM5 = 0x2000c000
                0x20010000                __top_RamAHB_ETB16 = 0x20010000
                0x20010000                __top_RAM5 = 0x20010000

.text_Flash2    0x1b000000        0x0
 FILL mask 0xff
 *(.text_Flash2)
 *(.text_MFlashB512)
 *(.text.$Flash2)
 *(.text.$MFlashB512)
 *(.text_Flash2.*)
 *(.text_MFlashB512.*)
 *(.text.$Flash2.*)
 *(.text.$MFlashB512.*)
 *(.rodata.$Flash2)
 *(.rodata.$MFlashB512)
 *(.rodata.$Flash2.*)
 *(.rodata.$MFlashB512.*)

.text           0x1a000000     0x5d94
 FILL mask 0xff
                0x1a000000                __vectors_start__ = ABSOLUTE (.)
 *(.isr_vector)
 .isr_vector    0x1a000000      0x114 ./example/src/cr_startup_lpc43xx.o
                0x1a000000                g_pfnVectors
                0x1a000114                . = ALIGN (0x4)
                0x1a000114                __section_table_start = .
                0x1a000114                __data_section_table = .
                0x1a000114        0x4 LONG 0x1a005d94 LOADADDR (.data)
                0x1a000118        0x4 LONG 0x10000000 ADDR (.data)
                0x1a00011c        0x4 LONG 0x1c SIZEOF (.data)
                0x1a000120        0x4 LONG 0x1a005d94 LOADADDR (.data_RAM2)
                0x1a000124        0x4 LONG 0x10080000 ADDR (.data_RAM2)
                0x1a000128        0x4 LONG 0x0 SIZEOF (.data_RAM2)
                0x1a00012c        0x4 LONG 0x1a005d94 LOADADDR (.data_RAM3)
                0x1a000130        0x4 LONG 0x20000000 ADDR (.data_RAM3)
                0x1a000134        0x4 LONG 0x0 SIZEOF (.data_RAM3)
                0x1a000138        0x4 LONG 0x1a005d94 LOADADDR (.data_RAM4)
                0x1a00013c        0x4 LONG 0x20008000 ADDR (.data_RAM4)
                0x1a000140        0x4 LONG 0x0 SIZEOF (.data_RAM4)
                0x1a000144        0x4 LONG 0x1a005d94 LOADADDR (.data_RAM5)
                0x1a000148        0x4 LONG 0x2000c000 ADDR (.data_RAM5)
                0x1a00014c        0x4 LONG 0x0 SIZEOF (.data_RAM5)
                0x1a000150                __data_section_table_end = .
                0x1a000150                __bss_section_table = .
                0x1a000150        0x4 LONG 0x1000001c ADDR (.bss)
                0x1a000154        0x4 LONG 0x4e4 SIZEOF (.bss)
                0x1a000158        0x4 LONG 0x10080000 ADDR (.bss_RAM2)
                0x1a00015c        0x4 LONG 0x0 SIZEOF (.bss_RAM2)
                0x1a000160        0x4 LONG 0x20000000 ADDR (.bss_RAM3)
                0x1a000164        0x4 LONG 0x0 SIZEOF (.bss_RAM3)
                0x1a000168        0x4 LONG 0x20008000 ADDR (.bss_RAM4)
                0x1a00016c        0x4 LONG 0x0 SIZEOF (.bss_RAM4)
                0x1a000170        0x4 LONG 0x2000c000 ADDR (.bss_RAM5)
                0x1a000174        0x4 LONG 0x0 SIZEOF (.bss_RAM5)
                0x1a000178                __bss_section_table_end = .
                0x1a000178                __section_table_end = .
 *(.after_vectors*)
 .after_vectors
                0x1a000178       0xb8 ./example/src/cr_startup_lpc43xx.o
                0x1a000178                data_init
                0x1a0001bc                bss_init
                0x1a0001f4                NMI_Handler
                0x1a0001fa                HardFault_Handler
                0x1a000200                MemManage_Handler
                0x1a000206                BusFault_Handler
                0x1a00020c                UsageFault_Handler
                0x1a000218                DebugMon_Handler
                0x1a00022a                ATIMER_IRQHandler
                0x1a00022a                FLASH_EEPROM_IRQHandler
                0x1a00022a                I2C1_IRQHandler
                0x1a00022a                UART1_IRQHandler
                0x1a00022a                GPIO5_IRQHandler
                0x1a00022a                CAN1_IRQHandler
                0x1a00022a                SDIO_IRQHandler
                0x1a00022a                I2S0_IRQHandler
                0x1a00022a                TIMER3_IRQHandler
                0x1a00022a                UART0_IRQHandler
                0x1a00022a                ADCHS_IRQHandler
                0x1a00022a                SGPIO_IRQHandler
                0x1a00022a                RIT_IRQHandler
                0x1a00022a                USB1_IRQHandler
                0x1a00022a                GPIO6_IRQHandler
                0x1a00022a                IntDefaultHandler
                0x1a00022a                GPIO1_IRQHandler
                0x1a00022a                SSP0_IRQHandler
                0x1a00022a                ADC1_IRQHandler
                0x1a00022a                RTC_IRQHandler
                0x1a00022a                TIMER0_IRQHandler
                0x1a00022a                SPI_IRQHandler
                0x1a00022a                LCD_IRQHandler
                0x1a00022a                I2C0_IRQHandler
                0x1a00022a                TIMER1_IRQHandler
                0x1a00022a                UART2_IRQHandler
                0x1a00022a                GPIO2_IRQHandler
                0x1a00022a                I2S1_IRQHandler
                0x1a00022a                SSP1_IRQHandler
                0x1a00022a                USB0_IRQHandler
                0x1a00022a                GPIO3_IRQHandler
                0x1a00022a                SCT_IRQHandler
                0x1a00022a                ADC0_IRQHandler
                0x1a00022a                WDT_IRQHandler
                0x1a00022a                GPIO7_IRQHandler
                0x1a00022a                SPIFI_IRQHandler
                0x1a00022a                QEI_IRQHandler
                0x1a00022a                ETH_IRQHandler
                0x1a00022a                CAN0_IRQHandler
                0x1a00022a                GINT0_IRQHandler
                0x1a00022a                M0SUB_IRQHandler
                0x1a00022a                GPIO0_IRQHandler
                0x1a00022a                DMA_IRQHandler
                0x1a00022a                EVRT_IRQHandler
                0x1a00022a                TIMER2_IRQHandler
                0x1a00022a                UART3_IRQHandler
                0x1a00022a                MCPWM_IRQHandler
                0x1a00022a                M0APP_IRQHandler
                0x1a00022a                GINT1_IRQHandler
                0x1a00022a                GPIO4_IRQHandler
 *(.text*)
 .text.vApplicationIdleHook
                0x1a000230       0x10 ./freertos/src/FreeRTOSCommonHooks.o
                0x1a000230                vApplicationIdleHook
 .text.pvPortMalloc
                0x1a000240       0x22 ./freertos/src/heap_3.o
                0x1a000240                pvPortMalloc
 .text.vPortFree
                0x1a000262       0x24 ./freertos/src/heap_3.o
                0x1a000262                vPortFree
 .text.vListInitialise
                0x1a000286       0x40 ./freertos/src/list.o
                0x1a000286                vListInitialise
 .text.vListInitialiseItem
                0x1a0002c6       0x1a ./freertos/src/list.o
                0x1a0002c6                vListInitialiseItem
 .text.vListInsertEnd
                0x1a0002e0       0x48 ./freertos/src/list.o
                0x1a0002e0                vListInsertEnd
 .text.vListInsert
                0x1a000328       0x72 ./freertos/src/list.o
                0x1a000328                vListInsert
 .text.uxListRemove
                0x1a00039a       0x54 ./freertos/src/list.o
                0x1a00039a                uxListRemove
 *fill*         0x1a0003ee        0x2 ff
 .text.pxPortInitialiseStack
                0x1a0003f0       0x64 ./freertos/src/port.o
                0x1a0003f0                pxPortInitialiseStack
 .text.prvTaskExitError
                0x1a000454        0xa ./freertos/src/port.o
 *fill*         0x1a00045e        0x2 ff
 .text.SVC_Handler
                0x1a000460       0x24 ./freertos/src/port.o
                0x1a000460                SVC_Handler
 .text.prvPortStartFirstTask
                0x1a000484       0x20 ./freertos/src/port.o
 .text.xPortStartScheduler
                0x1a0004a4       0x50 ./freertos/src/port.o
                0x1a0004a4                xPortStartScheduler
 .text.vPortYield
                0x1a0004f4       0x24 ./freertos/src/port.o
                0x1a0004f4                vPortYield
 .text.vPortEnterCritical
                0x1a000518       0x24 ./freertos/src/port.o
                0x1a000518                vPortEnterCritical
 .text.vPortExitCritical
                0x1a00053c       0x24 ./freertos/src/port.o
                0x1a00053c                vPortExitCritical
 .text.ulPortSetInterruptMask
                0x1a000560       0x12 ./freertos/src/port.o
                0x1a000560                ulPortSetInterruptMask
 .text.vPortClearInterruptMask
                0x1a000572        0x8 ./freertos/src/port.o
                0x1a000572                vPortClearInterruptMask
 *fill*         0x1a00057a        0x2 ff
 .text.PendSV_Handler
                0x1a00057c       0x5c ./freertos/src/port.o
                0x1a00057c                PendSV_Handler
 .text.SysTick_Handler
                0x1a0005d8       0x28 ./freertos/src/port.o
                0x1a0005d8                SysTick_Handler
 .text.vPortSuppressTicksAndSleep
                0x1a000600      0x17c ./freertos/src/port.o
                0x1a000600                vPortSuppressTicksAndSleep
 .text.vPortSetupTimerInterrupt
                0x1a00077c       0x68 ./freertos/src/port.o
                0x1a00077c                vPortSetupTimerInterrupt
 .text.vPortEnableVFP
                0x1a0007e4       0x14 ./freertos/src/port.o
 .text.xQueueGenericReset
                0x1a0007f8       0xa4 ./freertos/src/queue.o
                0x1a0007f8                xQueueGenericReset
 .text.xQueueGenericCreate
                0x1a00089c       0x78 ./freertos/src/queue.o
                0x1a00089c                xQueueGenericCreate
 .text.xQueueGenericSend
                0x1a000914      0x110 ./freertos/src/queue.o
                0x1a000914                xQueueGenericSend
 .text.xQueueGenericSendFromISR
                0x1a000a24       0x88 ./freertos/src/queue.o
                0x1a000a24                xQueueGenericSendFromISR
 .text.xQueueGenericReceive
                0x1a000aac      0x16c ./freertos/src/queue.o
                0x1a000aac                xQueueGenericReceive
 .text.prvCopyDataToQueue
                0x1a000c18       0xce ./freertos/src/queue.o
 .text.prvCopyDataFromQueue
                0x1a000ce6       0x4c ./freertos/src/queue.o
 .text.prvUnlockQueue
                0x1a000d32       0x98 ./freertos/src/queue.o
 .text.prvIsQueueEmpty
                0x1a000dca       0x2c ./freertos/src/queue.o
 .text.prvIsQueueFull
                0x1a000df6       0x30 ./freertos/src/queue.o
 *fill*         0x1a000e26        0x2 ff
 .text.__check_heap_overflow
                0x1a000e28       0x30 ./freertos/src/redlib_memfix.o
                0x1a000e28                __check_heap_overflow
 .text.xTaskGenericCreate
                0x1a000e58      0x140 ./freertos/src/tasks.o
                0x1a000e58                xTaskGenericCreate
 .text.vTaskDelayUntil
                0x1a000f98       0x98 ./freertos/src/tasks.o
                0x1a000f98                vTaskDelayUntil
 .text.vTaskStartScheduler
                0x1a001030       0x58 ./freertos/src/tasks.o
                0x1a001030                vTaskStartScheduler
 .text.vTaskSuspendAll
                0x1a001088       0x1c ./freertos/src/tasks.o
                0x1a001088                vTaskSuspendAll
 .text.prvGetExpectedIdleTime
                0x1a0010a4       0x50 ./freertos/src/tasks.o
 .text.xTaskResumeAll
                0x1a0010f4       0xfc ./freertos/src/tasks.o
                0x1a0010f4                xTaskResumeAll
 .text.xTaskGetTickCount
                0x1a0011f0       0x24 ./freertos/src/tasks.o
                0x1a0011f0                xTaskGetTickCount
 .text.vTaskStepTick
                0x1a001214       0x24 ./freertos/src/tasks.o
                0x1a001214                vTaskStepTick
 .text.xTaskIncrementTick
                0x1a001238      0x15c ./freertos/src/tasks.o
                0x1a001238                xTaskIncrementTick
 .text.vTaskSwitchContext
                0x1a001394       0x9c ./freertos/src/tasks.o
                0x1a001394                vTaskSwitchContext
 .text.vTaskPlaceOnEventList
                0x1a001430       0x60 ./freertos/src/tasks.o
                0x1a001430                vTaskPlaceOnEventList
 .text.xTaskRemoveFromEventList
                0x1a001490       0xac ./freertos/src/tasks.o
                0x1a001490                xTaskRemoveFromEventList
 .text.vTaskSetTimeOutState
                0x1a00153c       0x2c ./freertos/src/tasks.o
                0x1a00153c                vTaskSetTimeOutState
 .text.xTaskCheckForTimeOut
                0x1a001568       0x88 ./freertos/src/tasks.o
                0x1a001568                xTaskCheckForTimeOut
 .text.vTaskMissedYield
                0x1a0015f0       0x18 ./freertos/src/tasks.o
                0x1a0015f0                vTaskMissedYield
 .text.prvIdleTask
                0x1a001608       0x48 ./freertos/src/tasks.o
 .text.eTaskConfirmSleepModeStatus
                0x1a001650       0x5c ./freertos/src/tasks.o
                0x1a001650                eTaskConfirmSleepModeStatus
 .text.prvInitialiseTCBVariables
                0x1a0016ac       0x94 ./freertos/src/tasks.o
 .text.prvInitialiseTaskLists
                0x1a001740       0x80 ./freertos/src/tasks.o
 .text.prvCheckTasksWaitingTermination
                0x1a0017c0       0x78 ./freertos/src/tasks.o
 .text.prvAddCurrentTaskToDelayedList
                0x1a001838       0x6c ./freertos/src/tasks.o
 .text.prvAllocateTCBAndStack
                0x1a0018a4       0x62 ./freertos/src/tasks.o
 .text.prvDeleteTCB
                0x1a001906       0x20 ./freertos/src/tasks.o
 *fill*         0x1a001926        0x2 ff
 .text.prvResetNextTaskUnblockTime
                0x1a001928       0x4c ./freertos/src/tasks.o
 .text.xTaskGetCurrentTaskHandle
                0x1a001974       0x20 ./freertos/src/tasks.o
                0x1a001974                xTaskGetCurrentTaskHandle
 .text.vTaskPriorityInherit
                0x1a001994       0xbc ./freertos/src/tasks.o
                0x1a001994                vTaskPriorityInherit
 .text.vTaskPriorityDisinherit
                0x1a001a50       0x84 ./freertos/src/tasks.o
                0x1a001a50                vTaskPriorityDisinherit
 .text.ResetISR
                0x1a001ad4       0xc4 ./example/src/cr_startup_lpc43xx.o
                0x1a001ad4                ResetISR
 .text.NVIC_EnableIRQ
                0x1a001b98       0x34 ./example/src/freertos_examples_10_to_16.o
 .text.NVIC_SetPendingIRQ
                0x1a001bcc       0x34 ./example/src/freertos_examples_10_to_16.o
 .text.NVIC_ClearPendingIRQ
                0x1a001c00       0x34 ./example/src/freertos_examples_10_to_16.o
 .text.NVIC_SetPriority
                0x1a001c34       0x54 ./example/src/freertos_examples_10_to_16.o
 .text.prvSetupHardware
                0x1a001c88       0x18 ./example/src/freertos_examples_10_to_16.o
 .text.prvSetupSoftwareInterrupt
                0x1a001ca0       0x16 ./example/src/freertos_examples_10_to_16.o
 *fill*         0x1a001cb6        0x2 ff
 .text.DAC_IRQHandler
                0x1a001cb8       0x4c ./example/src/freertos_examples_10_to_16.o
                0x1a001cb8                DAC_IRQHandler
 .text.vTask2   0x1a001d04       0x38 ./example/src/freertos_examples_10_to_16.o
 .text.vTask3   0x1a001d3c       0x34 ./example/src/freertos_examples_10_to_16.o
 .text.vPeriodicTask1
                0x1a001d70       0x40 ./example/src/freertos_examples_10_to_16.o
 .text.main     0x1a001db0       0xf0 ./example/src/freertos_examples_10_to_16.o
                0x1a001db0                main
 .text.SystemInit
                0x1a001ea0       0x28 ./example/src/sysinit.o
                0x1a001ea0                SystemInit
 .text.Chip_SCU_PinMuxSet
                0x1a001ec8       0x34 D:\FG\MMM2\Sistemas_embebidos\Workspaces_para_MCUXpressoide\workspace-EDU_CIAA_NXP-TP3_v2\lpc_board_nxp_lpcxpresso_4337\Debug\liblpc_board_nxp_lpcxpresso_4337.a(board.o)
 .text.Chip_ENET_RMIIEnable
                0x1a001efc       0x28 D:\FG\MMM2\Sistemas_embebidos\Workspaces_para_MCUXpressoide\workspace-EDU_CIAA_NXP-TP3_v2\lpc_board_nxp_lpcxpresso_4337\Debug\liblpc_board_nxp_lpcxpresso_4337.a(board.o)
 .text.Chip_GPIO_SetPinState
                0x1a001f24       0x38 D:\FG\MMM2\Sistemas_embebidos\Workspaces_para_MCUXpressoide\workspace-EDU_CIAA_NXP-TP3_v2\lpc_board_nxp_lpcxpresso_4337\Debug\liblpc_board_nxp_lpcxpresso_4337.a(board.o)
 .text.Chip_GPIO_GetPinState
                0x1a001f5c       0x36 D:\FG\MMM2\Sistemas_embebidos\Workspaces_para_MCUXpressoide\workspace-EDU_CIAA_NXP-TP3_v2\lpc_board_nxp_lpcxpresso_4337\Debug\liblpc_board_nxp_lpcxpresso_4337.a(board.o)
 .text.Chip_GPIO_SetPinDIROutput
                0x1a001f92       0x3e D:\FG\MMM2\Sistemas_embebidos\Workspaces_para_MCUXpressoide\workspace-EDU_CIAA_NXP-TP3_v2\lpc_board_nxp_lpcxpresso_4337\Debug\liblpc_board_nxp_lpcxpresso_4337.a(board.o)
 .text.Chip_GPIO_SetPinDIRInput
                0x1a001fd0       0x40 D:\FG\MMM2\Sistemas_embebidos\Workspaces_para_MCUXpressoide\workspace-EDU_CIAA_NXP-TP3_v2\lpc_board_nxp_lpcxpresso_4337\Debug\liblpc_board_nxp_lpcxpresso_4337.a(board.o)
 .text.Chip_UART_TXEnable
                0x1a002010       0x1a D:\FG\MMM2\Sistemas_embebidos\Workspaces_para_MCUXpressoide\workspace-EDU_CIAA_NXP-TP3_v2\lpc_board_nxp_lpcxpresso_4337\Debug\liblpc_board_nxp_lpcxpresso_4337.a(board.o)
 .text.Chip_UART_SendByte
                0x1a00202a       0x1e D:\FG\MMM2\Sistemas_embebidos\Workspaces_para_MCUXpressoide\workspace-EDU_CIAA_NXP-TP3_v2\lpc_board_nxp_lpcxpresso_4337\Debug\liblpc_board_nxp_lpcxpresso_4337.a(board.o)
 .text.Chip_UART_ConfigData
                0x1a002048       0x1c D:\FG\MMM2\Sistemas_embebidos\Workspaces_para_MCUXpressoide\workspace-EDU_CIAA_NXP-TP3_v2\lpc_board_nxp_lpcxpresso_4337\Debug\liblpc_board_nxp_lpcxpresso_4337.a(board.o)
 .text.Chip_UART_ReadLineStatus
                0x1a002064       0x18 D:\FG\MMM2\Sistemas_embebidos\Workspaces_para_MCUXpressoide\workspace-EDU_CIAA_NXP-TP3_v2\lpc_board_nxp_lpcxpresso_4337\Debug\liblpc_board_nxp_lpcxpresso_4337.a(board.o)
 .text.__sys_write
                0x1a00207c       0x38 D:\FG\MMM2\Sistemas_embebidos\Workspaces_para_MCUXpressoide\workspace-EDU_CIAA_NXP-TP3_v2\lpc_board_nxp_lpcxpresso_4337\Debug\liblpc_board_nxp_lpcxpresso_4337.a(board.o)
                0x1a00207c                __sys_write
 .text.Board_UART_Init
                0x1a0020b4       0x24 D:\FG\MMM2\Sistemas_embebidos\Workspaces_para_MCUXpressoide\workspace-EDU_CIAA_NXP-TP3_v2\lpc_board_nxp_lpcxpresso_4337\Debug\liblpc_board_nxp_lpcxpresso_4337.a(board.o)
                0x1a0020b4                Board_UART_Init
 .text.Board_Debug_Init
                0x1a0020d8       0x30 D:\FG\MMM2\Sistemas_embebidos\Workspaces_para_MCUXpressoide\workspace-EDU_CIAA_NXP-TP3_v2\lpc_board_nxp_lpcxpresso_4337\Debug\liblpc_board_nxp_lpcxpresso_4337.a(board.o)
                0x1a0020d8                Board_Debug_Init
 .text.Board_UARTPutChar
                0x1a002108       0x34 D:\FG\MMM2\Sistemas_embebidos\Workspaces_para_MCUXpressoide\workspace-EDU_CIAA_NXP-TP3_v2\lpc_board_nxp_lpcxpresso_4337\Debug\liblpc_board_nxp_lpcxpresso_4337.a(board.o)
                0x1a002108                Board_UARTPutChar
 .text.Board_LED_Init
                0x1a00213c       0x5c D:\FG\MMM2\Sistemas_embebidos\Workspaces_para_MCUXpressoide\workspace-EDU_CIAA_NXP-TP3_v2\lpc_board_nxp_lpcxpresso_4337\Debug\liblpc_board_nxp_lpcxpresso_4337.a(board.o)
 .text.Board_LED_Set
                0x1a002198       0x48 D:\FG\MMM2\Sistemas_embebidos\Workspaces_para_MCUXpressoide\workspace-EDU_CIAA_NXP-TP3_v2\lpc_board_nxp_lpcxpresso_4337\Debug\liblpc_board_nxp_lpcxpresso_4337.a(board.o)
                0x1a002198                Board_LED_Set
 .text.Board_LED_Test
                0x1a0021e0       0x48 D:\FG\MMM2\Sistemas_embebidos\Workspaces_para_MCUXpressoide\workspace-EDU_CIAA_NXP-TP3_v2\lpc_board_nxp_lpcxpresso_4337\Debug\liblpc_board_nxp_lpcxpresso_4337.a(board.o)
                0x1a0021e0                Board_LED_Test
 .text.Board_LED_Toggle
                0x1a002228       0x3c D:\FG\MMM2\Sistemas_embebidos\Workspaces_para_MCUXpressoide\workspace-EDU_CIAA_NXP-TP3_v2\lpc_board_nxp_lpcxpresso_4337\Debug\liblpc_board_nxp_lpcxpresso_4337.a(board.o)
                0x1a002228                Board_LED_Toggle
 .text.Board_Buttons_Init
                0x1a002264       0x44 D:\FG\MMM2\Sistemas_embebidos\Workspaces_para_MCUXpressoide\workspace-EDU_CIAA_NXP-TP3_v2\lpc_board_nxp_lpcxpresso_4337\Debug\liblpc_board_nxp_lpcxpresso_4337.a(board.o)
                0x1a002264                Board_Buttons_Init
 .text.Board_Init
                0x1a0022a8       0x28 D:\FG\MMM2\Sistemas_embebidos\Workspaces_para_MCUXpressoide\workspace-EDU_CIAA_NXP-TP3_v2\lpc_board_nxp_lpcxpresso_4337\Debug\liblpc_board_nxp_lpcxpresso_4337.a(board.o)
                0x1a0022a8                Board_Init
 .text.Chip_SCU_PinMuxSet
                0x1a0022d0       0x34 D:\FG\MMM2\Sistemas_embebidos\Workspaces_para_MCUXpressoide\workspace-EDU_CIAA_NXP-TP3_v2\lpc_board_nxp_lpcxpresso_4337\Debug\liblpc_board_nxp_lpcxpresso_4337.a(board_sysinit.o)
 .text.Chip_SCU_SetPinMuxing
                0x1a002304       0x4a D:\FG\MMM2\Sistemas_embebidos\Workspaces_para_MCUXpressoide\workspace-EDU_CIAA_NXP-TP3_v2\lpc_board_nxp_lpcxpresso_4337\Debug\liblpc_board_nxp_lpcxpresso_4337.a(board_sysinit.o)
 *fill*         0x1a00234e        0x2 ff
 .text.Chip_CREG_SetFlashAcceleration
                0x1a002350       0x54 D:\FG\MMM2\Sistemas_embebidos\Workspaces_para_MCUXpressoide\workspace-EDU_CIAA_NXP-TP3_v2\lpc_board_nxp_lpcxpresso_4337\Debug\liblpc_board_nxp_lpcxpresso_4337.a(board_sysinit.o)
 .text.Board_SetupMuxing
                0x1a0023a4       0x14 D:\FG\MMM2\Sistemas_embebidos\Workspaces_para_MCUXpressoide\workspace-EDU_CIAA_NXP-TP3_v2\lpc_board_nxp_lpcxpresso_4337\Debug\liblpc_board_nxp_lpcxpresso_4337.a(board_sysinit.o)
                0x1a0023a4                Board_SetupMuxing
 .text.Board_SetupClocking
                0x1a0023b8       0x84 D:\FG\MMM2\Sistemas_embebidos\Workspaces_para_MCUXpressoide\workspace-EDU_CIAA_NXP-TP3_v2\lpc_board_nxp_lpcxpresso_4337\Debug\liblpc_board_nxp_lpcxpresso_4337.a(board_sysinit.o)
                0x1a0023b8                Board_SetupClocking
 .text.Board_SystemInit
                0x1a00243c       0x10 D:\FG\MMM2\Sistemas_embebidos\Workspaces_para_MCUXpressoide\workspace-EDU_CIAA_NXP-TP3_v2\lpc_board_nxp_lpcxpresso_4337\Debug\liblpc_board_nxp_lpcxpresso_4337.a(board_sysinit.o)
                0x1a00243c                Board_SystemInit
 .text.SystemCoreClockUpdate
                0x1a00244c       0x18 D:\FG\MMM2\Sistemas_embebidos\Workspaces_para_MCUXpressoide\workspace-EDU_CIAA_NXP-TP3_v2\lpc_chip_43xx\Debug\liblpc_chip_43xx.a(chip_18xx_43xx.o)
                0x1a00244c                SystemCoreClockUpdate
 .text.ABS      0x1a002464       0x22 D:\FG\MMM2\Sistemas_embebidos\Workspaces_para_MCUXpressoide\workspace-EDU_CIAA_NXP-TP3_v2\lpc_chip_43xx\Debug\liblpc_chip_43xx.a(clock_18xx_43xx.o)
 *fill*         0x1a002486        0x2 ff
 .text.pll_calc_divs
                0x1a002488      0x124 D:\FG\MMM2\Sistemas_embebidos\Workspaces_para_MCUXpressoide\workspace-EDU_CIAA_NXP-TP3_v2\lpc_chip_43xx\Debug\liblpc_chip_43xx.a(clock_18xx_43xx.o)
 .text.pll_get_frac
                0x1a0025ac      0x176 D:\FG\MMM2\Sistemas_embebidos\Workspaces_para_MCUXpressoide\workspace-EDU_CIAA_NXP-TP3_v2\lpc_chip_43xx\Debug\liblpc_chip_43xx.a(clock_18xx_43xx.o)
 .text.Chip_Clock_GetDivRate
                0x1a002722       0x40 D:\FG\MMM2\Sistemas_embebidos\Workspaces_para_MCUXpressoide\workspace-EDU_CIAA_NXP-TP3_v2\lpc_chip_43xx\Debug\liblpc_chip_43xx.a(clock_18xx_43xx.o)
 *fill*         0x1a002762        0x2 ff
 .text.Chip_Clock_FindBaseClock
                0x1a002764       0x90 D:\FG\MMM2\Sistemas_embebidos\Workspaces_para_MCUXpressoide\workspace-EDU_CIAA_NXP-TP3_v2\lpc_chip_43xx\Debug\liblpc_chip_43xx.a(clock_18xx_43xx.o)
 .text.Chip_Clock_EnableCrystal
                0x1a0027f4       0x70 D:\FG\MMM2\Sistemas_embebidos\Workspaces_para_MCUXpressoide\workspace-EDU_CIAA_NXP-TP3_v2\lpc_chip_43xx\Debug\liblpc_chip_43xx.a(clock_18xx_43xx.o)
                0x1a0027f4                Chip_Clock_EnableCrystal
 .text.Chip_Clock_CalcMainPLLValue
                0x1a002864       0xd8 D:\FG\MMM2\Sistemas_embebidos\Workspaces_para_MCUXpressoide\workspace-EDU_CIAA_NXP-TP3_v2\lpc_chip_43xx\Debug\liblpc_chip_43xx.a(clock_18xx_43xx.o)
                0x1a002864                Chip_Clock_CalcMainPLLValue
 .text.Chip_Clock_GetMainPLLHz
                0x1a00293c       0xc0 D:\FG\MMM2\Sistemas_embebidos\Workspaces_para_MCUXpressoide\workspace-EDU_CIAA_NXP-TP3_v2\lpc_chip_43xx\Debug\liblpc_chip_43xx.a(clock_18xx_43xx.o)
                0x1a00293c                Chip_Clock_GetMainPLLHz
 .text.Chip_Clock_GetDividerSource
                0x1a0029fc       0x40 D:\FG\MMM2\Sistemas_embebidos\Workspaces_para_MCUXpressoide\workspace-EDU_CIAA_NXP-TP3_v2\lpc_chip_43xx\Debug\liblpc_chip_43xx.a(clock_18xx_43xx.o)
                0x1a0029fc                Chip_Clock_GetDividerSource
 .text.Chip_Clock_GetDividerDivisor
                0x1a002a3c       0x38 D:\FG\MMM2\Sistemas_embebidos\Workspaces_para_MCUXpressoide\workspace-EDU_CIAA_NXP-TP3_v2\lpc_chip_43xx\Debug\liblpc_chip_43xx.a(clock_18xx_43xx.o)
                0x1a002a3c                Chip_Clock_GetDividerDivisor
 .text.Chip_Clock_GetClockInputHz
                0x1a002a74      0x140 D:\FG\MMM2\Sistemas_embebidos\Workspaces_para_MCUXpressoide\workspace-EDU_CIAA_NXP-TP3_v2\lpc_chip_43xx\Debug\liblpc_chip_43xx.a(clock_18xx_43xx.o)
                0x1a002a74                Chip_Clock_GetClockInputHz
 .text.Chip_Clock_GetBaseClocktHz
                0x1a002bb4       0x24 D:\FG\MMM2\Sistemas_embebidos\Workspaces_para_MCUXpressoide\workspace-EDU_CIAA_NXP-TP3_v2\lpc_chip_43xx\Debug\liblpc_chip_43xx.a(clock_18xx_43xx.o)
                0x1a002bb4                Chip_Clock_GetBaseClocktHz
 .text.Chip_Clock_SetBaseClock
                0x1a002bd8       0x9c D:\FG\MMM2\Sistemas_embebidos\Workspaces_para_MCUXpressoide\workspace-EDU_CIAA_NXP-TP3_v2\lpc_chip_43xx\Debug\liblpc_chip_43xx.a(clock_18xx_43xx.o)
                0x1a002bd8                Chip_Clock_SetBaseClock
 .text.Chip_Clock_GetBaseClock
                0x1a002c74       0x4c D:\FG\MMM2\Sistemas_embebidos\Workspaces_para_MCUXpressoide\workspace-EDU_CIAA_NXP-TP3_v2\lpc_chip_43xx\Debug\liblpc_chip_43xx.a(clock_18xx_43xx.o)
                0x1a002c74                Chip_Clock_GetBaseClock
 .text.Chip_Clock_EnableOpts
                0x1a002cc0       0x7c D:\FG\MMM2\Sistemas_embebidos\Workspaces_para_MCUXpressoide\workspace-EDU_CIAA_NXP-TP3_v2\lpc_chip_43xx\Debug\liblpc_chip_43xx.a(clock_18xx_43xx.o)
                0x1a002cc0                Chip_Clock_EnableOpts
 .text.Chip_Clock_GetRate
                0x1a002d3c       0x88 D:\FG\MMM2\Sistemas_embebidos\Workspaces_para_MCUXpressoide\workspace-EDU_CIAA_NXP-TP3_v2\lpc_chip_43xx\Debug\liblpc_chip_43xx.a(clock_18xx_43xx.o)
                0x1a002d3c                Chip_Clock_GetRate
 .text.fpuInit  0x1a002dc4       0x74 D:\FG\MMM2\Sistemas_embebidos\Workspaces_para_MCUXpressoide\workspace-EDU_CIAA_NXP-TP3_v2\lpc_chip_43xx\Debug\liblpc_chip_43xx.a(fpu_init.o)
                0x1a002dc4                fpuInit
 .text.Chip_GPIO_Init
                0x1a002e38       0x14 D:\FG\MMM2\Sistemas_embebidos\Workspaces_para_MCUXpressoide\workspace-EDU_CIAA_NXP-TP3_v2\lpc_chip_43xx\Debug\liblpc_chip_43xx.a(gpio_18xx_43xx.o)
                0x1a002e38                Chip_GPIO_Init
 .text.Chip_Clock_DisableMainPLL
                0x1a002e4c       0x20 D:\FG\MMM2\Sistemas_embebidos\Workspaces_para_MCUXpressoide\workspace-EDU_CIAA_NXP-TP3_v2\lpc_chip_43xx\Debug\liblpc_chip_43xx.a(sysinit_18xx_43xx.o)
 .text.Chip_Clock_SetupMainPLL
                0x1a002e6c       0x44 D:\FG\MMM2\Sistemas_embebidos\Workspaces_para_MCUXpressoide\workspace-EDU_CIAA_NXP-TP3_v2\lpc_chip_43xx\Debug\liblpc_chip_43xx.a(sysinit_18xx_43xx.o)
 .text.Chip_Clock_MainPLLLocked
                0x1a002eb0       0x24 D:\FG\MMM2\Sistemas_embebidos\Workspaces_para_MCUXpressoide\workspace-EDU_CIAA_NXP-TP3_v2\lpc_chip_43xx\Debug\liblpc_chip_43xx.a(sysinit_18xx_43xx.o)
 .text.Chip_SetupCoreClock
                0x1a002ed4      0x15c D:\FG\MMM2\Sistemas_embebidos\Workspaces_para_MCUXpressoide\workspace-EDU_CIAA_NXP-TP3_v2\lpc_chip_43xx\Debug\liblpc_chip_43xx.a(sysinit_18xx_43xx.o)
                0x1a002ed4                Chip_SetupCoreClock
 .text.Chip_UART_TXDisable
                0x1a003030       0x1a D:\FG\MMM2\Sistemas_embebidos\Workspaces_para_MCUXpressoide\workspace-EDU_CIAA_NXP-TP3_v2\lpc_chip_43xx\Debug\liblpc_chip_43xx.a(uart_18xx_43xx.o)
 .text.Chip_UART_SetupFIFOS
                0x1a00304a       0x1c D:\FG\MMM2\Sistemas_embebidos\Workspaces_para_MCUXpressoide\workspace-EDU_CIAA_NXP-TP3_v2\lpc_chip_43xx\Debug\liblpc_chip_43xx.a(uart_18xx_43xx.o)
 .text.Chip_UART_ConfigData
                0x1a003066       0x1c D:\FG\MMM2\Sistemas_embebidos\Workspaces_para_MCUXpressoide\workspace-EDU_CIAA_NXP-TP3_v2\lpc_chip_43xx\Debug\liblpc_chip_43xx.a(uart_18xx_43xx.o)
 .text.Chip_UART_EnableDivisorAccess
                0x1a003082       0x20 D:\FG\MMM2\Sistemas_embebidos\Workspaces_para_MCUXpressoide\workspace-EDU_CIAA_NXP-TP3_v2\lpc_chip_43xx\Debug\liblpc_chip_43xx.a(uart_18xx_43xx.o)
 .text.Chip_UART_DisableDivisorAccess
                0x1a0030a2       0x20 D:\FG\MMM2\Sistemas_embebidos\Workspaces_para_MCUXpressoide\workspace-EDU_CIAA_NXP-TP3_v2\lpc_chip_43xx\Debug\liblpc_chip_43xx.a(uart_18xx_43xx.o)
 .text.Chip_UART_SetDivisorLatches
                0x1a0030c2       0x28 D:\FG\MMM2\Sistemas_embebidos\Workspaces_para_MCUXpressoide\workspace-EDU_CIAA_NXP-TP3_v2\lpc_chip_43xx\Debug\liblpc_chip_43xx.a(uart_18xx_43xx.o)
 *fill*         0x1a0030ea        0x2 ff
 .text.Chip_UART_GetIndex
                0x1a0030ec       0x68 D:\FG\MMM2\Sistemas_embebidos\Workspaces_para_MCUXpressoide\workspace-EDU_CIAA_NXP-TP3_v2\lpc_chip_43xx\Debug\liblpc_chip_43xx.a(uart_18xx_43xx.o)
 .text.Chip_UART_Init
                0x1a003154       0x84 D:\FG\MMM2\Sistemas_embebidos\Workspaces_para_MCUXpressoide\workspace-EDU_CIAA_NXP-TP3_v2\lpc_chip_43xx\Debug\liblpc_chip_43xx.a(uart_18xx_43xx.o)
                0x1a003154                Chip_UART_Init
 .text.Chip_UART_SetBaudFDR
                0x1a0031d8      0x16c D:\FG\MMM2\Sistemas_embebidos\Workspaces_para_MCUXpressoide\workspace-EDU_CIAA_NXP-TP3_v2\lpc_chip_43xx\Debug\liblpc_chip_43xx.a(uart_18xx_43xx.o)
                0x1a0031d8                Chip_UART_SetBaudFDR
 .text.__main   0x1a003344        0xe d:/nxp/mcuxpressoide_11.0.1_2563/ide/plugins/com.nxp.mcuxpresso.tools.win32_11.0.1.201907311258/tools/bin/../lib/gcc/arm-none-eabi/8.2.1/../../../../arm-none-eabi/lib/thumb/v7e-m+fp/softfp\libcr_nohost.a(_cr__main.o)
                0x1a003344                __main
 .text.memcpy   0x1a003352        0x4 d:/nxp/mcuxpressoide_11.0.1_2563/ide/plugins/com.nxp.mcuxpresso.tools.win32_11.0.1.201907311258/tools/bin/../lib/gcc/arm-none-eabi/8.2.1/../../../../arm-none-eabi/lib/thumb/v7e-m+fp/softfp\libcr_c.a(memcpy.o)
                0x1a003352                memcpy
 .text.memset   0x1a003356        0x4 d:/nxp/mcuxpressoide_11.0.1_2563/ide/plugins/com.nxp.mcuxpresso.tools.win32_11.0.1.201907311258/tools/bin/../lib/gcc/arm-none-eabi/8.2.1/../../../../arm-none-eabi/lib/thumb/v7e-m+fp/softfp\libcr_c.a(memset.o)
                0x1a003356                memset
 *fill*         0x1a00335a        0x2 ff
 .text.malloc   0x1a00335c       0xc8 d:/nxp/mcuxpressoide_11.0.1_2563/ide/plugins/com.nxp.mcuxpresso.tools.win32_11.0.1.201907311258/tools/bin/../lib/gcc/arm-none-eabi/8.2.1/../../../../arm-none-eabi/lib/thumb/v7e-m+fp/softfp\libcr_c.a(alloc.o)
                0x1a00335c                malloc
 .text.free     0x1a003424       0x30 d:/nxp/mcuxpressoide_11.0.1_2563/ide/plugins/com.nxp.mcuxpresso.tools.win32_11.0.1.201907311258/tools/bin/../lib/gcc/arm-none-eabi/8.2.1/../../../../arm-none-eabi/lib/thumb/v7e-m+fp/softfp\libcr_c.a(alloc.o)
                0x1a003424                free
 .text._Csys_alloc
                0x1a003454       0x20 d:/nxp/mcuxpressoide_11.0.1_2563/ide/plugins/com.nxp.mcuxpresso.tools.win32_11.0.1.201907311258/tools/bin/../lib/gcc/arm-none-eabi/8.2.1/../../../../arm-none-eabi/lib/thumb/v7e-m+fp/softfp\libcr_c.a(alloc.o)
                0x1a003454                _Csys_alloc
 .text.fp_round
                0x1a003474       0x4e d:/nxp/mcuxpressoide_11.0.1_2563/ide/plugins/com.nxp.mcuxpresso.tools.win32_11.0.1.201907311258/tools/bin/../lib/gcc/arm-none-eabi/8.2.1/../../../../arm-none-eabi/lib/thumb/v7e-m+fp/softfp\libcr_c.a(fpprintf.o)
 .text.pr_dec.constprop.1
                0x1a0034c2       0x26 d:/nxp/mcuxpressoide_11.0.1_2563/ide/plugins/com.nxp.mcuxpresso.tools.win32_11.0.1.201907311258/tools/bin/../lib/gcc/arm-none-eabi/8.2.1/../../../../arm-none-eabi/lib/thumb/v7e-m+fp/softfp\libcr_c.a(fpprintf.o)
 .text.sprintf  0x1a0034e8       0x6c d:/nxp/mcuxpressoide_11.0.1_2563/ide/plugins/com.nxp.mcuxpresso.tools.win32_11.0.1.201907311258/tools/bin/../lib/gcc/arm-none-eabi/8.2.1/../../../../arm-none-eabi/lib/thumb/v7e-m+fp/softfp\libcr_c.a(fpprintf.o)
                0x1a0034e8                sprintf
 *fill*         0x1a003554        0x4 ff
 .text.fp_display
                0x1a003558      0x954 d:/nxp/mcuxpressoide_11.0.1_2563/ide/plugins/com.nxp.mcuxpresso.tools.win32_11.0.1.201907311258/tools/bin/../lib/gcc/arm-none-eabi/8.2.1/../../../../arm-none-eabi/lib/thumb/v7e-m+fp/softfp\libcr_c.a(fpprintf.o)
 .text.vsnprintf
                0x1a003eac       0x68 d:/nxp/mcuxpressoide_11.0.1_2563/ide/plugins/com.nxp.mcuxpresso.tools.win32_11.0.1.201907311258/tools/bin/../lib/gcc/arm-none-eabi/8.2.1/../../../../arm-none-eabi/lib/thumb/v7e-m+fp/softfp\libcr_c.a(fpprintf.o)
                0x1a003eac                vsnprintf
 .text.printf   0x1a003f14       0x54 d:/nxp/mcuxpressoide_11.0.1_2563/ide/plugins/com.nxp.mcuxpresso.tools.win32_11.0.1.201907311258/tools/bin/../lib/gcc/arm-none-eabi/8.2.1/../../../../arm-none-eabi/lib/thumb/v7e-m+fp/softfp\libcr_c.a(fpprintf.o)
                0x1a003f14                printf
 .text._initio  0x1a003f68       0x78 d:/nxp/mcuxpressoide_11.0.1_2563/ide/plugins/com.nxp.mcuxpresso.tools.win32_11.0.1.201907311258/tools/bin/../lib/gcc/arm-none-eabi/8.2.1/../../../../arm-none-eabi/lib/thumb/v7e-m+fp/softfp\libcr_c.a(initio.o)
                0x1a003f68                _initio
 .text.__vfprintf
                0x1a003fe0      0xbe0 d:/nxp/mcuxpressoide_11.0.1_2563/ide/plugins/com.nxp.mcuxpresso.tools.win32_11.0.1.201907311258/tools/bin/../lib/gcc/arm-none-eabi/8.2.1/../../../../arm-none-eabi/lib/thumb/v7e-m+fp/softfp\libcr_c.a(printf.o)
                0x1a003fe0                __vfprintf
 .text.setvbuf  0x1a004bc0       0x40 d:/nxp/mcuxpressoide_11.0.1_2563/ide/plugins/com.nxp.mcuxpresso.tools.win32_11.0.1.201907311258/tools/bin/../lib/gcc/arm-none-eabi/8.2.1/../../../../arm-none-eabi/lib/thumb/v7e-m+fp/softfp\libcr_c.a(setvbuf.o)
                0x1a004bc0                setvbuf
 .text.strlen   0x1a004c00       0x4c d:/nxp/mcuxpressoide_11.0.1_2563/ide/plugins/com.nxp.mcuxpresso.tools.win32_11.0.1.201907311258/tools/bin/../lib/gcc/arm-none-eabi/8.2.1/../../../../arm-none-eabi/lib/thumb/v7e-m+fp/softfp\libcr_c.a(strlen.o)
                0x1a004c00                strlen
 .text._sbrk    0x1a004c4c       0x3c d:/nxp/mcuxpressoide_11.0.1_2563/ide/plugins/com.nxp.mcuxpresso.tools.win32_11.0.1.201907311258/tools/bin/../lib/gcc/arm-none-eabi/8.2.1/../../../../arm-none-eabi/lib/thumb/v7e-m+fp/softfp\libcr_c.a(_cr_sbrk.o)
                0x1a004c4c                _sbrk
 .text._deferredlazyseek
                0x1a004c88       0x40 d:/nxp/mcuxpressoide_11.0.1_2563/ide/plugins/com.nxp.mcuxpresso.tools.win32_11.0.1.201907311258/tools/bin/../lib/gcc/arm-none-eabi/8.2.1/../../../../arm-none-eabi/lib/thumb/v7e-m+fp/softfp\libcr_c.a(_deferredlazyseek.o)
                0x1a004c88                _deferredlazyseek
 .text.__flsbuf
                0x1a004cc8      0x140 d:/nxp/mcuxpressoide_11.0.1_2563/ide/plugins/com.nxp.mcuxpresso.tools.win32_11.0.1.201907311258/tools/bin/../lib/gcc/arm-none-eabi/8.2.1/../../../../arm-none-eabi/lib/thumb/v7e-m+fp/softfp\libcr_c.a(_deferredlazyseek.o)
                0x1a004cc8                __flsbuf
 .text._fdopen  0x1a004e08       0x68 d:/nxp/mcuxpressoide_11.0.1_2563/ide/plugins/com.nxp.mcuxpresso.tools.win32_11.0.1.201907311258/tools/bin/../lib/gcc/arm-none-eabi/8.2.1/../../../../arm-none-eabi/lib/thumb/v7e-m+fp/softfp\libcr_c.a(_fdopen.o)
                0x1a004e08                _fdopen
 .text._fflush  0x1a004e70       0x52 d:/nxp/mcuxpressoide_11.0.1_2563/ide/plugins/com.nxp.mcuxpresso.tools.win32_11.0.1.201907311258/tools/bin/../lib/gcc/arm-none-eabi/8.2.1/../../../../arm-none-eabi/lib/thumb/v7e-m+fp/softfp\libcr_c.a(_fflush.o)
                0x1a004e70                _fflush
 .text._frexpl  0x1a004ec2       0x56 d:/nxp/mcuxpressoide_11.0.1_2563/ide/plugins/com.nxp.mcuxpresso.tools.win32_11.0.1.201907311258/tools/bin/../lib/gcc/arm-none-eabi/8.2.1/../../../../arm-none-eabi/lib/thumb/v7e-m+fp/softfp\libcr_c.a(_frexpl.o)
                0x1a004ec2                _frexpl
 .text._ldexpl  0x1a004f18       0x48 d:/nxp/mcuxpressoide_11.0.1_2563/ide/plugins/com.nxp.mcuxpresso.tools.win32_11.0.1.201907311258/tools/bin/../lib/gcc/arm-none-eabi/8.2.1/../../../../arm-none-eabi/lib/thumb/v7e-m+fp/softfp\libcr_c.a(_ldexpl.o)
                0x1a004f18                _ldexpl
 .text._Cwritebuf
                0x1a004f60       0x6c d:/nxp/mcuxpressoide_11.0.1_2563/ide/plugins/com.nxp.mcuxpresso.tools.win32_11.0.1.201907311258/tools/bin/../lib/gcc/arm-none-eabi/8.2.1/../../../../arm-none-eabi/lib/thumb/v7e-m+fp/softfp\libcr_c.a(_writebuf.o)
                0x1a004f60                _Cwritebuf
 .text.fclose   0x1a004fcc       0x58 d:/nxp/mcuxpressoide_11.0.1_2563/ide/plugins/com.nxp.mcuxpresso.tools.win32_11.0.1.201907311258/tools/bin/../lib/gcc/arm-none-eabi/8.2.1/../../../../arm-none-eabi/lib/thumb/v7e-m+fp/softfp\libcr_c.a(fclose.o)
                0x1a004fcc                fclose
 .text.fflush   0x1a005024       0x44 d:/nxp/mcuxpressoide_11.0.1_2563/ide/plugins/com.nxp.mcuxpresso.tools.win32_11.0.1.201907311258/tools/bin/../lib/gcc/arm-none-eabi/8.2.1/../../../../arm-none-eabi/lib/thumb/v7e-m+fp/softfp\libcr_c.a(fflush.o)
                0x1a005024                fflush
 .text.fseek    0x1a005068      0x100 d:/nxp/mcuxpressoide_11.0.1_2563/ide/plugins/com.nxp.mcuxpresso.tools.win32_11.0.1.201907311258/tools/bin/../lib/gcc/arm-none-eabi/8.2.1/../../../../arm-none-eabi/lib/thumb/v7e-m+fp/softfp\libcr_c.a(fseek.o)
                0x1a005068                fseek
 .text.ftell    0x1a005168       0x48 d:/nxp/mcuxpressoide_11.0.1_2563/ide/plugins/com.nxp.mcuxpresso.tools.win32_11.0.1.201907311258/tools/bin/../lib/gcc/arm-none-eabi/8.2.1/../../../../arm-none-eabi/lib/thumb/v7e-m+fp/softfp\libcr_c.a(ftell.o)
                0x1a005168                ftell
 .text.remove   0x1a0051b0       0x14 d:/nxp/mcuxpressoide_11.0.1_2563/ide/plugins/com.nxp.mcuxpresso.tools.win32_11.0.1.201907311258/tools/bin/../lib/gcc/arm-none-eabi/8.2.1/../../../../arm-none-eabi/lib/thumb/v7e-m+fp/softfp\libcr_c.a(remove.o)
                0x1a0051b0                remove
 .text._do_fflush
                0x1a0051c4       0x40 d:/nxp/mcuxpressoide_11.0.1_2563/ide/plugins/com.nxp.mcuxpresso.tools.win32_11.0.1.201907311258/tools/bin/../lib/gcc/arm-none-eabi/8.2.1/../../../../arm-none-eabi/lib/thumb/v7e-m+fp/softfp\libcr_c.a(_do_fflush.o)
                0x1a0051c4                _do_fflush
 .text.__aeabi_division_uldivmod
                0x1a005204      0x174 d:/nxp/mcuxpressoide_11.0.1_2563/ide/plugins/com.nxp.mcuxpresso.tools.win32_11.0.1.201907311258/tools/bin/../lib/gcc/arm-none-eabi/8.2.1/thumb/v7e-m+fp/softfp\libcr_eabihelpers.a(division_64.o)
                0x1a005204                __aeabi_uldivmod
                0x1a005208                __bhs_ldivmod1
 .text.__aeabi_division_idiv0
                0x1a005378        0x2 d:/nxp/mcuxpressoide_11.0.1_2563/ide/plugins/com.nxp.mcuxpresso.tools.win32_11.0.1.201907311258/tools/bin/../lib/gcc/arm-none-eabi/8.2.1/thumb/v7e-m+fp/softfp\libcr_eabihelpers.a(division_idiv0.o)
                0x1a005378                __aeabi_idiv0
 *fill*         0x1a00537a        0x2 ff
 .text.__aeabi_dmul
                0x1a00537c      0x114 d:/nxp/mcuxpressoide_11.0.1_2563/ide/plugins/com.nxp.mcuxpresso.tools.win32_11.0.1.201907311258/tools/bin/../lib/gcc/arm-none-eabi/8.2.1/thumb/v7e-m+fp/softfp\libcr_eabihelpers.a(double.o)
                0x1a00537c                __aeabi_dmul
 .text.__aeabi_ddiv
                0x1a005490      0x150 d:/nxp/mcuxpressoide_11.0.1_2563/ide/plugins/com.nxp.mcuxpresso.tools.win32_11.0.1.201907311258/tools/bin/../lib/gcc/arm-none-eabi/8.2.1/thumb/v7e-m+fp/softfp\libcr_eabihelpers.a(double.o)
                0x1a005490                __aeabi_ddiv
 .text.__aeabi_dsub
                0x1a0055e0      0x1ac d:/nxp/mcuxpressoide_11.0.1_2563/ide/plugins/com.nxp.mcuxpresso.tools.win32_11.0.1.201907311258/tools/bin/../lib/gcc/arm-none-eabi/8.2.1/thumb/v7e-m+fp/softfp\libcr_eabihelpers.a(double.o)
                0x1a0055e0                __aeabi_dsub
 .text.__aeabi_dadd
                0x1a00578c      0x114 d:/nxp/mcuxpressoide_11.0.1_2563/ide/plugins/com.nxp.mcuxpresso.tools.win32_11.0.1.201907311258/tools/bin/../lib/gcc/arm-none-eabi/8.2.1/thumb/v7e-m+fp/softfp\libcr_eabihelpers.a(double.o)
                0x1a00578c                __aeabi_dadd
 .text.__aeabi_d2iz
                0x1a0058a0       0x40 d:/nxp/mcuxpressoide_11.0.1_2563/ide/plugins/com.nxp.mcuxpresso.tools.win32_11.0.1.201907311258/tools/bin/../lib/gcc/arm-none-eabi/8.2.1/thumb/v7e-m+fp/softfp\libcr_eabihelpers.a(double.o)
                0x1a0058a0                __aeabi_d2iz
 .text.__bhs_ui2d
                0x1a0058e0       0x46 d:/nxp/mcuxpressoide_11.0.1_2563/ide/plugins/com.nxp.mcuxpresso.tools.win32_11.0.1.201907311258/tools/bin/../lib/gcc/arm-none-eabi/8.2.1/thumb/v7e-m+fp/softfp\libcr_eabihelpers.a(double.o)
                0x1a0058e0                __bhs_ui2d
 .text.__aeabi_i2d
                0x1a005926       0x12 d:/nxp/mcuxpressoide_11.0.1_2563/ide/plugins/com.nxp.mcuxpresso.tools.win32_11.0.1.201907311258/tools/bin/../lib/gcc/arm-none-eabi/8.2.1/thumb/v7e-m+fp/softfp\libcr_eabihelpers.a(double.o)
                0x1a005926                __aeabi_i2d
 .text.__aeabi_dcmpeq
                0x1a005938       0x2e d:/nxp/mcuxpressoide_11.0.1_2563/ide/plugins/com.nxp.mcuxpresso.tools.win32_11.0.1.201907311258/tools/bin/../lib/gcc/arm-none-eabi/8.2.1/thumb/v7e-m+fp/softfp\libcr_eabihelpers.a(double.o)
                0x1a005938                __aeabi_dcmpeq
 .text.__aeabi_dcmplt
                0x1a005966       0x56 d:/nxp/mcuxpressoide_11.0.1_2563/ide/plugins/com.nxp.mcuxpresso.tools.win32_11.0.1.201907311258/tools/bin/../lib/gcc/arm-none-eabi/8.2.1/thumb/v7e-m+fp/softfp\libcr_eabihelpers.a(double.o)
                0x1a005966                __aeabi_dcmplt
 .text.__aeabi_dcmple
                0x1a0059bc       0x56 d:/nxp/mcuxpressoide_11.0.1_2563/ide/plugins/com.nxp.mcuxpresso.tools.win32_11.0.1.201907311258/tools/bin/../lib/gcc/arm-none-eabi/8.2.1/thumb/v7e-m+fp/softfp\libcr_eabihelpers.a(double.o)
                0x1a0059bc                __aeabi_dcmple
 .text.__aeabi_dcmpge
                0x1a005a12       0x5c d:/nxp/mcuxpressoide_11.0.1_2563/ide/plugins/com.nxp.mcuxpresso.tools.win32_11.0.1.201907311258/tools/bin/../lib/gcc/arm-none-eabi/8.2.1/thumb/v7e-m+fp/softfp\libcr_eabihelpers.a(double.o)
                0x1a005a12                __aeabi_dcmpge
 .text.__aeabi_memcpy
                0x1a005a6e       0x34 d:/nxp/mcuxpressoide_11.0.1_2563/ide/plugins/com.nxp.mcuxpresso.tools.win32_11.0.1.201907311258/tools/bin/../lib/gcc/arm-none-eabi/8.2.1/thumb/v7e-m+fp/softfp\libcr_eabihelpers.a(memcpy.o)
                0x1a005a6e                __aeabi_memcpy
                0x1a005a78                __aeabi_memcpy8
                0x1a005a78                __aeabi_memcpy4
 .text.__aeabi_memset_lowlevel
                0x1a005aa2       0x32 d:/nxp/mcuxpressoide_11.0.1_2563/ide/plugins/com.nxp.mcuxpresso.tools.win32_11.0.1.201907311258/tools/bin/../lib/gcc/arm-none-eabi/8.2.1/thumb/v7e-m+fp/softfp\libcr_eabihelpers.a(memcpy.o)
                0x1a005aa2                __aeabi_lowlevel_memset
 .text.__sys_appexit
                0x1a005ad4        0x2 d:/nxp/mcuxpressoide_11.0.1_2563/ide/plugins/com.nxp.mcuxpresso.tools.win32_11.0.1.201907311258/tools/bin/../lib/gcc/arm-none-eabi/8.2.1/../../../../arm-none-eabi/lib/thumb/v7e-m+fp/softfp\libcr_nohost.a(__sys_appexit.o)
                0x1a005ad4                __sys_appexit
                0x1a005ad4                __exit
 .text.__sys_close
                0x1a005ad6        0x6 d:/nxp/mcuxpressoide_11.0.1_2563/ide/plugins/com.nxp.mcuxpresso.tools.win32_11.0.1.201907311258/tools/bin/../lib/gcc/arm-none-eabi/8.2.1/../../../../arm-none-eabi/lib/thumb/v7e-m+fp/softfp\libcr_nohost.a(__sys_close.o)
                0x1a005ad6                __sys_close
 .text.__sys_flen
                0x1a005adc        0x6 d:/nxp/mcuxpressoide_11.0.1_2563/ide/plugins/com.nxp.mcuxpresso.tools.win32_11.0.1.201907311258/tools/bin/../lib/gcc/arm-none-eabi/8.2.1/../../../../arm-none-eabi/lib/thumb/v7e-m+fp/softfp\libcr_nohost.a(__sys_flen.o)
                0x1a005adc                __sys_flen
 .text.__sys_istty
                0x1a005ae2        0x6 d:/nxp/mcuxpressoide_11.0.1_2563/ide/plugins/com.nxp.mcuxpresso.tools.win32_11.0.1.201907311258/tools/bin/../lib/gcc/arm-none-eabi/8.2.1/../../../../arm-none-eabi/lib/thumb/v7e-m+fp/softfp\libcr_nohost.a(__sys_istty.o)
                0x1a005ae2                __sys_istty
 .text.__sys_remove
                0x1a005ae8        0x6 d:/nxp/mcuxpressoide_11.0.1_2563/ide/plugins/com.nxp.mcuxpresso.tools.win32_11.0.1.201907311258/tools/bin/../lib/gcc/arm-none-eabi/8.2.1/../../../../arm-none-eabi/lib/thumb/v7e-m+fp/softfp\libcr_nohost.a(__sys_remove.o)
                0x1a005ae8                __sys_remove
 .text.__sys_seek
                0x1a005aee        0x6 d:/nxp/mcuxpressoide_11.0.1_2563/ide/plugins/com.nxp.mcuxpresso.tools.win32_11.0.1.201907311258/tools/bin/../lib/gcc/arm-none-eabi/8.2.1/../../../../arm-none-eabi/lib/thumb/v7e-m+fp/softfp\libcr_nohost.a(__sys_seek.o)
                0x1a005aee                __sys_seek
 .text.__sys_tmpnam
                0x1a005af4        0x6 d:/nxp/mcuxpressoide_11.0.1_2563/ide/plugins/com.nxp.mcuxpresso.tools.win32_11.0.1.201907311258/tools/bin/../lib/gcc/arm-none-eabi/8.2.1/../../../../arm-none-eabi/lib/thumb/v7e-m+fp/softfp\libcr_nohost.a(__sys_tmpnam.o)
                0x1a005af4                __sys_tmpnam
 *(.rodata .rodata.* .constdata .constdata.*)
 *fill*         0x1a005afa        0x2 ff
 .rodata        0x1a005afc        0x5 ./freertos/src/tasks.o
 *fill*         0x1a005b01        0x3 ff
 .rodata        0x1a005b04       0xe3 ./example/src/freertos_examples_10_to_16.o
 *fill*         0x1a005be7        0x1 ff
 .rodata.ExtRateIn
                0x1a005be8        0x4 D:\FG\MMM2\Sistemas_embebidos\Workspaces_para_MCUXpressoide\workspace-EDU_CIAA_NXP-TP3_v2\lpc_board_nxp_lpcxpresso_4337\Debug\liblpc_board_nxp_lpcxpresso_4337.a(board.o)
                0x1a005be8                ExtRateIn
 .rodata.OscRateIn
                0x1a005bec        0x4 D:\FG\MMM2\Sistemas_embebidos\Workspaces_para_MCUXpressoide\workspace-EDU_CIAA_NXP-TP3_v2\lpc_board_nxp_lpcxpresso_4337\Debug\liblpc_board_nxp_lpcxpresso_4337.a(board.o)
                0x1a005bec                OscRateIn
 .rodata.gpioLEDBits
                0x1a005bf0        0xc D:\FG\MMM2\Sistemas_embebidos\Workspaces_para_MCUXpressoide\workspace-EDU_CIAA_NXP-TP3_v2\lpc_board_nxp_lpcxpresso_4337\Debug\liblpc_board_nxp_lpcxpresso_4337.a(board.o)
 .rodata.gpioButtonBits
                0x1a005bfc        0x8 D:\FG\MMM2\Sistemas_embebidos\Workspaces_para_MCUXpressoide\workspace-EDU_CIAA_NXP-TP3_v2\lpc_board_nxp_lpcxpresso_4337\Debug\liblpc_board_nxp_lpcxpresso_4337.a(board.o)
 .rodata.InitClkStates
                0x1a005c04        0xc D:\FG\MMM2\Sistemas_embebidos\Workspaces_para_MCUXpressoide\workspace-EDU_CIAA_NXP-TP3_v2\lpc_board_nxp_lpcxpresso_4337\Debug\liblpc_board_nxp_lpcxpresso_4337.a(board_sysinit.o)
 .rodata.pinmuxing
                0x1a005c10       0x2c D:\FG\MMM2\Sistemas_embebidos\Workspaces_para_MCUXpressoide\workspace-EDU_CIAA_NXP-TP3_v2\lpc_board_nxp_lpcxpresso_4337\Debug\liblpc_board_nxp_lpcxpresso_4337.a(board_sysinit.o)
 .rodata.periph_to_base
                0x1a005c3c       0x6c D:\FG\MMM2\Sistemas_embebidos\Workspaces_para_MCUXpressoide\workspace-EDU_CIAA_NXP-TP3_v2\lpc_chip_43xx\Debug\liblpc_chip_43xx.a(clock_18xx_43xx.o)
 .rodata        0x1a005ca8        0xa D:\FG\MMM2\Sistemas_embebidos\Workspaces_para_MCUXpressoide\workspace-EDU_CIAA_NXP-TP3_v2\lpc_chip_43xx\Debug\liblpc_chip_43xx.a(clock_18xx_43xx.o)
 *fill*         0x1a005cb2        0x2 ff
 .rodata.InitClkStates
                0x1a005cb4       0x48 D:\FG\MMM2\Sistemas_embebidos\Workspaces_para_MCUXpressoide\workspace-EDU_CIAA_NXP-TP3_v2\lpc_chip_43xx\Debug\liblpc_chip_43xx.a(sysinit_18xx_43xx.o)
 .rodata.UART_PClock
                0x1a005cfc        0x8 D:\FG\MMM2\Sistemas_embebidos\Workspaces_para_MCUXpressoide\workspace-EDU_CIAA_NXP-TP3_v2\lpc_chip_43xx\Debug\liblpc_chip_43xx.a(uart_18xx_43xx.o)
 .rodata.UART_BClock
                0x1a005d04        0x8 D:\FG\MMM2\Sistemas_embebidos\Workspaces_para_MCUXpressoide\workspace-EDU_CIAA_NXP-TP3_v2\lpc_chip_43xx\Debug\liblpc_chip_43xx.a(uart_18xx_43xx.o)
 .rodata._Csys_alloc.str1.1
                0x1a005d0c       0x18 d:/nxp/mcuxpressoide_11.0.1_2563/ide/plugins/com.nxp.mcuxpresso.tools.win32_11.0.1.201907311258/tools/bin/../lib/gcc/arm-none-eabi/8.2.1/../../../../arm-none-eabi/lib/thumb/v7e-m+fp/softfp\libcr_c.a(alloc.o)
 .rodata.fp_display.str1.1
                0x1a005d24       0x34 d:/nxp/mcuxpressoide_11.0.1_2563/ide/plugins/com.nxp.mcuxpresso.tools.win32_11.0.1.201907311258/tools/bin/../lib/gcc/arm-none-eabi/8.2.1/../../../../arm-none-eabi/lib/thumb/v7e-m+fp/softfp\libcr_c.a(fpprintf.o)
                                 0x35 (size before relaxing)
 .rodata._initio.str1.1
                0x1a005d58        0x4 d:/nxp/mcuxpressoide_11.0.1_2563/ide/plugins/com.nxp.mcuxpresso.tools.win32_11.0.1.201907311258/tools/bin/../lib/gcc/arm-none-eabi/8.2.1/../../../../arm-none-eabi/lib/thumb/v7e-m+fp/softfp\libcr_c.a(initio.o)
 .rodata.__vfprintf.str1.1
                0x1a005d5c       0x31 d:/nxp/mcuxpressoide_11.0.1_2563/ide/plugins/com.nxp.mcuxpresso.tools.win32_11.0.1.201907311258/tools/bin/../lib/gcc/arm-none-eabi/8.2.1/../../../../arm-none-eabi/lib/thumb/v7e-m+fp/softfp\libcr_c.a(printf.o)
                                 0x38 (size before relaxing)
 *fill*         0x1a005d8d        0x3 ff
 .rodata.__num_Ciob_streams
                0x1a005d90        0x4 d:/nxp/mcuxpressoide_11.0.1_2563/ide/plugins/com.nxp.mcuxpresso.tools.win32_11.0.1.201907311258/tools/bin/../lib/gcc/arm-none-eabi/8.2.1/../../../../arm-none-eabi/lib/thumb/v7e-m+fp/softfp\libcr_nohost.a(__ciob.o)
                0x1a005d90                __num_Ciob_streams
                0x1a005d94                . = ALIGN (0x4)

.glue_7         0x1a005d94        0x0
 .glue_7        0x1a005d94        0x0 linker stubs

.glue_7t        0x1a005d94        0x0
 .glue_7t       0x1a005d94        0x0 linker stubs

.vfp11_veneer   0x1a005d94        0x0
 .vfp11_veneer  0x1a005d94        0x0 linker stubs

.v4_bx          0x1a005d94        0x0
 .v4_bx         0x1a005d94        0x0 linker stubs

.iplt           0x1a005d94        0x0
 .iplt          0x1a005d94        0x0 ./freertos/src/FreeRTOSCommonHooks.o

.rel.dyn        0x1a005d94        0x0
 .rel.iplt      0x1a005d94        0x0 ./freertos/src/FreeRTOSCommonHooks.o

.ARM.extab
 *(.ARM.extab* .gnu.linkonce.armextab.*)
                0x1a005d94                __exidx_start = .

.ARM.exidx
 *(.ARM.exidx* .gnu.linkonce.armexidx.*)
                0x1a005d94                __exidx_end = .
                0x1a005d94                _etext = .

.data_RAM2      0x10080000        0x0 load address 0x1a005d94
 FILL mask 0xff
                [!provide]                PROVIDE (__start_data_RAM2 = .)
 *(.ramfunc.$RAM2)
 *(.ramfunc.$RamLoc40)
 *(.data.$RAM2)
 *(.data.$RamLoc40)
 *(.data.$RAM2.*)
 *(.data.$RamLoc40.*)
                0x10080000                . = ALIGN (0x4)
                [!provide]                PROVIDE (__end_data_RAM2 = .)

.data_RAM3      0x20000000        0x0 load address 0x1a005d94
 FILL mask 0xff
                [!provide]                PROVIDE (__start_data_RAM3 = .)
 *(.ramfunc.$RAM3)
 *(.ramfunc.$RamAHB32)
 *(.data.$RAM3)
 *(.data.$RamAHB32)
 *(.data.$RAM3.*)
 *(.data.$RamAHB32.*)
                0x20000000                . = ALIGN (0x4)
                [!provide]                PROVIDE (__end_data_RAM3 = .)

.data_RAM4      0x20008000        0x0 load address 0x1a005d94
 FILL mask 0xff
                [!provide]                PROVIDE (__start_data_RAM4 = .)
 *(.ramfunc.$RAM4)
 *(.ramfunc.$RamAHB16)
 *(.data.$RAM4)
 *(.data.$RamAHB16)
 *(.data.$RAM4.*)
 *(.data.$RamAHB16.*)
                0x20008000                . = ALIGN (0x4)
                [!provide]                PROVIDE (__end_data_RAM4 = .)

.data_RAM5      0x2000c000        0x0 load address 0x1a005d94
 FILL mask 0xff
                [!provide]                PROVIDE (__start_data_RAM5 = .)
 *(.ramfunc.$RAM5)
 *(.ramfunc.$RamAHB_ETB16)
 *(.data.$RAM5)
 *(.data.$RamAHB_ETB16)
 *(.data.$RAM5.*)
 *(.data.$RamAHB_ETB16.*)
                0x2000c000                . = ALIGN (0x4)
                [!provide]                PROVIDE (__end_data_RAM5 = .)

.uninit_RESERVED
                0x10000000        0x0
                0x10000000                . = ALIGN (0x4)
 *(.bss.$RESERVED*)
                0x10000000                . = ALIGN (0x4)
                0x10000000                _end_uninit_RESERVED = .

.data           0x10000000       0x1c load address 0x1a005d94
 FILL mask 0xff
                0x10000000                _data = .
 *(vtable)
 *(.ramfunc*)
 *(CodeQuickAccess)
 *(DataQuickAccess)
 *(RamFunction)
 *(.data*)
 .data.uxCriticalNesting
                0x10000000        0x4 ./freertos/src/port.o
 .data.xNextTaskUnblockTime
                0x10000004        0x4 ./freertos/src/tasks.o
 .data.pcTextForMain
                0x10000008        0x4 ./example/src/freertos_examples_10_to_16.o
                0x10000008                pcTextForMain
 .data.pcStrings.10950
                0x1000000c       0x10 ./example/src/freertos_examples_10_to_16.o
                0x1000001c                . = ALIGN (0x4)
                0x1000001c                _edata = .

.igot.plt       0x1000001c        0x0 load address 0x1a005db0
 .igot.plt      0x1000001c        0x0 ./freertos/src/FreeRTOSCommonHooks.o

.bss_RAM2       0x10080000        0x0
                0x10080000                . = ALIGN (0x4)
                [!provide]                PROVIDE (__start_bss_RAM2 = .)
 *(.bss.$RAM2)
 *(.bss.$RamLoc40)
 *(.bss.$RAM2.*)
 *(.bss.$RamLoc40.*)
                0x10080000                . = ALIGN ((. != 0x0)?0x4:0x1)
                [!provide]                PROVIDE (__end_bss_RAM2 = .)

.bss_RAM3       0x20000000        0x0
                0x20000000                . = ALIGN (0x4)
                [!provide]                PROVIDE (__start_bss_RAM3 = .)
 *(.bss.$RAM3)
 *(.bss.$RamAHB32)
 *(.bss.$RAM3.*)
 *(.bss.$RamAHB32.*)
                0x20000000                . = ALIGN ((. != 0x0)?0x4:0x1)
                [!provide]                PROVIDE (__end_bss_RAM3 = .)

.bss_RAM4       0x20008000        0x0
                0x20008000                . = ALIGN (0x4)
                [!provide]                PROVIDE (__start_bss_RAM4 = .)
 *(.bss.$RAM4)
 *(.bss.$RamAHB16)
 *(.bss.$RAM4.*)
 *(.bss.$RamAHB16.*)
                0x20008000                . = ALIGN ((. != 0x0)?0x4:0x1)
                [!provide]                PROVIDE (__end_bss_RAM4 = .)

.bss_RAM5       0x2000c000        0x0
                0x2000c000                . = ALIGN (0x4)
                [!provide]                PROVIDE (__start_bss_RAM5 = .)
 *(.bss.$RAM5)
 *(.bss.$RamAHB_ETB16)
 *(.bss.$RAM5.*)
 *(.bss.$RamAHB_ETB16.*)
                0x2000c000                . = ALIGN ((. != 0x0)?0x4:0x1)
                [!provide]                PROVIDE (__end_bss_RAM5 = .)

.bss            0x1000001c      0x4e4
                0x1000001c                . = ALIGN (0x4)
                0x1000001c                _bss = .
 *(.bss*)
 .bss.ulTimerCountsForOneTick
                0x1000001c        0x4 ./freertos/src/port.o
 .bss.xMaximumPossibleSuppressedTicks
                0x10000020        0x4 ./freertos/src/port.o
 .bss.ulStoppedTimerCompensation
                0x10000024        0x4 ./freertos/src/port.o
 .bss.pxCurrentTCB
                0x10000028        0x4 ./freertos/src/tasks.o
                0x10000028                pxCurrentTCB
 .bss.pxReadyTasksLists
                0x1000002c       0xa0 ./freertos/src/tasks.o
 .bss.xDelayedTaskList1
                0x100000cc       0x14 ./freertos/src/tasks.o
 .bss.xDelayedTaskList2
                0x100000e0       0x14 ./freertos/src/tasks.o
 .bss.pxDelayedTaskList
                0x100000f4        0x4 ./freertos/src/tasks.o
 .bss.pxOverflowDelayedTaskList
                0x100000f8        0x4 ./freertos/src/tasks.o
 .bss.xPendingReadyList
                0x100000fc       0x14 ./freertos/src/tasks.o
 .bss.xTasksWaitingTermination
                0x10000110       0x14 ./freertos/src/tasks.o
 .bss.uxTasksDeleted
                0x10000124        0x4 ./freertos/src/tasks.o
 .bss.xSuspendedTaskList
                0x10000128       0x14 ./freertos/src/tasks.o
 .bss.uxCurrentNumberOfTasks
                0x1000013c        0x4 ./freertos/src/tasks.o
 .bss.xTickCount
                0x10000140        0x4 ./freertos/src/tasks.o
 .bss.uxTopReadyPriority
                0x10000144        0x4 ./freertos/src/tasks.o
 .bss.xSchedulerRunning
                0x10000148        0x4 ./freertos/src/tasks.o
 .bss.uxPendedTicks
                0x1000014c        0x4 ./freertos/src/tasks.o
 .bss.xYieldPending
                0x10000150        0x4 ./freertos/src/tasks.o
 .bss.xNumOfOverflows
                0x10000154        0x4 ./freertos/src/tasks.o
 .bss.uxTaskNumber
                0x10000158        0x4 ./freertos/src/tasks.o
 .bss.uxSchedulerSuspended
                0x1000015c        0x4 ./freertos/src/tasks.o
 .bss.ulReceivedNumber.10949
                0x10000160        0x4 ./example/src/freertos_examples_10_to_16.o
 .bss.audio_usb_pll_freq
                0x10000164        0x8 D:\FG\MMM2\Sistemas_embebidos\Workspaces_para_MCUXpressoide\workspace-EDU_CIAA_NXP-TP3_v2\lpc_chip_43xx\Debug\liblpc_chip_43xx.a(clock_18xx_43xx.o)
 .bss.__end_of_heap
                0x1000016c        0x4 d:/nxp/mcuxpressoide_11.0.1_2563/ide/plugins/com.nxp.mcuxpresso.tools.win32_11.0.1.201907311258/tools/bin/../lib/gcc/arm-none-eabi/8.2.1/../../../../arm-none-eabi/lib/thumb/v7e-m+fp/softfp\libcr_c.a(__init_alloc.o)
                0x1000016c                __end_of_heap
 .bss.__heaps   0x10000170        0x4 d:/nxp/mcuxpressoide_11.0.1_2563/ide/plugins/com.nxp.mcuxpresso.tools.win32_11.0.1.201907311258/tools/bin/../lib/gcc/arm-none-eabi/8.2.1/../../../../arm-none-eabi/lib/thumb/v7e-m+fp/softfp\libcr_c.a(__init_alloc.o)
                0x10000170                __heaps
 .bss.errno     0x10000174        0x4 d:/nxp/mcuxpressoide_11.0.1_2563/ide/plugins/com.nxp.mcuxpresso.tools.win32_11.0.1.201907311258/tools/bin/../lib/gcc/arm-none-eabi/8.2.1/../../../../arm-none-eabi/lib/thumb/v7e-m+fp/softfp\libcr_c.a(errno.o)
                0x10000174                errno
 .bss.__Ciob    0x10000178      0x1e0 d:/nxp/mcuxpressoide_11.0.1_2563/ide/plugins/com.nxp.mcuxpresso.tools.win32_11.0.1.201907311258/tools/bin/../lib/gcc/arm-none-eabi/8.2.1/../../../../arm-none-eabi/lib/thumb/v7e-m+fp/softfp\libcr_nohost.a(__ciob.o)
                0x10000178                __Ciob
 *(COMMON)
 COMMON         0x10000358      0x1a4 ./example/src/freertos_examples_10_to_16.o
                0x10000358                xStringQueue
                0x1000035c                xBinarySemaphore
                0x10000360                ulCount
                0x10000364                xQueue
                0x10000368                ul
                0x100004f8                xIntegerQueue
 COMMON         0x100004fc        0x4 D:\FG\MMM2\Sistemas_embebidos\Workspaces_para_MCUXpressoide\workspace-EDU_CIAA_NXP-TP3_v2\lpc_chip_43xx\Debug\liblpc_chip_43xx.a(chip_18xx_43xx.o)
                0x100004fc                SystemCoreClock
                0x10000500                . = ALIGN (0x4)
                0x10000500                _ebss = .
                [!provide]                PROVIDE (end = .)

.noinit_RAM2    0x10080000        0x0
                0x10080000                . = ALIGN (0x4)
 *(.noinit.$RAM2)
 *(.noinit.$RamLoc40)
 *(.noinit.$RAM2.*)
 *(.noinit.$RamLoc40.*)
                0x10080000                . = ALIGN (0x4)

.noinit_RAM3    0x20000000        0x0
                0x20000000                . = ALIGN (0x4)
 *(.noinit.$RAM3)
 *(.noinit.$RamAHB32)
 *(.noinit.$RAM3.*)
 *(.noinit.$RamAHB32.*)
                0x20000000                . = ALIGN (0x4)

.noinit_RAM4    0x20008000        0x0
                0x20008000                . = ALIGN (0x4)
 *(.noinit.$RAM4)
 *(.noinit.$RamAHB16)
 *(.noinit.$RAM4.*)
 *(.noinit.$RamAHB16.*)
                0x20008000                . = ALIGN (0x4)

.noinit_RAM5    0x2000c000        0x0
                0x2000c000                . = ALIGN (0x4)
 *(.noinit.$RAM5)
 *(.noinit.$RamAHB_ETB16)
 *(.noinit.$RAM5.*)
 *(.noinit.$RamAHB_ETB16.*)
                0x2000c000                . = ALIGN (0x4)

.noinit         0x10000500        0x0
                0x10000500                . = ALIGN (0x4)
                0x10000500                _noinit = .
 *(.noinit*)
                0x10000500                . = ALIGN (0x4)
                0x10000500                _end_noinit = .
                0x10000500                PROVIDE (_pvHeapStart = DEFINED (__user_heap_base)?__user_heap_base:.)
                0x10008000                PROVIDE (_vStackTop = DEFINED (__user_stack_top)?__user_stack_top:(__top_RamLoc32 - 0x0))
                [!provide]                PROVIDE (__valid_user_code_checksum = (0x0 - ((((((_vStackTop + (ResetISR + 0x1)) + (NMI_Handler + 0x1)) + (HardFault_Handler + 0x1)) + (DEFINED (MemManage_Handler)?MemManage_Handler:0x0 + 0x1)) + (DEFINED (BusFault_Handler)?BusFault_Handler:0x0 + 0x1)) + (DEFINED (UsageFault_Handler)?UsageFault_Handler:0x0 + 0x1))))
                0x1a000000                _image_start = LOADADDR (.text)
                0x1a005db0                _image_end = (LOADADDR (.data) + SIZEOF (.data))
                0x00005db0                _image_size = (_image_end - _image_start)
OUTPUT(freertos_examples_10_to_16.axf elf32-littlearm)

.debug_info     0x00000000     0xbfcb
 .debug_info    0x00000000      0x2f8 ./freertos/src/FreeRTOSCommonHooks.o
 .debug_info    0x000002f8      0x282 ./freertos/src/heap_3.o
 .debug_info    0x0000057a      0x44a ./freertos/src/list.o
 .debug_info    0x000009c4      0x988 ./freertos/src/port.o
 .debug_info    0x0000134c     0x1233 ./freertos/src/queue.o
 .debug_info    0x0000257f       0x85 ./freertos/src/redlib_memfix.o
 .debug_info    0x00002604     0x19b6 ./freertos/src/tasks.o
 .debug_info    0x00003fba      0x2bd ./example/src/cr_startup_lpc43xx.o
 .debug_info    0x00004277      0xe91 ./example/src/freertos_examples_10_to_16.o
 .debug_info    0x00005108      0x250 ./example/src/sysinit.o
 .debug_info    0x00005358     0x1c70 D:\FG\MMM2\Sistemas_embebidos\Workspaces_para_MCUXpressoide\workspace-EDU_CIAA_NXP-TP3_v2\lpc_board_nxp_lpcxpresso_4337\Debug\liblpc_board_nxp_lpcxpresso_4337.a(board.o)
 .debug_info    0x00006fc8      0xd0c D:\FG\MMM2\Sistemas_embebidos\Workspaces_para_MCUXpressoide\workspace-EDU_CIAA_NXP-TP3_v2\lpc_board_nxp_lpcxpresso_4337\Debug\liblpc_board_nxp_lpcxpresso_4337.a(board_sysinit.o)
 .debug_info    0x00007cd4      0xacc D:\FG\MMM2\Sistemas_embebidos\Workspaces_para_MCUXpressoide\workspace-EDU_CIAA_NXP-TP3_v2\lpc_chip_43xx\Debug\liblpc_chip_43xx.a(chip_18xx_43xx.o)
 .debug_info    0x000087a0     0x16c2 D:\FG\MMM2\Sistemas_embebidos\Workspaces_para_MCUXpressoide\workspace-EDU_CIAA_NXP-TP3_v2\lpc_chip_43xx\Debug\liblpc_chip_43xx.a(clock_18xx_43xx.o)
 .debug_info    0x00009e62      0x164 D:\FG\MMM2\Sistemas_embebidos\Workspaces_para_MCUXpressoide\workspace-EDU_CIAA_NXP-TP3_v2\lpc_chip_43xx\Debug\liblpc_chip_43xx.a(fpu_init.o)
 .debug_info    0x00009fc6      0x4a4 D:\FG\MMM2\Sistemas_embebidos\Workspaces_para_MCUXpressoide\workspace-EDU_CIAA_NXP-TP3_v2\lpc_chip_43xx\Debug\liblpc_chip_43xx.a(gpio_18xx_43xx.o)
 .debug_info    0x0000a46a      0x99f D:\FG\MMM2\Sistemas_embebidos\Workspaces_para_MCUXpressoide\workspace-EDU_CIAA_NXP-TP3_v2\lpc_chip_43xx\Debug\liblpc_chip_43xx.a(sysinit_18xx_43xx.o)
 .debug_info    0x0000ae09     0x11c2 D:\FG\MMM2\Sistemas_embebidos\Workspaces_para_MCUXpressoide\workspace-EDU_CIAA_NXP-TP3_v2\lpc_chip_43xx\Debug\liblpc_chip_43xx.a(uart_18xx_43xx.o)

.debug_abbrev   0x00000000     0x21c4
 .debug_abbrev  0x00000000      0x181 ./freertos/src/FreeRTOSCommonHooks.o
 .debug_abbrev  0x00000181      0x12b ./freertos/src/heap_3.o
 .debug_abbrev  0x000002ac      0x136 ./freertos/src/list.o
 .debug_abbrev  0x000003e2      0x247 ./freertos/src/port.o
 .debug_abbrev  0x00000629      0x24b ./freertos/src/queue.o
 .debug_abbrev  0x00000874       0x85 ./freertos/src/redlib_memfix.o
 .debug_abbrev  0x000008f9      0x2c9 ./freertos/src/tasks.o
 .debug_abbrev  0x00000bc2      0x120 ./example/src/cr_startup_lpc43xx.o
 .debug_abbrev  0x00000ce2      0x277 ./example/src/freertos_examples_10_to_16.o
 .debug_abbrev  0x00000f59       0xeb ./example/src/sysinit.o
 .debug_abbrev  0x00001044      0x3b0 D:\FG\MMM2\Sistemas_embebidos\Workspaces_para_MCUXpressoide\workspace-EDU_CIAA_NXP-TP3_v2\lpc_board_nxp_lpcxpresso_4337\Debug\liblpc_board_nxp_lpcxpresso_4337.a(board.o)
 .debug_abbrev  0x000013f4      0x1f9 D:\FG\MMM2\Sistemas_embebidos\Workspaces_para_MCUXpressoide\workspace-EDU_CIAA_NXP-TP3_v2\lpc_board_nxp_lpcxpresso_4337\Debug\liblpc_board_nxp_lpcxpresso_4337.a(board_sysinit.o)
 .debug_abbrev  0x000015ed      0x19b D:\FG\MMM2\Sistemas_embebidos\Workspaces_para_MCUXpressoide\workspace-EDU_CIAA_NXP-TP3_v2\lpc_chip_43xx\Debug\liblpc_chip_43xx.a(chip_18xx_43xx.o)
 .debug_abbrev  0x00001788      0x31b D:\FG\MMM2\Sistemas_embebidos\Workspaces_para_MCUXpressoide\workspace-EDU_CIAA_NXP-TP3_v2\lpc_chip_43xx\Debug\liblpc_chip_43xx.a(clock_18xx_43xx.o)
 .debug_abbrev  0x00001aa3       0xb4 D:\FG\MMM2\Sistemas_embebidos\Workspaces_para_MCUXpressoide\workspace-EDU_CIAA_NXP-TP3_v2\lpc_chip_43xx\Debug\liblpc_chip_43xx.a(fpu_init.o)
 .debug_abbrev  0x00001b57      0x165 D:\FG\MMM2\Sistemas_embebidos\Workspaces_para_MCUXpressoide\workspace-EDU_CIAA_NXP-TP3_v2\lpc_chip_43xx\Debug\liblpc_chip_43xx.a(gpio_18xx_43xx.o)
 .debug_abbrev  0x00001cbc      0x1d1 D:\FG\MMM2\Sistemas_embebidos\Workspaces_para_MCUXpressoide\workspace-EDU_CIAA_NXP-TP3_v2\lpc_chip_43xx\Debug\liblpc_chip_43xx.a(sysinit_18xx_43xx.o)
 .debug_abbrev  0x00001e8d      0x337 D:\FG\MMM2\Sistemas_embebidos\Workspaces_para_MCUXpressoide\workspace-EDU_CIAA_NXP-TP3_v2\lpc_chip_43xx\Debug\liblpc_chip_43xx.a(uart_18xx_43xx.o)

.debug_aranges  0x00000000      0xa10
 .debug_aranges
                0x00000000       0x40 ./freertos/src/FreeRTOSCommonHooks.o
 .debug_aranges
                0x00000040       0x28 ./freertos/src/heap_3.o
 .debug_aranges
                0x00000068       0x40 ./freertos/src/list.o
 .debug_aranges
                0x000000a8       0x98 ./freertos/src/port.o
 .debug_aranges
                0x00000140       0xf0 ./freertos/src/queue.o
 .debug_aranges
                0x00000230       0x20 ./freertos/src/redlib_memfix.o
 .debug_aranges
                0x00000250      0x190 ./freertos/src/tasks.o
 .debug_aranges
                0x000003e0       0x80 ./example/src/cr_startup_lpc43xx.o
 .debug_aranges
                0x00000460       0x70 ./example/src/freertos_examples_10_to_16.o
 .debug_aranges
                0x000004d0       0x20 ./example/src/sysinit.o
 .debug_aranges
                0x000004f0      0x170 D:\FG\MMM2\Sistemas_embebidos\Workspaces_para_MCUXpressoide\workspace-EDU_CIAA_NXP-TP3_v2\lpc_board_nxp_lpcxpresso_4337\Debug\liblpc_board_nxp_lpcxpresso_4337.a(board.o)
 .debug_aranges
                0x00000660       0x48 D:\FG\MMM2\Sistemas_embebidos\Workspaces_para_MCUXpressoide\workspace-EDU_CIAA_NXP-TP3_v2\lpc_board_nxp_lpcxpresso_4337\Debug\liblpc_board_nxp_lpcxpresso_4337.a(board_sysinit.o)
 .debug_aranges
                0x000006a8       0x40 D:\FG\MMM2\Sistemas_embebidos\Workspaces_para_MCUXpressoide\workspace-EDU_CIAA_NXP-TP3_v2\lpc_chip_43xx\Debug\liblpc_chip_43xx.a(chip_18xx_43xx.o)
 .debug_aranges
                0x000006e8      0x138 D:\FG\MMM2\Sistemas_embebidos\Workspaces_para_MCUXpressoide\workspace-EDU_CIAA_NXP-TP3_v2\lpc_chip_43xx\Debug\liblpc_chip_43xx.a(clock_18xx_43xx.o)
 .debug_aranges
                0x00000820       0x20 D:\FG\MMM2\Sistemas_embebidos\Workspaces_para_MCUXpressoide\workspace-EDU_CIAA_NXP-TP3_v2\lpc_chip_43xx\Debug\liblpc_chip_43xx.a(fpu_init.o)
 .debug_aranges
                0x00000840       0x68 D:\FG\MMM2\Sistemas_embebidos\Workspaces_para_MCUXpressoide\workspace-EDU_CIAA_NXP-TP3_v2\lpc_chip_43xx\Debug\liblpc_chip_43xx.a(gpio_18xx_43xx.o)
 .debug_aranges
                0x000008a8       0x50 D:\FG\MMM2\Sistemas_embebidos\Workspaces_para_MCUXpressoide\workspace-EDU_CIAA_NXP-TP3_v2\lpc_chip_43xx\Debug\liblpc_chip_43xx.a(sysinit_18xx_43xx.o)
 .debug_aranges
                0x000008f8      0x118 D:\FG\MMM2\Sistemas_embebidos\Workspaces_para_MCUXpressoide\workspace-EDU_CIAA_NXP-TP3_v2\lpc_chip_43xx\Debug\liblpc_chip_43xx.a(uart_18xx_43xx.o)

.debug_ranges   0x00000000      0x920
 .debug_ranges  0x00000000       0x30 ./freertos/src/FreeRTOSCommonHooks.o
 .debug_ranges  0x00000030       0x18 ./freertos/src/heap_3.o
 .debug_ranges  0x00000048       0x30 ./freertos/src/list.o
 .debug_ranges  0x00000078       0x88 ./freertos/src/port.o
 .debug_ranges  0x00000100       0xe0 ./freertos/src/queue.o
 .debug_ranges  0x000001e0       0x10 ./freertos/src/redlib_memfix.o
 .debug_ranges  0x000001f0      0x180 ./freertos/src/tasks.o
 .debug_ranges  0x00000370       0x70 ./example/src/cr_startup_lpc43xx.o
 .debug_ranges  0x000003e0       0x60 ./example/src/freertos_examples_10_to_16.o
 .debug_ranges  0x00000440       0x10 ./example/src/sysinit.o
 .debug_ranges  0x00000450      0x160 D:\FG\MMM2\Sistemas_embebidos\Workspaces_para_MCUXpressoide\workspace-EDU_CIAA_NXP-TP3_v2\lpc_board_nxp_lpcxpresso_4337\Debug\liblpc_board_nxp_lpcxpresso_4337.a(board.o)
 .debug_ranges  0x000005b0       0x38 D:\FG\MMM2\Sistemas_embebidos\Workspaces_para_MCUXpressoide\workspace-EDU_CIAA_NXP-TP3_v2\lpc_board_nxp_lpcxpresso_4337\Debug\liblpc_board_nxp_lpcxpresso_4337.a(board_sysinit.o)
 .debug_ranges  0x000005e8       0x30 D:\FG\MMM2\Sistemas_embebidos\Workspaces_para_MCUXpressoide\workspace-EDU_CIAA_NXP-TP3_v2\lpc_chip_43xx\Debug\liblpc_chip_43xx.a(chip_18xx_43xx.o)
 .debug_ranges  0x00000618      0x140 D:\FG\MMM2\Sistemas_embebidos\Workspaces_para_MCUXpressoide\workspace-EDU_CIAA_NXP-TP3_v2\lpc_chip_43xx\Debug\liblpc_chip_43xx.a(clock_18xx_43xx.o)
 .debug_ranges  0x00000758       0x10 D:\FG\MMM2\Sistemas_embebidos\Workspaces_para_MCUXpressoide\workspace-EDU_CIAA_NXP-TP3_v2\lpc_chip_43xx\Debug\liblpc_chip_43xx.a(fpu_init.o)
 .debug_ranges  0x00000768       0x58 D:\FG\MMM2\Sistemas_embebidos\Workspaces_para_MCUXpressoide\workspace-EDU_CIAA_NXP-TP3_v2\lpc_chip_43xx\Debug\liblpc_chip_43xx.a(gpio_18xx_43xx.o)
 .debug_ranges  0x000007c0       0x40 D:\FG\MMM2\Sistemas_embebidos\Workspaces_para_MCUXpressoide\workspace-EDU_CIAA_NXP-TP3_v2\lpc_chip_43xx\Debug\liblpc_chip_43xx.a(sysinit_18xx_43xx.o)
 .debug_ranges  0x00000800      0x120 D:\FG\MMM2\Sistemas_embebidos\Workspaces_para_MCUXpressoide\workspace-EDU_CIAA_NXP-TP3_v2\lpc_chip_43xx\Debug\liblpc_chip_43xx.a(uart_18xx_43xx.o)

.debug_macro    0x00000000     0x9516
 .debug_macro   0x00000000      0x39b ./freertos/src/FreeRTOSCommonHooks.o
 .debug_macro   0x0000039b      0xab4 ./freertos/src/FreeRTOSCommonHooks.o
 .debug_macro   0x00000e4f       0x10 ./freertos/src/FreeRTOSCommonHooks.o
 .debug_macro   0x00000e5f      0x12e ./freertos/src/FreeRTOSCommonHooks.o
 .debug_macro   0x00000f8d       0x16 ./freertos/src/FreeRTOSCommonHooks.o
 .debug_macro   0x00000fa3      0x5b3 ./freertos/src/FreeRTOSCommonHooks.o
 .debug_macro   0x00001556       0x40 ./freertos/src/FreeRTOSCommonHooks.o
 .debug_macro   0x00001596       0x10 ./freertos/src/FreeRTOSCommonHooks.o
 .debug_macro   0x000015a6       0x22 ./freertos/src/FreeRTOSCommonHooks.o
 .debug_macro   0x000015c8       0x74 ./freertos/src/FreeRTOSCommonHooks.o
 .debug_macro   0x0000163c       0x28 ./freertos/src/FreeRTOSCommonHooks.o
 .debug_macro   0x00001664       0x3b ./freertos/src/FreeRTOSCommonHooks.o
 .debug_macro   0x0000169f       0x2d ./freertos/src/FreeRTOSCommonHooks.o
 .debug_macro   0x000016cc       0x42 ./freertos/src/FreeRTOSCommonHooks.o
 .debug_macro   0x0000170e      0xd39 ./freertos/src/FreeRTOSCommonHooks.o
 .debug_macro   0x00002447      0x2bc ./freertos/src/FreeRTOSCommonHooks.o
 .debug_macro   0x00002703      0x112 ./freertos/src/FreeRTOSCommonHooks.o
 .debug_macro   0x00002815       0x11 ./freertos/src/FreeRTOSCommonHooks.o
 .debug_macro   0x00002826       0x2a ./freertos/src/FreeRTOSCommonHooks.o
 .debug_macro   0x00002850       0x16 ./freertos/src/FreeRTOSCommonHooks.o
 .debug_macro   0x00002866      0x2e6 ./freertos/src/FreeRTOSCommonHooks.o
 .debug_macro   0x00002b4c       0x82 ./freertos/src/FreeRTOSCommonHooks.o
 .debug_macro   0x00002bce      0x13d ./freertos/src/FreeRTOSCommonHooks.o
 .debug_macro   0x00002d0b      0x198 ./freertos/src/FreeRTOSCommonHooks.o
 .debug_macro   0x00002ea3       0x34 ./freertos/src/FreeRTOSCommonHooks.o
 .debug_macro   0x00002ed7       0x58 ./freertos/src/FreeRTOSCommonHooks.o
 .debug_macro   0x00002f2f      0x236 ./freertos/src/FreeRTOSCommonHooks.o
 .debug_macro   0x00003165      0x572 ./freertos/src/FreeRTOSCommonHooks.o
 .debug_macro   0x000036d7       0x16 ./freertos/src/FreeRTOSCommonHooks.o
 .debug_macro   0x000036ed      0x18a ./freertos/src/FreeRTOSCommonHooks.o
 .debug_macro   0x00003877       0x88 ./freertos/src/FreeRTOSCommonHooks.o
 .debug_macro   0x000038ff      0x1b9 ./freertos/src/FreeRTOSCommonHooks.o
 .debug_macro   0x00003ab8      0x1da ./freertos/src/FreeRTOSCommonHooks.o
 .debug_macro   0x00003c92       0x40 ./freertos/src/FreeRTOSCommonHooks.o
 .debug_macro   0x00003cd2       0x1c ./freertos/src/FreeRTOSCommonHooks.o
 .debug_macro   0x00003cee       0x2e ./freertos/src/FreeRTOSCommonHooks.o
 .debug_macro   0x00003d1c       0x2e ./freertos/src/FreeRTOSCommonHooks.o
 .debug_macro   0x00003d4a       0x22 ./freertos/src/FreeRTOSCommonHooks.o
 .debug_macro   0x00003d6c      0x201 ./freertos/src/FreeRTOSCommonHooks.o
 .debug_macro   0x00003f6d       0xe0 ./freertos/src/FreeRTOSCommonHooks.o
 .debug_macro   0x0000404d      0x34c ./freertos/src/FreeRTOSCommonHooks.o
 .debug_macro   0x00004399       0xdc ./freertos/src/FreeRTOSCommonHooks.o
 .debug_macro   0x00004475       0xc4 ./freertos/src/FreeRTOSCommonHooks.o
 .debug_macro   0x00004539       0x94 ./freertos/src/FreeRTOSCommonHooks.o
 .debug_macro   0x000045cd       0xb8 ./freertos/src/FreeRTOSCommonHooks.o
 .debug_macro   0x00004685       0x4c ./freertos/src/FreeRTOSCommonHooks.o
 .debug_macro   0x000046d1       0x16 ./freertos/src/FreeRTOSCommonHooks.o
 .debug_macro   0x000046e7      0x328 ./freertos/src/FreeRTOSCommonHooks.o
 .debug_macro   0x00004a0f       0x3a ./freertos/src/FreeRTOSCommonHooks.o
 .debug_macro   0x00004a49       0xd0 ./freertos/src/FreeRTOSCommonHooks.o
 .debug_macro   0x00004b19       0x11 ./freertos/src/FreeRTOSCommonHooks.o
 .debug_macro   0x00004b2a       0x22 ./freertos/src/FreeRTOSCommonHooks.o
 .debug_macro   0x00004b4c       0x40 ./freertos/src/FreeRTOSCommonHooks.o
 .debug_macro   0x00004b8c      0x183 ./freertos/src/FreeRTOSCommonHooks.o
 .debug_macro   0x00004d0f       0x9a ./freertos/src/FreeRTOSCommonHooks.o
 .debug_macro   0x00004da9       0x20 ./freertos/src/FreeRTOSCommonHooks.o
 .debug_macro   0x00004dc9       0xef ./freertos/src/FreeRTOSCommonHooks.o
 .debug_macro   0x00004eb8       0xaf ./freertos/src/FreeRTOSCommonHooks.o
 .debug_macro   0x00004f67       0x12 ./freertos/src/FreeRTOSCommonHooks.o
 .debug_macro   0x00004f79       0x1f ./freertos/src/FreeRTOSCommonHooks.o
 .debug_macro   0x00004f98      0x35a ./freertos/src/FreeRTOSCommonHooks.o
 .debug_macro   0x000052f2       0x79 ./freertos/src/FreeRTOSCommonHooks.o
 .debug_macro   0x0000536b       0x69 ./freertos/src/FreeRTOSCommonHooks.o
 .debug_macro   0x000053d4      0x3ab ./freertos/src/heap_3.o
 .debug_macro   0x0000577f      0x390 ./freertos/src/list.o
 .debug_macro   0x00005b0f      0x434 ./freertos/src/port.o
 .debug_macro   0x00005f43      0x3f9 ./freertos/src/queue.o
 .debug_macro   0x0000633c       0xb0 ./freertos/src/queue.o
 .debug_macro   0x000063ec       0x17 ./freertos/src/redlib_memfix.o
 .debug_macro   0x00006403      0x43c ./freertos/src/tasks.o
 .debug_macro   0x0000683f       0x16 ./freertos/src/tasks.o
 .debug_macro   0x00006855       0x1d ./example/src/cr_startup_lpc43xx.o
 .debug_macro   0x00006872      0x421 ./example/src/freertos_examples_10_to_16.o
 .debug_macro   0x00006c93       0x7b ./example/src/freertos_examples_10_to_16.o
 .debug_macro   0x00006d0e       0x18 ./example/src/freertos_examples_10_to_16.o
 .debug_macro   0x00006d26       0x10 ./example/src/freertos_examples_10_to_16.o
 .debug_macro   0x00006d36       0xf5 ./example/src/freertos_examples_10_to_16.o
 .debug_macro   0x00006e2b       0x7e ./example/src/freertos_examples_10_to_16.o
 .debug_macro   0x00006ea9       0x1c ./example/src/freertos_examples_10_to_16.o
 .debug_macro   0x00006ec5      0x310 ./example/src/sysinit.o
 .debug_macro   0x000071d5      0x336 D:\FG\MMM2\Sistemas_embebidos\Workspaces_para_MCUXpressoide\workspace-EDU_CIAA_NXP-TP3_v2\lpc_board_nxp_lpcxpresso_4337\Debug\liblpc_board_nxp_lpcxpresso_4337.a(board.o)
 .debug_macro   0x0000750b      0xaa8 D:\FG\MMM2\Sistemas_embebidos\Workspaces_para_MCUXpressoide\workspace-EDU_CIAA_NXP-TP3_v2\lpc_board_nxp_lpcxpresso_4337\Debug\liblpc_board_nxp_lpcxpresso_4337.a(board.o)
 .debug_macro   0x00007fb3       0x12 D:\FG\MMM2\Sistemas_embebidos\Workspaces_para_MCUXpressoide\workspace-EDU_CIAA_NXP-TP3_v2\lpc_board_nxp_lpcxpresso_4337\Debug\liblpc_board_nxp_lpcxpresso_4337.a(board.o)
 .debug_macro   0x00007fc5      0x339 D:\FG\MMM2\Sistemas_embebidos\Workspaces_para_MCUXpressoide\workspace-EDU_CIAA_NXP-TP3_v2\lpc_board_nxp_lpcxpresso_4337\Debug\liblpc_board_nxp_lpcxpresso_4337.a(board.o)
 .debug_macro   0x000082fe      0x310 D:\FG\MMM2\Sistemas_embebidos\Workspaces_para_MCUXpressoide\workspace-EDU_CIAA_NXP-TP3_v2\lpc_board_nxp_lpcxpresso_4337\Debug\liblpc_board_nxp_lpcxpresso_4337.a(board_sysinit.o)
 .debug_macro   0x0000860e      0x2da D:\FG\MMM2\Sistemas_embebidos\Workspaces_para_MCUXpressoide\workspace-EDU_CIAA_NXP-TP3_v2\lpc_chip_43xx\Debug\liblpc_chip_43xx.a(chip_18xx_43xx.o)
 .debug_macro   0x000088e8      0x2e0 D:\FG\MMM2\Sistemas_embebidos\Workspaces_para_MCUXpressoide\workspace-EDU_CIAA_NXP-TP3_v2\lpc_chip_43xx\Debug\liblpc_chip_43xx.a(clock_18xx_43xx.o)
 .debug_macro   0x00008bc8       0xc0 D:\FG\MMM2\Sistemas_embebidos\Workspaces_para_MCUXpressoide\workspace-EDU_CIAA_NXP-TP3_v2\lpc_chip_43xx\Debug\liblpc_chip_43xx.a(fpu_init.o)
 .debug_macro   0x00008c88      0x2da D:\FG\MMM2\Sistemas_embebidos\Workspaces_para_MCUXpressoide\workspace-EDU_CIAA_NXP-TP3_v2\lpc_chip_43xx\Debug\liblpc_chip_43xx.a(gpio_18xx_43xx.o)
 .debug_macro   0x00008f62      0x2da D:\FG\MMM2\Sistemas_embebidos\Workspaces_para_MCUXpressoide\workspace-EDU_CIAA_NXP-TP3_v2\lpc_chip_43xx\Debug\liblpc_chip_43xx.a(sysinit_18xx_43xx.o)
 .debug_macro   0x0000923c      0x2da D:\FG\MMM2\Sistemas_embebidos\Workspaces_para_MCUXpressoide\workspace-EDU_CIAA_NXP-TP3_v2\lpc_chip_43xx\Debug\liblpc_chip_43xx.a(uart_18xx_43xx.o)

.debug_line     0x00000000     0xad45
 .debug_line    0x00000000      0x93c ./freertos/src/FreeRTOSCommonHooks.o
 .debug_line    0x0000093c      0x8de ./freertos/src/heap_3.o
 .debug_line    0x0000121a      0x9a5 ./freertos/src/list.o
 .debug_line    0x00001bbf      0xb8f ./freertos/src/port.o
 .debug_line    0x0000274e     0x1006 ./freertos/src/queue.o
 .debug_line    0x00003754       0x60 ./freertos/src/redlib_memfix.o
 .debug_line    0x000037b4     0x16cd ./freertos/src/tasks.o
 .debug_line    0x00004e81      0x1aa ./example/src/cr_startup_lpc43xx.o
 .debug_line    0x0000502b      0xab9 ./example/src/freertos_examples_10_to_16.o
 .debug_line    0x00005ae4      0x72f ./example/src/sysinit.o
 .debug_line    0x00006213      0xd1a D:\FG\MMM2\Sistemas_embebidos\Workspaces_para_MCUXpressoide\workspace-EDU_CIAA_NXP-TP3_v2\lpc_board_nxp_lpcxpresso_4337\Debug\liblpc_board_nxp_lpcxpresso_4337.a(board.o)
 .debug_line    0x00006f2d      0x830 D:\FG\MMM2\Sistemas_embebidos\Workspaces_para_MCUXpressoide\workspace-EDU_CIAA_NXP-TP3_v2\lpc_board_nxp_lpcxpresso_4337\Debug\liblpc_board_nxp_lpcxpresso_4337.a(board_sysinit.o)
 .debug_line    0x0000775d      0x724 D:\FG\MMM2\Sistemas_embebidos\Workspaces_para_MCUXpressoide\workspace-EDU_CIAA_NXP-TP3_v2\lpc_chip_43xx\Debug\liblpc_chip_43xx.a(chip_18xx_43xx.o)
 .debug_line    0x00007e81     0x1023 D:\FG\MMM2\Sistemas_embebidos\Workspaces_para_MCUXpressoide\workspace-EDU_CIAA_NXP-TP3_v2\lpc_chip_43xx\Debug\liblpc_chip_43xx.a(clock_18xx_43xx.o)
 .debug_line    0x00008ea4      0x2bb D:\FG\MMM2\Sistemas_embebidos\Workspaces_para_MCUXpressoide\workspace-EDU_CIAA_NXP-TP3_v2\lpc_chip_43xx\Debug\liblpc_chip_43xx.a(fpu_init.o)
 .debug_line    0x0000915f      0x7a7 D:\FG\MMM2\Sistemas_embebidos\Workspaces_para_MCUXpressoide\workspace-EDU_CIAA_NXP-TP3_v2\lpc_chip_43xx\Debug\liblpc_chip_43xx.a(gpio_18xx_43xx.o)
 .debug_line    0x00009906      0x821 D:\FG\MMM2\Sistemas_embebidos\Workspaces_para_MCUXpressoide\workspace-EDU_CIAA_NXP-TP3_v2\lpc_chip_43xx\Debug\liblpc_chip_43xx.a(sysinit_18xx_43xx.o)
 .debug_line    0x0000a127      0xc1e D:\FG\MMM2\Sistemas_embebidos\Workspaces_para_MCUXpressoide\workspace-EDU_CIAA_NXP-TP3_v2\lpc_chip_43xx\Debug\liblpc_chip_43xx.a(uart_18xx_43xx.o)

.debug_str      0x00000000    0x1fe1e
 .debug_str     0x00000000    0x18994 ./freertos/src/FreeRTOSCommonHooks.o
                              0x18abb (size before relaxing)
 .debug_str     0x00018994      0x103 ./freertos/src/heap_3.o
                              0x18ab1 (size before relaxing)
 .debug_str     0x00018a97      0x139 ./freertos/src/list.o
                              0x187c9 (size before relaxing)
 .debug_str     0x00018bd0     0x11d1 ./freertos/src/port.o
                              0x19bec (size before relaxing)
 .debug_str     0x00019da1     0x10ed ./freertos/src/queue.o
                              0x1a68e (size before relaxing)
 .debug_str     0x0001ae8e       0x6f ./freertos/src/redlib_memfix.o
                               0x2ece (size before relaxing)
 .debug_str     0x0001aefd     0x165e ./freertos/src/tasks.o
                              0x1ad11 (size before relaxing)
 .debug_str     0x0001c55b      0x1cf ./example/src/cr_startup_lpc43xx.o
                               0x3052 (size before relaxing)
 .debug_str     0x0001c72a      0xead ./example/src/freertos_examples_10_to_16.o
                              0x1adb9 (size before relaxing)
 .debug_str     0x0001d5d7       0x23 ./example/src/sysinit.o
                              0x16208 (size before relaxing)
 .debug_str     0x0001d5fa     0x1a58 D:\FG\MMM2\Sistemas_embebidos\Workspaces_para_MCUXpressoide\workspace-EDU_CIAA_NXP-TP3_v2\lpc_board_nxp_lpcxpresso_4337\Debug\liblpc_board_nxp_lpcxpresso_4337.a(board.o)
                              0x1867e (size before relaxing)
 .debug_str     0x0001f052      0x125 D:\FG\MMM2\Sistemas_embebidos\Workspaces_para_MCUXpressoide\workspace-EDU_CIAA_NXP-TP3_v2\lpc_board_nxp_lpcxpresso_4337\Debug\liblpc_board_nxp_lpcxpresso_4337.a(board_sysinit.o)
                              0x16f94 (size before relaxing)
 .debug_str     0x0001f177      0x10f D:\FG\MMM2\Sistemas_embebidos\Workspaces_para_MCUXpressoide\workspace-EDU_CIAA_NXP-TP3_v2\lpc_chip_43xx\Debug\liblpc_chip_43xx.a(chip_18xx_43xx.o)
                              0x16645 (size before relaxing)
 .debug_str     0x0001f286      0x5e7 D:\FG\MMM2\Sistemas_embebidos\Workspaces_para_MCUXpressoide\workspace-EDU_CIAA_NXP-TP3_v2\lpc_chip_43xx\Debug\liblpc_chip_43xx.a(clock_18xx_43xx.o)
                              0x16bc4 (size before relaxing)
 .debug_str     0x0001f86d       0xb5 D:\FG\MMM2\Sistemas_embebidos\Workspaces_para_MCUXpressoide\workspace-EDU_CIAA_NXP-TP3_v2\lpc_chip_43xx\Debug\liblpc_chip_43xx.a(fpu_init.o)
                               0xa1ca (size before relaxing)
 .debug_str     0x0001f922       0xe4 D:\FG\MMM2\Sistemas_embebidos\Workspaces_para_MCUXpressoide\workspace-EDU_CIAA_NXP-TP3_v2\lpc_chip_43xx\Debug\liblpc_chip_43xx.a(gpio_18xx_43xx.o)
                              0x15a57 (size before relaxing)
 .debug_str     0x0001fa06       0xb4 D:\FG\MMM2\Sistemas_embebidos\Workspaces_para_MCUXpressoide\workspace-EDU_CIAA_NXP-TP3_v2\lpc_chip_43xx\Debug\liblpc_chip_43xx.a(sysinit_18xx_43xx.o)
                              0x16624 (size before relaxing)
 .debug_str     0x0001faba      0x364 D:\FG\MMM2\Sistemas_embebidos\Workspaces_para_MCUXpressoide\workspace-EDU_CIAA_NXP-TP3_v2\lpc_chip_43xx\Debug\liblpc_chip_43xx.a(uart_18xx_43xx.o)
                              0x16788 (size before relaxing)

.comment        0x00000000       0x75
 .comment       0x00000000       0x75 ./freertos/src/FreeRTOSCommonHooks.o
                                 0x76 (size before relaxing)
 .comment       0x00000075       0x76 ./freertos/src/heap_3.o
 .comment       0x00000075       0x76 ./freertos/src/list.o
 .comment       0x00000075       0x76 ./freertos/src/port.o
 .comment       0x00000075       0x76 ./freertos/src/queue.o
 .comment       0x00000075       0x76 ./freertos/src/redlib_memfix.o
 .comment       0x00000075       0x76 ./freertos/src/tasks.o
 .comment       0x00000075       0x76 ./example/src/cr_startup_lpc43xx.o
 .comment       0x00000075       0x76 ./example/src/freertos_examples_10_to_16.o
 .comment       0x00000075       0x76 ./example/src/sysinit.o
 .comment       0x00000075       0x76 D:\FG\MMM2\Sistemas_embebidos\Workspaces_para_MCUXpressoide\workspace-EDU_CIAA_NXP-TP3_v2\lpc_board_nxp_lpcxpresso_4337\Debug\liblpc_board_nxp_lpcxpresso_4337.a(board.o)
 .comment       0x00000075       0x76 D:\FG\MMM2\Sistemas_embebidos\Workspaces_para_MCUXpressoide\workspace-EDU_CIAA_NXP-TP3_v2\lpc_board_nxp_lpcxpresso_4337\Debug\liblpc_board_nxp_lpcxpresso_4337.a(board_sysinit.o)
 .comment       0x00000075       0x76 D:\FG\MMM2\Sistemas_embebidos\Workspaces_para_MCUXpressoide\workspace-EDU_CIAA_NXP-TP3_v2\lpc_chip_43xx\Debug\liblpc_chip_43xx.a(chip_18xx_43xx.o)
 .comment       0x00000075       0x76 D:\FG\MMM2\Sistemas_embebidos\Workspaces_para_MCUXpressoide\workspace-EDU_CIAA_NXP-TP3_v2\lpc_chip_43xx\Debug\liblpc_chip_43xx.a(clock_18xx_43xx.o)
 .comment       0x00000075       0x76 D:\FG\MMM2\Sistemas_embebidos\Workspaces_para_MCUXpressoide\workspace-EDU_CIAA_NXP-TP3_v2\lpc_chip_43xx\Debug\liblpc_chip_43xx.a(fpu_init.o)
 .comment       0x00000075       0x76 D:\FG\MMM2\Sistemas_embebidos\Workspaces_para_MCUXpressoide\workspace-EDU_CIAA_NXP-TP3_v2\lpc_chip_43xx\Debug\liblpc_chip_43xx.a(gpio_18xx_43xx.o)
 .comment       0x00000075       0x76 D:\FG\MMM2\Sistemas_embebidos\Workspaces_para_MCUXpressoide\workspace-EDU_CIAA_NXP-TP3_v2\lpc_chip_43xx\Debug\liblpc_chip_43xx.a(sysinit_18xx_43xx.o)
 .comment       0x00000075       0x76 D:\FG\MMM2\Sistemas_embebidos\Workspaces_para_MCUXpressoide\workspace-EDU_CIAA_NXP-TP3_v2\lpc_chip_43xx\Debug\liblpc_chip_43xx.a(uart_18xx_43xx.o)
 .comment       0x00000075       0x76 d:/nxp/mcuxpressoide_11.0.1_2563/ide/plugins/com.nxp.mcuxpresso.tools.win32_11.0.1.201907311258/tools/bin/../lib/gcc/arm-none-eabi/8.2.1/../../../../arm-none-eabi/lib/thumb/v7e-m+fp/softfp\libcr_nohost.a(_cr__main.o)
 .comment       0x00000075       0x76 d:/nxp/mcuxpressoide_11.0.1_2563/ide/plugins/com.nxp.mcuxpresso.tools.win32_11.0.1.201907311258/tools/bin/../lib/gcc/arm-none-eabi/8.2.1/../../../../arm-none-eabi/lib/thumb/v7e-m+fp/softfp\libcr_c.a(memcpy.o)
 .comment       0x00000075       0x76 d:/nxp/mcuxpressoide_11.0.1_2563/ide/plugins/com.nxp.mcuxpresso.tools.win32_11.0.1.201907311258/tools/bin/../lib/gcc/arm-none-eabi/8.2.1/../../../../arm-none-eabi/lib/thumb/v7e-m+fp/softfp\libcr_c.a(memset.o)
 .comment       0x00000075       0x76 d:/nxp/mcuxpressoide_11.0.1_2563/ide/plugins/com.nxp.mcuxpresso.tools.win32_11.0.1.201907311258/tools/bin/../lib/gcc/arm-none-eabi/8.2.1/../../../../arm-none-eabi/lib/thumb/v7e-m+fp/softfp\libcr_c.a(alloc.o)
 .comment       0x00000075       0x76 d:/nxp/mcuxpressoide_11.0.1_2563/ide/plugins/com.nxp.mcuxpresso.tools.win32_11.0.1.201907311258/tools/bin/../lib/gcc/arm-none-eabi/8.2.1/../../../../arm-none-eabi/lib/thumb/v7e-m+fp/softfp\libcr_c.a(fpprintf.o)
 .comment       0x00000075       0x76 d:/nxp/mcuxpressoide_11.0.1_2563/ide/plugins/com.nxp.mcuxpresso.tools.win32_11.0.1.201907311258/tools/bin/../lib/gcc/arm-none-eabi/8.2.1/../../../../arm-none-eabi/lib/thumb/v7e-m+fp/softfp\libcr_c.a(initio.o)
 .comment       0x00000075       0x76 d:/nxp/mcuxpressoide_11.0.1_2563/ide/plugins/com.nxp.mcuxpresso.tools.win32_11.0.1.201907311258/tools/bin/../lib/gcc/arm-none-eabi/8.2.1/../../../../arm-none-eabi/lib/thumb/v7e-m+fp/softfp\libcr_c.a(printf.o)
 .comment       0x00000075       0x76 d:/nxp/mcuxpressoide_11.0.1_2563/ide/plugins/com.nxp.mcuxpresso.tools.win32_11.0.1.201907311258/tools/bin/../lib/gcc/arm-none-eabi/8.2.1/../../../../arm-none-eabi/lib/thumb/v7e-m+fp/softfp\libcr_c.a(setvbuf.o)