tasks.c:515:12:xTaskGenericCreate	48	static
tasks.c:695:7:vTaskDelete	24	static
tasks.c:777:7:vTaskDelayUntil	32	static
tasks.c:873:7:vTaskDelay	24	static
tasks.c:1009:14:uxTaskPriorityGet	24	static
tasks.c:1031:7:vTaskPrioritySet	32	static
tasks.c:1195:7:vTaskSuspend	24	static
tasks.c:1284:20:prvTaskIsTaskSuspended	24	static
tasks.c:1330:7:vTaskResume	24	static
tasks.c:1384:13:xTaskResumeFromISR	32	static
tasks.c:1454:6:vTaskStartScheduler	32	static
tasks.c:1532:6:vTaskEndScheduler	8	static
tasks.c:1543:6:vTaskSuspendAll	4	static
tasks.c:1555:20:prvGetExpectedIdleTime	16	static
tasks.c:1581:12:xTaskResumeAll	16	static
tasks.c:1674:12:xTaskGetTickCount	16	static
tasks.c:1689:12:xTaskGetTickCountFromISR	16	static
tasks.c:1720:13:uxTaskGetNumberOfTasks	4	static
tasks.c:1745:14:uxTaskGetSystemState	32	static
tasks.c:1836:7:vTaskStepTick	16	static
tasks.c:1849:12:xTaskIncrementTick	32	static
tasks.c:2113:6:vTaskSwitchContext	16	static
tasks.c:2171:6:vTaskPlaceOnEventList	24	static
tasks.c:2230:6:vTaskPlaceOnUnorderedEventList	32	static
tasks.c:2341:12:xTaskRemoveFromEventList	24	static
tasks.c:2395:12:xTaskRemoveFromUnorderedEventList	24	static
tasks.c:2440:6:vTaskSetTimeOutState	16	static
tasks.c:2448:12:xTaskCheckForTimeOut	24	static
tasks.c:2497:6:vTaskMissedYield	4	static
tasks.c:2505:14:uxTaskGetTaskNumber	24	static
tasks.c:2528:7:vTaskSetTaskNumber	24	static
tasks.c:2552:8:prvIdleTask	24	static
tasks.c:2657:19:eTaskConfirmSleepModeStatus	16	static
tasks.c:2699:13:prvInitialiseTCBVariables	32	static
tasks.c:2807:13:prvInitialiseTaskLists	16	static
tasks.c:2839:13:prvCheckTasksWaitingTermination	16	static
tasks.c:2880:13:prvAddCurrentTaskToDelayedList	16	static
tasks.c:2910:15:prvAllocateTCBAndStack	24	static
tasks.c:2949:21:prvListTaskWithinSingleList	56	static
tasks.c:3034:18:prvTaskCheckFreeStackSpace	24	static
tasks.c:3054:14:uxTaskGetStackHighWaterMark	32	static
tasks.c:3082:14:prvDeleteTCB	16	static
tasks.c:3103:13:prvResetNextTaskUnblockTime	16	static
tasks.c:3130:15:xTaskGetCurrentTaskHandle	16	static
tasks.c:3175:7:vTaskPriorityInherit	24	static
tasks.c:3238:7:vTaskPriorityDisinherit	24	static
tasks.c:3546:12:uxTaskResetEventItemValue	16	static
