Archive member included to satisfy reference by file (symbol)

C:\Users\valen\Documents\FIUBA\Sistemas_Embebidos\TP3\LPCXpresso-FreeRTOS-Examples\lpc_board_nxp_lpcxpresso_4337\Debug\liblpc_board_nxp_lpcxpresso_4337.a(board.o)
                              ./freertos/src/FreeRTOSCommonHooks.o (Board_UARTPutSTR)
C:\Users\valen\Documents\FIUBA\Sistemas_Embebidos\TP3\LPCXpresso-FreeRTOS-Examples\lpc_board_nxp_lpcxpresso_4337\Debug\liblpc_board_nxp_lpcxpresso_4337.a(board_sysinit.o)
                              ./example/src/sysinit.o (Board_SystemInit)
C:\Users\valen\Documents\FIUBA\Sistemas_Embebidos\TP3\LPCXpresso-FreeRTOS-Examples\lpc_board_nxp_lpcxpresso_4337\Debug\liblpc_board_nxp_lpcxpresso_4337.a(wm8904.o)
                              C:\Users\valen\Documents\FIUBA\Sistemas_Embebidos\TP3\LPCXpresso-FreeRTOS-Examples\lpc_board_nxp_lpcxpresso_4337\Debug\liblpc_board_nxp_lpcxpresso_4337.a(board.o) (WM8904_Init)
C:\Users\valen\Documents\FIUBA\Sistemas_Embebidos\TP3\LPCXpresso-FreeRTOS-Examples\lpc_chip_43xx\Debug\liblpc_chip_43xx.a(chip_18xx_43xx.o)
                              ./freertos/src/port.o (SystemCoreClock)
C:\Users\valen\Documents\FIUBA\Sistemas_Embebidos\TP3\LPCXpresso-FreeRTOS-Examples\lpc_chip_43xx\Debug\liblpc_chip_43xx.a(clock_18xx_43xx.o)
                              C:\Users\valen\Documents\FIUBA\Sistemas_Embebidos\TP3\LPCXpresso-FreeRTOS-Examples\lpc_chip_43xx\Debug\liblpc_chip_43xx.a(chip_18xx_43xx.o) (Chip_Clock_GetClockInputHz)
C:\Users\valen\Documents\FIUBA\Sistemas_Embebidos\TP3\LPCXpresso-FreeRTOS-Examples\lpc_chip_43xx\Debug\liblpc_chip_43xx.a(fpu_init.o)
                              ./example/src/sysinit.o (fpuInit)
C:\Users\valen\Documents\FIUBA\Sistemas_Embebidos\TP3\LPCXpresso-FreeRTOS-Examples\lpc_chip_43xx\Debug\liblpc_chip_43xx.a(gpio_18xx_43xx.o)
                              C:\Users\valen\Documents\FIUBA\Sistemas_Embebidos\TP3\LPCXpresso-FreeRTOS-Examples\lpc_board_nxp_lpcxpresso_4337\Debug\liblpc_board_nxp_lpcxpresso_4337.a(board.o) (Chip_GPIO_Init)
C:\Users\valen\Documents\FIUBA\Sistemas_Embebidos\TP3\LPCXpresso-FreeRTOS-Examples\lpc_chip_43xx\Debug\liblpc_chip_43xx.a(i2c_18xx_43xx.o)
                              C:\Users\valen\Documents\FIUBA\Sistemas_Embebidos\TP3\LPCXpresso-FreeRTOS-Examples\lpc_board_nxp_lpcxpresso_4337\Debug\liblpc_board_nxp_lpcxpresso_4337.a(wm8904.o) (Chip_I2C_EventHandlerPolling)
C:\Users\valen\Documents\FIUBA\Sistemas_Embebidos\TP3\LPCXpresso-FreeRTOS-Examples\lpc_chip_43xx\Debug\liblpc_chip_43xx.a(ssp_18xx_43xx.o)
                              C:\Users\valen\Documents\FIUBA\Sistemas_Embebidos\TP3\LPCXpresso-FreeRTOS-Examples\lpc_board_nxp_lpcxpresso_4337\Debug\liblpc_board_nxp_lpcxpresso_4337.a(board.o) (Chip_SSP_WriteFrames_Blocking)
C:\Users\valen\Documents\FIUBA\Sistemas_Embebidos\TP3\LPCXpresso-FreeRTOS-Examples\lpc_chip_43xx\Debug\liblpc_chip_43xx.a(sysinit_18xx_43xx.o)
                              C:\Users\valen\Documents\FIUBA\Sistemas_Embebidos\TP3\LPCXpresso-FreeRTOS-Examples\lpc_board_nxp_lpcxpresso_4337\Debug\liblpc_board_nxp_lpcxpresso_4337.a(board_sysinit.o) (Chip_SetupCoreClock)
C:\Users\valen\Documents\FIUBA\Sistemas_Embebidos\TP3\LPCXpresso-FreeRTOS-Examples\lpc_chip_43xx\Debug\liblpc_chip_43xx.a(uart_18xx_43xx.o)
                              C:\Users\valen\Documents\FIUBA\Sistemas_Embebidos\TP3\LPCXpresso-FreeRTOS-Examples\lpc_board_nxp_lpcxpresso_4337\Debug\liblpc_board_nxp_lpcxpresso_4337.a(board.o) (Chip_UART_Init)
C:\Users\valen\Documents\FIUBA\Sistemas_Embebidos\TP3\LPCXpresso-FreeRTOS-Examples\lpc_chip_43xx\Debug\liblpc_chip_43xx.a(ring_buffer.o)
                              C:\Users\valen\Documents\FIUBA\Sistemas_Embebidos\TP3\LPCXpresso-FreeRTOS-Examples\lpc_chip_43xx\Debug\liblpc_chip_43xx.a(uart_18xx_43xx.o) (RingBuffer_Insert)
c:/nxp/mcuxpressoide_11.0.0_2516/ide/plugins/com.nxp.mcuxpresso.tools.win32_11.0.0.201905131304/tools/bin/../lib/gcc/arm-none-eabi/8.2.1/../../../../arm-none-eabi/lib/thumb/v7e-m+fp/softfp\libcr_nohost.a(_cr__main.o)
                              ./example/src/cr_startup_lpc43xx.o (__main)
c:/nxp/mcuxpressoide_11.0.0_2516/ide/plugins/com.nxp.mcuxpresso.tools.win32_11.0.0.201905131304/tools/bin/../lib/gcc/arm-none-eabi/8.2.1/../../../../arm-none-eabi/lib/thumb/v7e-m+fp/softfp\libcr_c.a(memcpy.o)
                              ./freertos/src/queue.o (memcpy)
c:/nxp/mcuxpressoide_11.0.0_2516/ide/plugins/com.nxp.mcuxpresso.tools.win32_11.0.0.201905131304/tools/bin/../lib/gcc/arm-none-eabi/8.2.1/../../../../arm-none-eabi/lib/thumb/v7e-m+fp/softfp\libcr_c.a(memset.o)
                              ./freertos/src/tasks.o (memset)
c:/nxp/mcuxpressoide_11.0.0_2516/ide/plugins/com.nxp.mcuxpresso.tools.win32_11.0.0.201905131304/tools/bin/../lib/gcc/arm-none-eabi/8.2.1/../../../../arm-none-eabi/lib/thumb/v7e-m+fp/softfp\libcr_c.a(alloc.o)
                              ./freertos/src/heap_3.o (malloc)
[...]
Memory Configuration

Name             Origin             Length             Attributes
MFlashA512       0x1a000000         0x00080000         xr
MFlashB512       0x1b000000         0x00080000         xr
RamLoc32         0x10000000         0x00008000         xrw
RamLoc40         0x10080000         0x0000a000         xrw
RamAHB32         0x20000000         0x00008000         xrw
RamAHB16         0x20008000         0x00004000         xrw
RamAHB_ETB16     0x2000c000         0x00004000         xrw
*default*        0x00000000         0xffffffff

Linker script and memory map

LOAD ./freertos/src/FreeRTOSCommonHooks.o
LOAD ./freertos/src/croutine.o
LOAD ./freertos/src/event_groups.o
LOAD ./freertos/src/heap_3.o
LOAD ./freertos/src/list.o
LOAD ./freertos/src/port.o
LOAD ./freertos/src/queue.o
LOAD ./freertos/src/redlib_memfix.o
LOAD ./freertos/src/tasks.o
LOAD ./freertos/src/timers.o
LOAD ./example/src/cr_startup_lpc43xx.o
LOAD ./example/src/freertos_examples_1_to_9.o
LOAD ./example/src/sysinit.o
LOAD C:\Users\valen\Documents\FIUBA\Sistemas_Embebidos\TP3\LPCXpresso-FreeRTOS-Examples\lpc_board_nxp_lpcxpresso_4337\Debug\liblpc_board_nxp_lpcxpresso_4337.a
LOAD C:\Users\valen\Documents\FIUBA\Sistemas_Embebidos\TP3\LPCXpresso-FreeRTOS-Examples\lpc_chip_43xx\Debug\liblpc_chip_43xx.a
START GROUP
LOAD c:/nxp/mcuxpressoide_11.0.0_2516/ide/plugins/com.nxp.mcuxpresso.tools.win32_11.0.0.201905131304/tools/bin/../lib/gcc/arm-none-eabi/8.2.1/../../../../arm-none-eabi/lib/thumb/v7e-m+fp/softfp\libcr_nohost.a
LOAD c:/nxp/mcuxpressoide_11.0.0_2516/ide/plugins/com.nxp.mcuxpresso.tools.win32_11.0.0.201905131304/tools/bin/../lib/gcc/arm-none-eabi/8.2.1/../../../../arm-none-eabi/lib/thumb/v7e-m+fp/softfp\libcr_c.a
LOAD c:/nxp/mcuxpressoide_11.0.0_2516/ide/plugins/com.nxp.mcuxpresso.tools.win32_11.0.0.201905131304/tools/bin/../lib/gcc/arm-none-eabi/8.2.1/thumb/v7e-m+fp/softfp\libcr_eabihelpers.a
LOAD c:/nxp/mcuxpressoide_11.0.0_2516/ide/plugins/com.nxp.mcuxpresso.tools.win32_11.0.0.201905131304/tools/bin/../lib/gcc/arm-none-eabi/8.2.1/thumb/v7e-m+fp/softfp\libgcc.a
END GROUP
                0x1a000000                __base_MFlashA512 = 0x1a000000
                0x1a000000                __base_Flash = 0x1a000000
                0x1a080000                __top_MFlashA512 = 0x1a080000
                0x1a080000                __top_Flash = 0x1a080000
                0x1b000000                __base_MFlashB512 = 0x1b000000
                0x1b000000                __base_Flash2 = 0x1b000000
                0x1b080000                __top_MFlashB512 = 0x1b080000
                0x1b080000                __top_Flash2 = 0x1b080000
                0x10000000                __base_RamLoc32 = 0x10000000
                0x10000000                __base_RAM = 0x10000000
                0x10008000                __top_RamLoc32 = 0x10008000
                0x10008000                __top_RAM = 0x10008000
                0x10080000                __base_RamLoc40 = 0x10080000
                0x10080000                __base_RAM2 = 0x10080000
                0x1008a000                __top_RamLoc40 = 0x1008a000
                0x1008a000                __top_RAM2 = 0x1008a000
                0x20000000                __base_RamAHB32 = 0x20000000
                0x20000000                __base_RAM3 = 0x20000000
                0x20008000                __top_RamAHB32 = 0x20008000
                0x20008000                __top_RAM3 = 0x20008000
                0x20008000                __base_RamAHB16 = 0x20008000
                0x20008000                __base_RAM4 = 0x20008000
                0x2000c000                __top_RamAHB16 = 0x2000c000
                0x2000c000                __top_RAM4 = 0x2000c000
                0x2000c000                __base_RamAHB_ETB16 = 0x2000c000
                0x2000c000                __base_RAM5 = 0x2000c000
                0x20010000                __top_RamAHB_ETB16 = 0x20010000
                0x20010000                __top_RAM5 = 0x20010000

.text_Flash2    0x1b000000        0x0
 FILL mask 0xff
 *(.text_Flash2)
 *(.text_MFlashB512)
 *(.text.$Flash2)
 *(.text.$MFlashB512)
 *(.text_Flash2.*)
 *(.text_MFlashB512.*)
 *(.text.$Flash2.*)
 *(.text.$MFlashB512.*)
 *(.rodata.$Flash2)
 *(.rodata.$MFlashB512)
 *(.rodata.$Flash2.*)
 *(.rodata.$MFlashB512.*)

.text           0x1a000000     0x4efc
 FILL mask 0xff
                0x1a000000                __vectors_start__ = ABSOLUTE (.)
 *(.isr_vector)
 .isr_vector    0x1a000000      0x114 ./example/src/cr_startup_lpc43xx.o
                0x1a000000                g_pfnVectors
                0x1a000114                . = ALIGN (0x4)
                0x1a000114                __section_table_start = .
                0x1a000114                __data_section_table = .
                0x1a000114        0x4 LONG 0x1a004efc LOADADDR (.data)
                0x1a000118        0x4 LONG 0x10000000 ADDR (.data)
                0x1a00011c        0x4 LONG 0xc SIZEOF (.data)
                0x1a000120        0x4 LONG 0x1a004efc LOADADDR (.data_RAM2)
                0x1a000124        0x4 LONG 0x10080000 ADDR (.data_RAM2)
                0x1a000128        0x4 LONG 0x0 SIZEOF (.data_RAM2)
                0x1a00012c        0x4 LONG 0x1a004efc LOADADDR (.data_RAM3)
                0x1a000130        0x4 LONG 0x20000000 ADDR (.data_RAM3)
                0x1a000134        0x4 LONG 0x0 SIZEOF (.data_RAM3)
                0x1a000138        0x4 LONG 0x1a004efc LOADADDR (.data_RAM4)
                0x1a00013c        0x4 LONG 0x20008000 ADDR (.data_RAM4)
                0x1a000140        0x4 LONG 0x0 SIZEOF (.data_RAM4)
                0x1a000144        0x4 LONG 0x1a004efc LOADADDR (.data_RAM5)
                0x1a000148        0x4 LONG 0x2000c000 ADDR (.data_RAM5)
                0x1a00014c        0x4 LONG 0x0 SIZEOF (.data_RAM5)
                0x1a000150                __data_section_table_end = .
                0x1a000150                __bss_section_table = .
                0x1a000150        0x4 LONG 0x1000000c ADDR (.bss)
                0x1a000154        0x4 LONG 0x33c SIZEOF (.bss)
                0x1a000158        0x4 LONG 0x10080000 ADDR (.bss_RAM2)
                0x1a00015c        0x4 LONG 0x0 SIZEOF (.bss_RAM2)
                0x1a000160        0x4 LONG 0x20000000 ADDR (.bss_RAM3)
                0x1a000164        0x4 LONG 0x0 SIZEOF (.bss_RAM3)
                0x1a000168        0x4 LONG 0x20008000 ADDR (.bss_RAM4)
                0x1a00016c        0x4 LONG 0x0 SIZEOF (.bss_RAM4)
                0x1a000170        0x4 LONG 0x2000c000 ADDR (.bss_RAM5)
                0x1a000174        0x4 LONG 0x0 SIZEOF (.bss_RAM5)
                0x1a000178                __bss_section_table_end = .
                0x1a000178                __section_table_end = .
 *(.after_vectors*)
 .after_vectors
                0x1a000178       0xb8 ./example/src/cr_startup_lpc43xx.o
                0x1a000178                data_init
                0x1a0001bc                bss_init
                0x1a0001f4                NMI_Handler
                0x1a0001fa                HardFault_Handler
                0x1a000200                MemManage_Handler
                0x1a000206                BusFault_Handler
                0x1a00020c                UsageFault_Handler
                0x1a000218                DebugMon_Handler
                0x1a00022a                ATIMER_IRQHandler
                0x1a00022a                FLASH_EEPROM_IRQHandler
                0x1a00022a                I2C1_IRQHandler
                0x1a00022a                UART1_IRQHandler
                0x1a00022a                GPIO5_IRQHandler
                0x1a00022a                CAN1_IRQHandler
                0x1a00022a                SDIO_IRQHandler
                0x1a00022a                I2S0_IRQHandler
                0x1a00022a                TIMER3_IRQHandler
                0x1a00022a                UART0_IRQHandler
                0x1a00022a                ADCHS_IRQHandler
                0x1a00022a                SGPIO_IRQHandler
                0x1a00022a                RIT_IRQHandler
                0x1a00022a                USB1_IRQHandler
                0x1a00022a                GPIO6_IRQHandler
                0x1a00022a                IntDefaultHandler
                0x1a00022a                GPIO1_IRQHandler
                0x1a00022a                SSP0_IRQHandler
                0x1a00022a                ADC1_IRQHandler
                0x1a00022a                RTC_IRQHandler
                0x1a00022a                TIMER0_IRQHandler
                0x1a00022a                SPI_IRQHandler
                0x1a00022a                LCD_IRQHandler
                0x1a00022a                I2C0_IRQHandler
                0x1a00022a                TIMER1_IRQHandler
                0x1a00022a                UART2_IRQHandler
                0x1a00022a                GPIO2_IRQHandler
                0x1a00022a                I2S1_IRQHandler
                0x1a00022a                SSP1_IRQHandler
                0x1a00022a                USB0_IRQHandler
                0x1a00022a                GPIO3_IRQHandler
                0x1a00022a                SCT_IRQHandler
                0x1a00022a                ADC0_IRQHandler
                0x1a00022a                WDT_IRQHandler
                0x1a00022a                GPIO7_IRQHandler
                0x1a00022a                SPIFI_IRQHandler
                0x1a00022a                QEI_IRQHandler
                0x1a00022a                ETH_IRQHandler
                0x1a00022a                CAN0_IRQHandler
                0x1a00022a                GINT0_IRQHandler
                0x1a00022a                DAC_IRQHandler
                0x1a00022a                M0SUB_IRQHandler
                0x1a00022a                GPIO0_IRQHandler
                0x1a00022a                DMA_IRQHandler
                0x1a00022a                EVRT_IRQHandler
                0x1a00022a                TIMER2_IRQHandler
                0x1a00022a                UART3_IRQHandler
                0x1a00022a                MCPWM_IRQHandler
                0x1a00022a                M0APP_IRQHandler
                0x1a00022a                GINT1_IRQHandler
                0x1a00022a                GPIO4_IRQHandler
 *(.text*)
 .text.vApplicationIdleHook
                0x1a000230       0x10 ./freertos/src/FreeRTOSCommonHooks.o
                0x1a000230                vApplicationIdleHook
 .text.pvPortMalloc
                0x1a000240       0x22 ./freertos/src/heap_3.o
                0x1a000240                pvPortMalloc
 .text.vPortFree
                0x1a000262       0x24 ./freertos/src/heap_3.o
                0x1a000262                vPortFree
 .text.vListInitialise
                0x1a000286       0x40 ./freertos/src/list.o
                0x1a000286                vListInitialise
 .text.vListInitialiseItem
                0x1a0002c6       0x1a ./freertos/src/list.o
                0x1a0002c6                vListInitialiseItem
 .text.vListInsertEnd
                0x1a0002e0       0x48 ./freertos/src/list.o
                0x1a0002e0                vListInsertEnd
 .text.uxListRemove
                0x1a000328       0x54 ./freertos/src/list.o
                0x1a000328                uxListRemove
 .text.pxPortInitialiseStack
                0x1a00037c       0x64 ./freertos/src/port.o
                0x1a00037c                pxPortInitialiseStack
 .text.prvTaskExitError
                0x1a0003e0        0xa ./freertos/src/port.o
 *fill*         0x1a0003ea        0x2 ff
 .text.SVC_Handler
                0x1a0003ec       0x24 ./freertos/src/port.o
                0x1a0003ec                SVC_Handler
 .text.prvPortStartFirstTask
                0x1a000410       0x20 ./freertos/src/port.o
 .text.xPortStartScheduler
                0x1a000430       0x50 ./freertos/src/port.o
                0x1a000430                xPortStartScheduler
 .text.vPortYield
                0x1a000480       0x24 ./freertos/src/port.o
                0x1a000480                vPortYield
 .text.vPortEnterCritical
                0x1a0004a4       0x24 ./freertos/src/port.o
                0x1a0004a4                vPortEnterCritical
 .text.vPortExitCritical
                0x1a0004c8       0x24 ./freertos/src/port.o
                0x1a0004c8                vPortExitCritical
 .text.ulPortSetInterruptMask
                0x1a0004ec       0x12 ./freertos/src/port.o
                0x1a0004ec                ulPortSetInterruptMask
 .text.vPortClearInterruptMask
                0x1a0004fe        0x8 ./freertos/src/port.o
                0x1a0004fe                vPortClearInterruptMask
 *fill*         0x1a000506        0x2 ff
 .text.PendSV_Handler
                0x1a000508       0x5c ./freertos/src/port.o
                0x1a000508                PendSV_Handler
 .text.SysTick_Handler
                0x1a000564       0x28 ./freertos/src/port.o
                0x1a000564                SysTick_Handler
 .text.vPortSuppressTicksAndSleep
                0x1a00058c      0x17c ./freertos/src/port.o
                0x1a00058c                vPortSuppressTicksAndSleep
 .text.vPortSetupTimerInterrupt
                0x1a000708       0x68 ./freertos/src/port.o
                0x1a000708                vPortSetupTimerInterrupt
 .text.vPortEnableVFP
                0x1a000770       0x14 ./freertos/src/port.o
 .text.__check_heap_overflow
                0x1a000784       0x30 ./freertos/src/redlib_memfix.o
                0x1a000784                __check_heap_overflow
 .text.xTaskGenericCreate
                0x1a0007b4      0x140 ./freertos/src/tasks.o
                0x1a0007b4                xTaskGenericCreate
 .text.vTaskStartScheduler
                0x1a0008f4       0x58 ./freertos/src/tasks.o
                0x1a0008f4                vTaskStartScheduler
 .text.vTaskSuspendAll
                0x1a00094c       0x1c ./freertos/src/tasks.o
                0x1a00094c                vTaskSuspendAll
 .text.prvGetExpectedIdleTime
                0x1a000968       0x50 ./freertos/src/tasks.o
 .text.xTaskResumeAll
                0x1a0009b8       0xfc ./freertos/src/tasks.o
                0x1a0009b8                xTaskResumeAll
 .text.vTaskStepTick
                0x1a000ab4       0x24 ./freertos/src/tasks.o
                0x1a000ab4                vTaskStepTick
 .text.xTaskIncrementTick
                0x1a000ad8      0x15c ./freertos/src/tasks.o
                0x1a000ad8                xTaskIncrementTick
 .text.vTaskSwitchContext
                0x1a000c34       0x9c ./freertos/src/tasks.o
                0x1a000c34                vTaskSwitchContext
 .text.prvIdleTask
                0x1a000cd0       0x48 ./freertos/src/tasks.o
 .text.eTaskConfirmSleepModeStatus
                0x1a000d18       0x5c ./freertos/src/tasks.o
                0x1a000d18                eTaskConfirmSleepModeStatus
 .text.prvInitialiseTCBVariables
                0x1a000d74       0x94 ./freertos/src/tasks.o
 .text.prvInitialiseTaskLists
                0x1a000e08       0x80 ./freertos/src/tasks.o
 .text.prvCheckTasksWaitingTermination
                0x1a000e88       0x78 ./freertos/src/tasks.o
 .text.prvAllocateTCBAndStack
                0x1a000f00       0x62 ./freertos/src/tasks.o
 .text.prvDeleteTCB
                0x1a000f62       0x20 ./freertos/src/tasks.o
 *fill*         0x1a000f82        0x2 ff
 .text.prvResetNextTaskUnblockTime
                0x1a000f84       0x4c ./freertos/src/tasks.o
 .text.ResetISR
                0x1a000fd0       0xc4 ./example/src/cr_startup_lpc43xx.o
                0x1a000fd0                ResetISR
 .text.prvSetupHardware
                0x1a001094       0x18 ./example/src/freertos_examples_1_to_9.o
 .text.vTask1   0x1a0010ac       0x38 ./example/src/freertos_examples_1_to_9.o
 .text.vTask2   0x1a0010e4       0x38 ./example/src/freertos_examples_1_to_9.o
 .text.main     0x1a00111c       0x68 ./example/src/freertos_examples_1_to_9.o
                0x1a00111c                main
 .text.SystemInit
                0x1a001184       0x28 ./example/src/sysinit.o
                0x1a001184                SystemInit
 .text.Chip_SCU_PinMuxSet
                0x1a0011ac       0x34 C:\Users\valen\Documents\FIUBA\Sistemas_Embebidos\TP3\LPCXpresso-FreeRTOS-Examples\lpc_board_nxp_lpcxpresso_4337\Debug\liblpc_board_nxp_lpcxpresso_4337.a(board.o)
 .text.Chip_ENET_RMIIEnable
                0x1a0011e0       0x28 C:\Users\valen\Documents\FIUBA\Sistemas_Embebidos\TP3\LPCXpresso-FreeRTOS-Examples\lpc_board_nxp_lpcxpresso_4337\Debug\liblpc_board_nxp_lpcxpresso_4337.a(board.o)
 .text.Chip_GPIO_SetPinState
                0x1a001208       0x38 C:\Users\valen\Documents\FIUBA\Sistemas_Embebidos\TP3\LPCXpresso-FreeRTOS-Examples\lpc_board_nxp_lpcxpresso_4337\Debug\liblpc_board_nxp_lpcxpresso_4337.a(board.o)
 .text.Chip_GPIO_SetPinDIROutput
                0x1a001240       0x40 C:\Users\valen\Documents\FIUBA\Sistemas_Embebidos\TP3\LPCXpresso-FreeRTOS-Examples\lpc_board_nxp_lpcxpresso_4337\Debug\liblpc_board_nxp_lpcxpresso_4337.a(board.o)
 .text.Chip_GPIO_SetPinDIRInput
                0x1a001280       0x40 C:\Users\valen\Documents\FIUBA\Sistemas_Embebidos\TP3\LPCXpresso-FreeRTOS-Examples\lpc_board_nxp_lpcxpresso_4337\Debug\liblpc_board_nxp_lpcxpresso_4337.a(board.o)
 .text.Chip_UART_TXEnable
                0x1a0012c0       0x1c C:\Users\valen\Documents\FIUBA\Sistemas_Embebidos\TP3\LPCXpresso-FreeRTOS-Examples\lpc_board_nxp_lpcxpresso_4337\Debug\liblpc_board_nxp_lpcxpresso_4337.a(board.o)
 .text.Chip_UART_SendByte
                0x1a0012dc       0x20 C:\Users\valen\Documents\FIUBA\Sistemas_Embebidos\TP3\LPCXpresso-FreeRTOS-Examples\lpc_board_nxp_lpcxpresso_4337\Debug\liblpc_board_nxp_lpcxpresso_4337.a(board.o)
 .text.Chip_UART_ConfigData
                0x1a0012fc       0x1c C:\Users\valen\Documents\FIUBA\Sistemas_Embebidos\TP3\LPCXpresso-FreeRTOS-Examples\lpc_board_nxp_lpcxpresso_4337\Debug\liblpc_board_nxp_lpcxpresso_4337.a(board.o)
 .text.Chip_UART_ReadLineStatus
                0x1a001318       0x18 C:\Users\valen\Documents\FIUBA\Sistemas_Embebidos\TP3\LPCXpresso-FreeRTOS-Examples\lpc_board_nxp_lpcxpresso_4337\Debug\liblpc_board_nxp_lpcxpresso_4337.a(board.o)
 .text.__sys_write
                0x1a001330       0x38 C:\Users\valen\Documents\FIUBA\Sistemas_Embebidos\TP3\LPCXpresso-FreeRTOS-Examples\lpc_board_nxp_lpcxpresso_4337\Debug\liblpc_board_nxp_lpcxpresso_4337.a(board.o)
                0x1a001330                __sys_write
 .text.Board_UART_Init
                0x1a001368       0x24 C:\Users\valen\Documents\FIUBA\Sistemas_Embebidos\TP3\LPCXpresso-FreeRTOS-Examples\lpc_board_nxp_lpcxpresso_4337\Debug\liblpc_board_nxp_lpcxpresso_4337.a(board.o)
                0x1a001368                Board_UART_Init
 .text.Board_Debug_Init
                0x1a00138c       0x30 C:\Users\valen\Documents\FIUBA\Sistemas_Embebidos\TP3\LPCXpresso-FreeRTOS-Examples\lpc_board_nxp_lpcxpresso_4337\Debug\liblpc_board_nxp_lpcxpresso_4337.a(board.o)
                0x1a00138c                Board_Debug_Init
 .text.Board_UARTPutChar
                0x1a0013bc       0x34 C:\Users\valen\Documents\FIUBA\Sistemas_Embebidos\TP3\LPCXpresso-FreeRTOS-Examples\lpc_board_nxp_lpcxpresso_4337\Debug\liblpc_board_nxp_lpcxpresso_4337.a(board.o)
                0x1a0013bc                Board_UARTPutChar
 .text.Board_LED_Init
                0x1a0013f0       0x5c C:\Users\valen\Documents\FIUBA\Sistemas_Embebidos\TP3\LPCXpresso-FreeRTOS-Examples\lpc_board_nxp_lpcxpresso_4337\Debug\liblpc_board_nxp_lpcxpresso_4337.a(board.o)
 .text.Board_LED_Set
                0x1a00144c       0x48 C:\Users\valen\Documents\FIUBA\Sistemas_Embebidos\TP3\LPCXpresso-FreeRTOS-Examples\lpc_board_nxp_lpcxpresso_4337\Debug\liblpc_board_nxp_lpcxpresso_4337.a(board.o)
                0x1a00144c                Board_LED_Set
 .text.Board_Buttons_Init
                0x1a001494       0x44 C:\Users\valen\Documents\FIUBA\Sistemas_Embebidos\TP3\LPCXpresso-FreeRTOS-Examples\lpc_board_nxp_lpcxpresso_4337\Debug\liblpc_board_nxp_lpcxpresso_4337.a(board.o)
                0x1a001494                Board_Buttons_Init
 .text.Board_Init
                0x1a0014d8       0x28 C:\Users\valen\Documents\FIUBA\Sistemas_Embebidos\TP3\LPCXpresso-FreeRTOS-Examples\lpc_board_nxp_lpcxpresso_4337\Debug\liblpc_board_nxp_lpcxpresso_4337.a(board.o)
                0x1a0014d8                Board_Init
 .text.Chip_SCU_PinMuxSet
                0x1a001500       0x34 C:\Users\valen\Documents\FIUBA\Sistemas_Embebidos\TP3\LPCXpresso-FreeRTOS-Examples\lpc_board_nxp_lpcxpresso_4337\Debug\liblpc_board_nxp_lpcxpresso_4337.a(board_sysinit.o)
 .text.Chip_SCU_SetPinMuxing
                0x1a001534       0x4c C:\Users\valen\Documents\FIUBA\Sistemas_Embebidos\TP3\LPCXpresso-FreeRTOS-Examples\lpc_board_nxp_lpcxpresso_4337\Debug\liblpc_board_nxp_lpcxpresso_4337.a(board_sysinit.o)
 .text.Chip_CREG_SetFlashAcceleration
                0x1a001580       0x54 C:\Users\valen\Documents\FIUBA\Sistemas_Embebidos\TP3\LPCXpresso-FreeRTOS-Examples\lpc_board_nxp_lpcxpresso_4337\Debug\liblpc_board_nxp_lpcxpresso_4337.a(board_sysinit.o)
 .text.Board_SetupMuxing
                0x1a0015d4       0x14 C:\Users\valen\Documents\FIUBA\Sistemas_Embebidos\TP3\LPCXpresso-FreeRTOS-Examples\lpc_board_nxp_lpcxpresso_4337\Debug\liblpc_board_nxp_lpcxpresso_4337.a(board_sysinit.o)
                0x1a0015d4                Board_SetupMuxing
 .text.Board_SetupClocking
                0x1a0015e8       0x84 C:\Users\valen\Documents\FIUBA\Sistemas_Embebidos\TP3\LPCXpresso-FreeRTOS-Examples\lpc_board_nxp_lpcxpresso_4337\Debug\liblpc_board_nxp_lpcxpresso_4337.a(board_sysinit.o)
                0x1a0015e8                Board_SetupClocking
 .text.Board_SystemInit
                0x1a00166c       0x10 C:\Users\valen\Documents\FIUBA\Sistemas_Embebidos\TP3\LPCXpresso-FreeRTOS-Examples\lpc_board_nxp_lpcxpresso_4337\Debug\liblpc_board_nxp_lpcxpresso_4337.a(board_sysinit.o)
                0x1a00166c                Board_SystemInit
 .text.SystemCoreClockUpdate
                0x1a00167c       0x18 C:\Users\valen\Documents\FIUBA\Sistemas_Embebidos\TP3\LPCXpresso-FreeRTOS-Examples\lpc_chip_43xx\Debug\liblpc_chip_43xx.a(chip_18xx_43xx.o)
                0x1a00167c                SystemCoreClockUpdate
 .text.ABS      0x1a001694       0x24 C:\Users\valen\Documents\FIUBA\Sistemas_Embebidos\TP3\LPCXpresso-FreeRTOS-Examples\lpc_chip_43xx\Debug\liblpc_chip_43xx.a(clock_18xx_43xx.o)
 .text.pll_calc_divs
                0x1a0016b8      0x124 C:\Users\valen\Documents\FIUBA\Sistemas_Embebidos\TP3\LPCXpresso-FreeRTOS-Examples\lpc_chip_43xx\Debug\liblpc_chip_43xx.a(clock_18xx_43xx.o)
 .text.pll_get_frac
                0x1a0017dc      0x178 C:\Users\valen\Documents\FIUBA\Sistemas_Embebidos\TP3\LPCXpresso-FreeRTOS-Examples\lpc_chip_43xx\Debug\liblpc_chip_43xx.a(clock_18xx_43xx.o)
 .text.Chip_Clock_GetDivRate
                0x1a001954       0x40 C:\Users\valen\Documents\FIUBA\Sistemas_Embebidos\TP3\LPCXpresso-FreeRTOS-Examples\lpc_chip_43xx\Debug\liblpc_chip_43xx.a(clock_18xx_43xx.o)
 .text.Chip_Clock_FindBaseClock
                0x1a001994       0x90 C:\Users\valen\Documents\FIUBA\Sistemas_Embebidos\TP3\LPCXpresso-FreeRTOS-Examples\lpc_chip_43xx\Debug\liblpc_chip_43xx.a(clock_18xx_43xx.o)
 .text.Chip_Clock_EnableCrystal
                0x1a001a24       0x70 C:\Users\valen\Documents\FIUBA\Sistemas_Embebidos\TP3\LPCXpresso-FreeRTOS-Examples\lpc_chip_43xx\Debug\liblpc_chip_43xx.a(clock_18xx_43xx.o)
                0x1a001a24                Chip_Clock_EnableCrystal
 .text.Chip_Clock_CalcMainPLLValue
                0x1a001a94       0xd8 C:\Users\valen\Documents\FIUBA\Sistemas_Embebidos\TP3\LPCXpresso-FreeRTOS-Examples\lpc_chip_43xx\Debug\liblpc_chip_43xx.a(clock_18xx_43xx.o)
                0x1a001a94                Chip_Clock_CalcMainPLLValue
 .text.Chip_Clock_GetMainPLLHz
                0x1a001b6c       0xc0 C:\Users\valen\Documents\FIUBA\Sistemas_Embebidos\TP3\LPCXpresso-FreeRTOS-Examples\lpc_chip_43xx\Debug\liblpc_chip_43xx.a(clock_18xx_43xx.o)
                0x1a001b6c                Chip_Clock_GetMainPLLHz
 .text.Chip_Clock_GetDividerSource
                0x1a001c2c       0x40 C:\Users\valen\Documents\FIUBA\Sistemas_Embebidos\TP3\LPCXpresso-FreeRTOS-Examples\lpc_chip_43xx\Debug\liblpc_chip_43xx.a(clock_18xx_43xx.o)
                0x1a001c2c                Chip_Clock_GetDividerSource
 .text.Chip_Clock_GetDividerDivisor
                0x1a001c6c       0x38 C:\Users\valen\Documents\FIUBA\Sistemas_Embebidos\TP3\LPCXpresso-FreeRTOS-Examples\lpc_chip_43xx\Debug\liblpc_chip_43xx.a(clock_18xx_43xx.o)
                0x1a001c6c                Chip_Clock_GetDividerDivisor
 .text.Chip_Clock_GetClockInputHz
                0x1a001ca4      0x140 C:\Users\valen\Documents\FIUBA\Sistemas_Embebidos\TP3\LPCXpresso-FreeRTOS-Examples\lpc_chip_43xx\Debug\liblpc_chip_43xx.a(clock_18xx_43xx.o)
                0x1a001ca4                Chip_Clock_GetClockInputHz
 .text.Chip_Clock_GetBaseClocktHz
                0x1a001de4       0x24 C:\Users\valen\Documents\FIUBA\Sistemas_Embebidos\TP3\LPCXpresso-FreeRTOS-Examples\lpc_chip_43xx\Debug\liblpc_chip_43xx.a(clock_18xx_43xx.o)
                0x1a001de4                Chip_Clock_GetBaseClocktHz
 .text.Chip_Clock_SetBaseClock
                0x1a001e08       0x9c C:\Users\valen\Documents\FIUBA\Sistemas_Embebidos\TP3\LPCXpresso-FreeRTOS-Examples\lpc_chip_43xx\Debug\liblpc_chip_43xx.a(clock_18xx_43xx.o)
                0x1a001e08                Chip_Clock_SetBaseClock
 .text.Chip_Clock_GetBaseClock
                0x1a001ea4       0x4c C:\Users\valen\Documents\FIUBA\Sistemas_Embebidos\TP3\LPCXpresso-FreeRTOS-Examples\lpc_chip_43xx\Debug\liblpc_chip_43xx.a(clock_18xx_43xx.o)
                0x1a001ea4                Chip_Clock_GetBaseClock
 .text.Chip_Clock_EnableOpts
                0x1a001ef0       0x7c C:\Users\valen\Documents\FIUBA\Sistemas_Embebidos\TP3\LPCXpresso-FreeRTOS-Examples\lpc_chip_43xx\Debug\liblpc_chip_43xx.a(clock_18xx_43xx.o)
                0x1a001ef0                Chip_Clock_EnableOpts
 .text.Chip_Clock_GetRate
                0x1a001f6c       0x88 C:\Users\valen\Documents\FIUBA\Sistemas_Embebidos\TP3\LPCXpresso-FreeRTOS-Examples\lpc_chip_43xx\Debug\liblpc_chip_43xx.a(clock_18xx_43xx.o)
                0x1a001f6c                Chip_Clock_GetRate
 .text.fpuInit  0x1a001ff4       0x74 C:\Users\valen\Documents\FIUBA\Sistemas_Embebidos\TP3\LPCXpresso-FreeRTOS-Examples\lpc_chip_43xx\Debug\liblpc_chip_43xx.a(fpu_init.o)
                0x1a001ff4                fpuInit
 .text.Chip_GPIO_Init
                0x1a002068       0x14 C:\Users\valen\Documents\FIUBA\Sistemas_Embebidos\TP3\LPCXpresso-FreeRTOS-Examples\lpc_chip_43xx\Debug\liblpc_chip_43xx.a(gpio_18xx_43xx.o)
                0x1a002068                Chip_GPIO_Init
 .text.Chip_Clock_DisableMainPLL
                0x1a00207c       0x20 C:\Users\valen\Documents\FIUBA\Sistemas_Embebidos\TP3\LPCXpresso-FreeRTOS-Examples\lpc_chip_43xx\Debug\liblpc_chip_43xx.a(sysinit_18xx_43xx.o)
 .text.Chip_Clock_SetupMainPLL
                0x1a00209c       0x44 C:\Users\valen\Documents\FIUBA\Sistemas_Embebidos\TP3\LPCXpresso-FreeRTOS-Examples\lpc_chip_43xx\Debug\liblpc_chip_43xx.a(sysinit_18xx_43xx.o)
 .text.Chip_Clock_MainPLLLocked
                0x1a0020e0       0x24 C:\Users\valen\Documents\FIUBA\Sistemas_Embebidos\TP3\LPCXpresso-FreeRTOS-Examples\lpc_chip_43xx\Debug\liblpc_chip_43xx.a(sysinit_18xx_43xx.o)
 .text.Chip_SetupCoreClock
                0x1a002104      0x15c C:\Users\valen\Documents\FIUBA\Sistemas_Embebidos\TP3\LPCXpresso-FreeRTOS-Examples\lpc_chip_43xx\Debug\liblpc_chip_43xx.a(sysinit_18xx_43xx.o)
                0x1a002104                Chip_SetupCoreClock
 .text.Chip_UART_TXDisable
                0x1a002260       0x1c C:\Users\valen\Documents\FIUBA\Sistemas_Embebidos\TP3\LPCXpresso-FreeRTOS-Examples\lpc_chip_43xx\Debug\liblpc_chip_43xx.a(uart_18xx_43xx.o)
 .text.Chip_UART_SetupFIFOS
                0x1a00227c       0x1c C:\Users\valen\Documents\FIUBA\Sistemas_Embebidos\TP3\LPCXpresso-FreeRTOS-Examples\lpc_chip_43xx\Debug\liblpc_chip_43xx.a(uart_18xx_43xx.o)
 .text.Chip_UART_ConfigData
                0x1a002298       0x1c C:\Users\valen\Documents\FIUBA\Sistemas_Embebidos\TP3\LPCXpresso-FreeRTOS-Examples\lpc_chip_43xx\Debug\liblpc_chip_43xx.a(uart_18xx_43xx.o)
 .text.Chip_UART_EnableDivisorAccess
                0x1a0022b4       0x20 C:\Users\valen\Documents\FIUBA\Sistemas_Embebidos\TP3\LPCXpresso-FreeRTOS-Examples\lpc_chip_43xx\Debug\liblpc_chip_43xx.a(uart_18xx_43xx.o)
 .text.Chip_UART_DisableDivisorAccess
                0x1a0022d4       0x20 C:\Users\valen\Documents\FIUBA\Sistemas_Embebidos\TP3\LPCXpresso-FreeRTOS-Examples\lpc_chip_43xx\Debug\liblpc_chip_43xx.a(uart_18xx_43xx.o)
 .text.Chip_UART_SetDivisorLatches
                0x1a0022f4       0x28 C:\Users\valen\Documents\FIUBA\Sistemas_Embebidos\TP3\LPCXpresso-FreeRTOS-Examples\lpc_chip_43xx\Debug\liblpc_chip_43xx.a(uart_18xx_43xx.o)
 .text.Chip_UART_GetIndex
                0x1a00231c       0x60 C:\Users\valen\Documents\FIUBA\Sistemas_Embebidos\TP3\LPCXpresso-FreeRTOS-Examples\lpc_chip_43xx\Debug\liblpc_chip_43xx.a(uart_18xx_43xx.o)
 .text.Chip_UART_Init
                0x1a00237c       0x84 C:\Users\valen\Documents\FIUBA\Sistemas_Embebidos\TP3\LPCXpresso-FreeRTOS-Examples\lpc_chip_43xx\Debug\liblpc_chip_43xx.a(uart_18xx_43xx.o)
                0x1a00237c                Chip_UART_Init
 .text.Chip_UART_SetBaudFDR
                0x1a002400      0x170 C:\Users\valen\Documents\FIUBA\Sistemas_Embebidos\TP3\LPCXpresso-FreeRTOS-Examples\lpc_chip_43xx\Debug\liblpc_chip_43xx.a(uart_18xx_43xx.o)
                0x1a002400                Chip_UART_SetBaudFDR
 .text.__main   0x1a002570        0xe c:/nxp/mcuxpressoide_11.0.0_2516/ide/plugins/com.nxp.mcuxpresso.tools.win32_11.0.0.201905131304/tools/bin/../lib/gcc/arm-none-eabi/8.2.1/../../../../arm-none-eabi/lib/thumb/v7e-m+fp/softfp\libcr_nohost.a(_cr__main.o)
                0x1a002570                __main
 .text.memset   0x1a00257e        0x4 c:/nxp/mcuxpressoide_11.0.0_2516/ide/plugins/com.nxp.mcuxpresso.tools.win32_11.0.0.201905131304/tools/bin/../lib/gcc/arm-none-eabi/8.2.1/../../../../arm-none-eabi/lib/thumb/v7e-m+fp/softfp\libcr_c.a(memset.o)
                0x1a00257e                memset
 *fill*         0x1a002582        0x2 ff
 .text.malloc   0x1a002584       0xc8 c:/nxp/mcuxpressoide_11.0.0_2516/ide/plugins/com.nxp.mcuxpresso.tools.win32_11.0.0.201905131304/tools/bin/../lib/gcc/arm-none-eabi/8.2.1/../../../../arm-none-eabi/lib/thumb/v7e-m+fp/softfp\libcr_c.a(alloc.o)
                0x1a002584                malloc
 .text.free     0x1a00264c       0x30 c:/nxp/mcuxpressoide_11.0.0_2516/ide/plugins/com.nxp.mcuxpresso.tools.win32_11.0.0.201905131304/tools/bin/../lib/gcc/arm-none-eabi/8.2.1/../../../../arm-none-eabi/lib/thumb/v7e-m+fp/softfp\libcr_c.a(alloc.o)
                0x1a00264c                free
 .text._Csys_alloc
                0x1a00267c       0x20 c:/nxp/mcuxpressoide_11.0.0_2516/ide/plugins/com.nxp.mcuxpresso.tools.win32_11.0.0.201905131304/tools/bin/../lib/gcc/arm-none-eabi/8.2.1/../../../../arm-none-eabi/lib/thumb/v7e-m+fp/softfp\libcr_c.a(alloc.o)
                0x1a00267c                _Csys_alloc
 .text.fp_round
                0x1a00269c       0x4e c:/nxp/mcuxpressoide_11.0.0_2516/ide/plugins/com.nxp.mcuxpresso.tools.win32_11.0.0.201905131304/tools/bin/../lib/gcc/arm-none-eabi/8.2.1/../../../../arm-none-eabi/lib/thumb/v7e-m+fp/softfp\libcr_c.a(fpprintf.o)
 .text.pr_dec.constprop.1
                0x1a0026ea       0x26 c:/nxp/mcuxpressoide_11.0.0_2516/ide/plugins/com.nxp.mcuxpresso.tools.win32_11.0.0.201905131304/tools/bin/../lib/gcc/arm-none-eabi/8.2.1/../../../../arm-none-eabi/lib/thumb/v7e-m+fp/softfp\libcr_c.a(fpprintf.o)
 .text.sprintf  0x1a002710       0x6c c:/nxp/mcuxpressoide_11.0.0_2516/ide/plugins/com.nxp.mcuxpresso.tools.win32_11.0.0.201905131304/tools/bin/../lib/gcc/arm-none-eabi/8.2.1/../../../../arm-none-eabi/lib/thumb/v7e-m+fp/softfp\libcr_c.a(fpprintf.o)
                0x1a002710                sprintf
 *fill*         0x1a00277c        0x4 ff
 .text.fp_display
                0x1a002780      0x954 c:/nxp/mcuxpressoide_11.0.0_2516/ide/plugins/com.nxp.mcuxpresso.tools.win32_11.0.0.201905131304/tools/bin/../lib/gcc/arm-none-eabi/8.2.1/../../../../arm-none-eabi/lib/thumb/v7e-m+fp/softfp\libcr_c.a(fpprintf.o)
 .text.vsnprintf
                0x1a0030d4       0x68 c:/nxp/mcuxpressoide_11.0.0_2516/ide/plugins/com.nxp.mcuxpresso.tools.win32_11.0.0.201905131304/tools/bin/../lib/gcc/arm-none-eabi/8.2.1/../../../../arm-none-eabi/lib/thumb/v7e-m+fp/softfp\libcr_c.a(fpprintf.o)
                0x1a0030d4                vsnprintf
 .text.printf   0x1a00313c       0x54 c:/nxp/mcuxpressoide_11.0.0_2516/ide/plugins/com.nxp.mcuxpresso.tools.win32_11.0.0.201905131304/tools/bin/../lib/gcc/arm-none-eabi/8.2.1/../../../../arm-none-eabi/lib/thumb/v7e-m+fp/softfp\libcr_c.a(fpprintf.o)
                0x1a00313c                printf
 .text._initio  0x1a003190       0x78 c:/nxp/mcuxpressoide_11.0.0_2516/ide/plugins/com.nxp.mcuxpresso.tools.win32_11.0.0.201905131304/tools/bin/../lib/gcc/arm-none-eabi/8.2.1/../../../../arm-none-eabi/lib/thumb/v7e-m+fp/softfp\libcr_c.a(initio.o)
                0x1a003190                _initio
 .text.__vfprintf
                0x1a003208      0xbe0 c:/nxp/mcuxpressoide_11.0.0_2516/ide/plugins/com.nxp.mcuxpresso.tools.win32_11.0.0.201905131304/tools/bin/../lib/gcc/arm-none-eabi/8.2.1/../../../../arm-none-eabi/lib/thumb/v7e-m+fp/softfp\libcr_c.a(printf.o)
                0x1a003208                __vfprintf
 .text.setvbuf  0x1a003de8       0x40 c:/nxp/mcuxpressoide_11.0.0_2516/ide/plugins/com.nxp.mcuxpresso.tools.win32_11.0.0.201905131304/tools/bin/../lib/gcc/arm-none-eabi/8.2.1/../../../../arm-none-eabi/lib/thumb/v7e-m+fp/softfp\libcr_c.a(setvbuf.o)
                0x1a003de8                setvbuf
 .text.strlen   0x1a003e28       0x4c c:/nxp/mcuxpressoide_11.0.0_2516/ide/plugins/com.nxp.mcuxpresso.tools.win32_11.0.0.201905131304/tools/bin/../lib/gcc/arm-none-eabi/8.2.1/../../../../arm-none-eabi/lib/thumb/v7e-m+fp/softfp\libcr_c.a(strlen.o)
                0x1a003e28                strlen
 .text._sbrk    0x1a003e74       0x3c c:/nxp/mcuxpressoide_11.0.0_2516/ide/plugins/com.nxp.mcuxpresso.tools.win32_11.0.0.201905131304/tools/bin/../lib/gcc/arm-none-eabi/8.2.1/../../../../arm-none-eabi/lib/thumb/v7e-m+fp/softfp\libcr_c.a(_cr_sbrk.o)
                0x1a003e74                _sbrk
 .text._deferredlazyseek
                0x1a003eb0       0x40 c:/nxp/mcuxpressoide_11.0.0_2516/ide/plugins/com.nxp.mcuxpresso.tools.win32_11.0.0.201905131304/tools/bin/../lib/gcc/arm-none-eabi/8.2.1/../../../../arm-none-eabi/lib/thumb/v7e-m+fp/softfp\libcr_c.a(_deferredlazyseek.o)
                0x1a003eb0                _deferredlazyseek
 .text.__flsbuf
                0x1a003ef0      0x140 c:/nxp/mcuxpressoide_11.0.0_2516/ide/plugins/com.nxp.mcuxpresso.tools.win32_11.0.0.201905131304/tools/bin/../lib/gcc/arm-none-eabi/8.2.1/../../../../arm-none-eabi/lib/thumb/v7e-m+fp/softfp\libcr_c.a(_deferredlazyseek.o)
                0x1a003ef0                __flsbuf
 .text._fdopen  0x1a004030       0x68 c:/nxp/mcuxpressoide_11.0.0_2516/ide/plugins/com.nxp.mcuxpresso.tools.win32_11.0.0.201905131304/tools/bin/../lib/gcc/arm-none-eabi/8.2.1/../../../../arm-none-eabi/lib/thumb/v7e-m+fp/softfp\libcr_c.a(_fdopen.o)
                0x1a004030                _fdopen
 .text._fflush  0x1a004098       0x52 c:/nxp/mcuxpressoide_11.0.0_2516/ide/plugins/com.nxp.mcuxpresso.tools.win32_11.0.0.201905131304/tools/bin/../lib/gcc/arm-none-eabi/8.2.1/../../../../arm-none-eabi/lib/thumb/v7e-m+fp/softfp\libcr_c.a(_fflush.o)
                0x1a004098                _fflush
 .text._frexpl  0x1a0040ea       0x56 c:/nxp/mcuxpressoide_11.0.0_2516/ide/plugins/com.nxp.mcuxpresso.tools.win32_11.0.0.201905131304/tools/bin/../lib/gcc/arm-none-eabi/8.2.1/../../../../arm-none-eabi/lib/thumb/v7e-m+fp/softfp\libcr_c.a(_frexpl.o)
                0x1a0040ea                _frexpl
 .text._ldexpl  0x1a004140       0x48 c:/nxp/mcuxpressoide_11.0.0_2516/ide/plugins/com.nxp.mcuxpresso.tools.win32_11.0.0.201905131304/tools/bin/../lib/gcc/arm-none-eabi/8.2.1/../../../../arm-none-eabi/lib/thumb/v7e-m+fp/softfp\libcr_c.a(_ldexpl.o)
                0x1a004140                _ldexpl
 .text._Cwritebuf
                0x1a004188       0x6c c:/nxp/mcuxpressoide_11.0.0_2516/ide/plugins/com.nxp.mcuxpresso.tools.win32_11.0.0.201905131304/tools/bin/../lib/gcc/arm-none-eabi/8.2.1/../../../../arm-none-eabi/lib/thumb/v7e-m+fp/softfp\libcr_c.a(_writebuf.o)
                0x1a004188                _Cwritebuf
 .text.fclose   0x1a0041f4       0x58 c:/nxp/mcuxpressoide_11.0.0_2516/ide/plugins/com.nxp.mcuxpresso.tools.win32_11.0.0.201905131304/tools/bin/../lib/gcc/arm-none-eabi/8.2.1/../../../../arm-none-eabi/lib/thumb/v7e-m+fp/softfp\libcr_c.a(fclose.o)
                0x1a0041f4                fclose
 .text.fflush   0x1a00424c       0x44 c:/nxp/mcuxpressoide_11.0.0_2516/ide/plugins/com.nxp.mcuxpresso.tools.win32_11.0.0.201905131304/tools/bin/../lib/gcc/arm-none-eabi/8.2.1/../../../../arm-none-eabi/lib/thumb/v7e-m+fp/softfp\libcr_c.a(fflush.o)
                0x1a00424c                fflush
 .text.fseek    0x1a004290      0x100 c:/nxp/mcuxpressoide_11.0.0_2516/ide/plugins/com.nxp.mcuxpresso.tools.win32_11.0.0.201905131304/tools/bin/../lib/gcc/arm-none-eabi/8.2.1/../../../../arm-none-eabi/lib/thumb/v7e-m+fp/softfp\libcr_c.a(fseek.o)
                0x1a004290                fseek
 .text.ftell    0x1a004390       0x48 c:/nxp/mcuxpressoide_11.0.0_2516/ide/plugins/com.nxp.mcuxpresso.tools.win32_11.0.0.201905131304/tools/bin/../lib/gcc/arm-none-eabi/8.2.1/../../../../arm-none-eabi/lib/thumb/v7e-m+fp/softfp\libcr_c.a(ftell.o)
                0x1a004390                ftell
 .text.remove   0x1a0043d8       0x14 c:/nxp/mcuxpressoide_11.0.0_2516/ide/plugins/com.nxp.mcuxpresso.tools.win32_11.0.0.201905131304/tools/bin/../lib/gcc/arm-none-eabi/8.2.1/../../../../arm-none-eabi/lib/thumb/v7e-m+fp/softfp\libcr_c.a(remove.o)
                0x1a0043d8                remove
 .text._do_fflush
                0x1a0043ec       0x40 c:/nxp/mcuxpressoide_11.0.0_2516/ide/plugins/com.nxp.mcuxpresso.tools.win32_11.0.0.201905131304/tools/bin/../lib/gcc/arm-none-eabi/8.2.1/../../../../arm-none-eabi/lib/thumb/v7e-m+fp/softfp\libcr_c.a(_do_fflush.o)
                0x1a0043ec                _do_fflush
 .text.__aeabi_division_uldivmod
                0x1a00442c      0x174 c:/nxp/mcuxpressoide_11.0.0_2516/ide/plugins/com.nxp.mcuxpresso.tools.win32_11.0.0.201905131304/tools/bin/../lib/gcc/arm-none-eabi/8.2.1/thumb/v7e-m+fp/softfp\libcr_eabihelpers.a(division_64.o)
                0x1a00442c                __aeabi_uldivmod
                0x1a004430                __bhs_ldivmod1
 .text.__aeabi_division_idiv0
                0x1a0045a0        0x2 c:/nxp/mcuxpressoide_11.0.0_2516/ide/plugins/com.nxp.mcuxpresso.tools.win32_11.0.0.201905131304/tools/bin/../lib/gcc/arm-none-eabi/8.2.1/thumb/v7e-m+fp/softfp\libcr_eabihelpers.a(division_idiv0.o)
                0x1a0045a0                __aeabi_idiv0
 *fill*         0x1a0045a2        0x2 ff
 .text.__aeabi_dmul
                0x1a0045a4      0x114 c:/nxp/mcuxpressoide_11.0.0_2516/ide/plugins/com.nxp.mcuxpresso.tools.win32_11.0.0.201905131304/tools/bin/../lib/gcc/arm-none-eabi/8.2.1/thumb/v7e-m+fp/softfp\libcr_eabihelpers.a(double.o)
                0x1a0045a4                __aeabi_dmul
 .text.__aeabi_ddiv
                0x1a0046b8      0x150 c:/nxp/mcuxpressoide_11.0.0_2516/ide/plugins/com.nxp.mcuxpresso.tools.win32_11.0.0.201905131304/tools/bin/../lib/gcc/arm-none-eabi/8.2.1/thumb/v7e-m+fp/softfp\libcr_eabihelpers.a(double.o)
                0x1a0046b8                __aeabi_ddiv
 .text.__aeabi_dsub
                0x1a004808      0x1ac c:/nxp/mcuxpressoide_11.0.0_2516/ide/plugins/com.nxp.mcuxpresso.tools.win32_11.0.0.201905131304/tools/bin/../lib/gcc/arm-none-eabi/8.2.1/thumb/v7e-m+fp/softfp\libcr_eabihelpers.a(double.o)
                0x1a004808                __aeabi_dsub
 .text.__aeabi_dadd
                0x1a0049b4      0x114 c:/nxp/mcuxpressoide_11.0.0_2516/ide/plugins/com.nxp.mcuxpresso.tools.win32_11.0.0.201905131304/tools/bin/../lib/gcc/arm-none-eabi/8.2.1/thumb/v7e-m+fp/softfp\libcr_eabihelpers.a(double.o)
                0x1a0049b4                __aeabi_dadd
 .text.__aeabi_d2iz
                0x1a004ac8       0x40 c:/nxp/mcuxpressoide_11.0.0_2516/ide/plugins/com.nxp.mcuxpresso.tools.win32_11.0.0.201905131304/tools/bin/../lib/gcc/arm-none-eabi/8.2.1/thumb/v7e-m+fp/softfp\libcr_eabihelpers.a(double.o)
                0x1a004ac8                __aeabi_d2iz
 .text.__bhs_ui2d
                0x1a004b08       0x46 c:/nxp/mcuxpressoide_11.0.0_2516/ide/plugins/com.nxp.mcuxpresso.tools.win32_11.0.0.201905131304/tools/bin/../lib/gcc/arm-none-eabi/8.2.1/thumb/v7e-m+fp/softfp\libcr_eabihelpers.a(double.o)
                0x1a004b08                __bhs_ui2d
 .text.__aeabi_i2d
                0x1a004b4e       0x12 c:/nxp/mcuxpressoide_11.0.0_2516/ide/plugins/com.nxp.mcuxpresso.tools.win32_11.0.0.201905131304/tools/bin/../lib/gcc/arm-none-eabi/8.2.1/thumb/v7e-m+fp/softfp\libcr_eabihelpers.a(double.o)
                0x1a004b4e                __aeabi_i2d
 .text.__aeabi_dcmpeq
                0x1a004b60       0x2e c:/nxp/mcuxpressoide_11.0.0_2516/ide/plugins/com.nxp.mcuxpresso.tools.win32_11.0.0.201905131304/tools/bin/../lib/gcc/arm-none-eabi/8.2.1/thumb/v7e-m+fp/softfp\libcr_eabihelpers.a(double.o)
                0x1a004b60                __aeabi_dcmpeq
 .text.__aeabi_dcmplt
                0x1a004b8e       0x56 c:/nxp/mcuxpressoide_11.0.0_2516/ide/plugins/com.nxp.mcuxpresso.tools.win32_11.0.0.201905131304/tools/bin/../lib/gcc/arm-none-eabi/8.2.1/thumb/v7e-m+fp/softfp\libcr_eabihelpers.a(double.o)
                0x1a004b8e                __aeabi_dcmplt
 .text.__aeabi_dcmple
                0x1a004be4       0x56 c:/nxp/mcuxpressoide_11.0.0_2516/ide/plugins/com.nxp.mcuxpresso.tools.win32_11.0.0.201905131304/tools/bin/../lib/gcc/arm-none-eabi/8.2.1/thumb/v7e-m+fp/softfp\libcr_eabihelpers.a(double.o)
                0x1a004be4                __aeabi_dcmple
 .text.__aeabi_dcmpge
                0x1a004c3a       0x5c c:/nxp/mcuxpressoide_11.0.0_2516/ide/plugins/com.nxp.mcuxpresso.tools.win32_11.0.0.201905131304/tools/bin/../lib/gcc/arm-none-eabi/8.2.1/thumb/v7e-m+fp/softfp\libcr_eabihelpers.a(double.o)
                0x1a004c3a                __aeabi_dcmpge
 .text.__aeabi_memset_lowlevel
                0x1a004c96       0x32 c:/nxp/mcuxpressoide_11.0.0_2516/ide/plugins/com.nxp.mcuxpresso.tools.win32_11.0.0.201905131304/tools/bin/../lib/gcc/arm-none-eabi/8.2.1/thumb/v7e-m+fp/softfp\libcr_eabihelpers.a(memcpy.o)
                0x1a004c96                __aeabi_lowlevel_memset
 .text.__sys_appexit
                0x1a004cc8        0x2 c:/nxp/mcuxpressoide_11.0.0_2516/ide/plugins/com.nxp.mcuxpresso.tools.win32_11.0.0.201905131304/tools/bin/../lib/gcc/arm-none-eabi/8.2.1/../../../../arm-none-eabi/lib/thumb/v7e-m+fp/softfp\libcr_nohost.a(__sys_appexit.o)
                0x1a004cc8                __sys_appexit
                0x1a004cc8                __exit
 .text.__sys_close
                0x1a004cca        0x6 c:/nxp/mcuxpressoide_11.0.0_2516/ide/plugins/com.nxp.mcuxpresso.tools.win32_11.0.0.201905131304/tools/bin/../lib/gcc/arm-none-eabi/8.2.1/../../../../arm-none-eabi/lib/thumb/v7e-m+fp/softfp\libcr_nohost.a(__sys_close.o)
                0x1a004cca                __sys_close
 .text.__sys_flen
                0x1a004cd0        0x6 c:/nxp/mcuxpressoide_11.0.0_2516/ide/plugins/com.nxp.mcuxpresso.tools.win32_11.0.0.201905131304/tools/bin/../lib/gcc/arm-none-eabi/8.2.1/../../../../arm-none-eabi/lib/thumb/v7e-m+fp/softfp\libcr_nohost.a(__sys_flen.o)
                0x1a004cd0                __sys_flen
 .text.__sys_istty
                0x1a004cd6        0x6 c:/nxp/mcuxpressoide_11.0.0_2516/ide/plugins/com.nxp.mcuxpresso.tools.win32_11.0.0.201905131304/tools/bin/../lib/gcc/arm-none-eabi/8.2.1/../../../../arm-none-eabi/lib/thumb/v7e-m+fp/softfp\libcr_nohost.a(__sys_istty.o)
                0x1a004cd6                __sys_istty
 .text.__sys_remove
                0x1a004cdc        0x6 c:/nxp/mcuxpressoide_11.0.0_2516/ide/plugins/com.nxp.mcuxpresso.tools.win32_11.0.0.201905131304/tools/bin/../lib/gcc/arm-none-eabi/8.2.1/../../../../arm-none-eabi/lib/thumb/v7e-m+fp/softfp\libcr_nohost.a(__sys_remove.o)
                0x1a004cdc                __sys_remove
 .text.__sys_seek
                0x1a004ce2        0x6 c:/nxp/mcuxpressoide_11.0.0_2516/ide/plugins/com.nxp.mcuxpresso.tools.win32_11.0.0.201905131304/tools/bin/../lib/gcc/arm-none-eabi/8.2.1/../../../../arm-none-eabi/lib/thumb/v7e-m+fp/softfp\libcr_nohost.a(__sys_seek.o)
                0x1a004ce2                __sys_seek
 .text.__sys_tmpnam
                0x1a004ce8        0x6 c:/nxp/mcuxpressoide_11.0.0_2516/ide/plugins/com.nxp.mcuxpresso.tools.win32_11.0.0.201905131304/tools/bin/../lib/gcc/arm-none-eabi/8.2.1/../../../../arm-none-eabi/lib/thumb/v7e-m+fp/softfp\libcr_nohost.a(__sys_tmpnam.o)
                0x1a004ce8                __sys_tmpnam
 *(.rodata .rodata.* .constdata .constdata.*)
 *fill*         0x1a004cee        0x2 ff
 .rodata        0x1a004cf0        0x5 ./freertos/src/tasks.o
 *fill*         0x1a004cf5        0x3 ff
 .rodata        0x1a004cf8       0x56 ./example/src/freertos_examples_1_to_9.o
 *fill*         0x1a004d4e        0x2 ff
 .rodata.ExtRateIn
                0x1a004d50        0x4 C:\Users\valen\Documents\FIUBA\Sistemas_Embebidos\TP3\LPCXpresso-FreeRTOS-Examples\lpc_board_nxp_lpcxpresso_4337\Debug\liblpc_board_nxp_lpcxpresso_4337.a(board.o)
                0x1a004d50                ExtRateIn
 .rodata.OscRateIn
                0x1a004d54        0x4 C:\Users\valen\Documents\FIUBA\Sistemas_Embebidos\TP3\LPCXpresso-FreeRTOS-Examples\lpc_board_nxp_lpcxpresso_4337\Debug\liblpc_board_nxp_lpcxpresso_4337.a(board.o)
                0x1a004d54                OscRateIn
 .rodata.gpioLEDBits
                0x1a004d58        0xc C:\Users\valen\Documents\FIUBA\Sistemas_Embebidos\TP3\LPCXpresso-FreeRTOS-Examples\lpc_board_nxp_lpcxpresso_4337\Debug\liblpc_board_nxp_lpcxpresso_4337.a(board.o)
 .rodata.gpioButtonBits
                0x1a004d64        0x8 C:\Users\valen\Documents\FIUBA\Sistemas_Embebidos\TP3\LPCXpresso-FreeRTOS-Examples\lpc_board_nxp_lpcxpresso_4337\Debug\liblpc_board_nxp_lpcxpresso_4337.a(board.o)
 .rodata.InitClkStates
                0x1a004d6c        0xc C:\Users\valen\Documents\FIUBA\Sistemas_Embebidos\TP3\LPCXpresso-FreeRTOS-Examples\lpc_board_nxp_lpcxpresso_4337\Debug\liblpc_board_nxp_lpcxpresso_4337.a(board_sysinit.o)
 .rodata.pinmuxing
                0x1a004d78       0x2c C:\Users\valen\Documents\FIUBA\Sistemas_Embebidos\TP3\LPCXpresso-FreeRTOS-Examples\lpc_board_nxp_lpcxpresso_4337\Debug\liblpc_board_nxp_lpcxpresso_4337.a(board_sysinit.o)
 .rodata.periph_to_base
                0x1a004da4       0x6c C:\Users\valen\Documents\FIUBA\Sistemas_Embebidos\TP3\LPCXpresso-FreeRTOS-Examples\lpc_chip_43xx\Debug\liblpc_chip_43xx.a(clock_18xx_43xx.o)
 .rodata        0x1a004e10        0xa C:\Users\valen\Documents\FIUBA\Sistemas_Embebidos\TP3\LPCXpresso-FreeRTOS-Examples\lpc_chip_43xx\Debug\liblpc_chip_43xx.a(clock_18xx_43xx.o)
 *fill*         0x1a004e1a        0x2 ff
 .rodata.InitClkStates
                0x1a004e1c       0x48 C:\Users\valen\Documents\FIUBA\Sistemas_Embebidos\TP3\LPCXpresso-FreeRTOS-Examples\lpc_chip_43xx\Debug\liblpc_chip_43xx.a(sysinit_18xx_43xx.o)
 .rodata.UART_PClock
                0x1a004e64        0x8 C:\Users\valen\Documents\FIUBA\Sistemas_Embebidos\TP3\LPCXpresso-FreeRTOS-Examples\lpc_chip_43xx\Debug\liblpc_chip_43xx.a(uart_18xx_43xx.o)
 .rodata.UART_BClock
                0x1a004e6c        0x8 C:\Users\valen\Documents\FIUBA\Sistemas_Embebidos\TP3\LPCXpresso-FreeRTOS-Examples\lpc_chip_43xx\Debug\liblpc_chip_43xx.a(uart_18xx_43xx.o)
 .rodata._Csys_alloc.str1.1
                0x1a004e74       0x18 c:/nxp/mcuxpressoide_11.0.0_2516/ide/plugins/com.nxp.mcuxpresso.tools.win32_11.0.0.201905131304/tools/bin/../lib/gcc/arm-none-eabi/8.2.1/../../../../arm-none-eabi/lib/thumb/v7e-m+fp/softfp\libcr_c.a(alloc.o)
 .rodata.fp_display.str1.1
                0x1a004e8c       0x34 c:/nxp/mcuxpressoide_11.0.0_2516/ide/plugins/com.nxp.mcuxpresso.tools.win32_11.0.0.201905131304/tools/bin/../lib/gcc/arm-none-eabi/8.2.1/../../../../arm-none-eabi/lib/thumb/v7e-m+fp/softfp\libcr_c.a(fpprintf.o)
                                 0x35 (size before relaxing)
 .rodata._initio.str1.1
                0x1a004ec0        0x4 c:/nxp/mcuxpressoide_11.0.0_2516/ide/plugins/com.nxp.mcuxpresso.tools.win32_11.0.0.201905131304/tools/bin/../lib/gcc/arm-none-eabi/8.2.1/../../../../arm-none-eabi/lib/thumb/v7e-m+fp/softfp\libcr_c.a(initio.o)
 .rodata.__vfprintf.str1.1
                0x1a004ec4       0x31 c:/nxp/mcuxpressoide_11.0.0_2516/ide/plugins/com.nxp.mcuxpresso.tools.win32_11.0.0.201905131304/tools/bin/../lib/gcc/arm-none-eabi/8.2.1/../../../../arm-none-eabi/lib/thumb/v7e-m+fp/softfp\libcr_c.a(printf.o)
                                 0x38 (size before relaxing)
 *fill*         0x1a004ef5        0x3 ff
 .rodata.__num_Ciob_streams
                0x1a004ef8        0x4 c:/nxp/mcuxpressoide_11.0.0_2516/ide/plugins/com.nxp.mcuxpresso.tools.win32_11.0.0.201905131304/tools/bin/../lib/gcc/arm-none-eabi/8.2.1/../../../../arm-none-eabi/lib/thumb/v7e-m+fp/softfp\libcr_nohost.a(__ciob.o)
                0x1a004ef8                __num_Ciob_streams
                0x1a004efc                . = ALIGN (0x4)

.glue_7         0x1a004efc        0x0
 .glue_7        0x1a004efc        0x0 linker stubs

.glue_7t        0x1a004efc        0x0
 .glue_7t       0x1a004efc        0x0 linker stubs

.vfp11_veneer   0x1a004efc        0x0
 .vfp11_veneer  0x1a004efc        0x0 linker stubs

.v4_bx          0x1a004efc        0x0
 .v4_bx         0x1a004efc        0x0 linker stubs

.iplt           0x1a004efc        0x0
 .iplt          0x1a004efc        0x0 ./freertos/src/FreeRTOSCommonHooks.o

.rel.dyn        0x1a004efc        0x0
 .rel.iplt      0x1a004efc        0x0 ./freertos/src/FreeRTOSCommonHooks.o

.ARM.extab
 *(.ARM.extab* .gnu.linkonce.armextab.*)
                0x1a004efc                __exidx_start = .

.ARM.exidx
 *(.ARM.exidx* .gnu.linkonce.armexidx.*)
                0x1a004efc                __exidx_end = .
                0x1a004efc                _etext = .

.data_RAM2      0x10080000        0x0 load address 0x1a004efc
 FILL mask 0xff
                [!provide]                PROVIDE (__start_data_RAM2 = .)
 *(.ramfunc.$RAM2)
 *(.ramfunc.$RamLoc40)
 *(.data.$RAM2)
 *(.data.$RamLoc40)
 *(.data.$RAM2.*)
 *(.data.$RamLoc40.*)
                0x10080000                . = ALIGN (0x4)
                [!provide]                PROVIDE (__end_data_RAM2 = .)

.data_RAM3      0x20000000        0x0 load address 0x1a004efc
 FILL mask 0xff
                [!provide]                PROVIDE (__start_data_RAM3 = .)
 *(.ramfunc.$RAM3)
 *(.ramfunc.$RamAHB32)
 *(.data.$RAM3)
 *(.data.$RamAHB32)
 *(.data.$RAM3.*)
 *(.data.$RamAHB32.*)
                0x20000000                . = ALIGN (0x4)
                [!provide]                PROVIDE (__end_data_RAM3 = .)

.data_RAM4      0x20008000        0x0 load address 0x1a004efc
 FILL mask 0xff
                [!provide]                PROVIDE (__start_data_RAM4 = .)
 *(.ramfunc.$RAM4)
 *(.ramfunc.$RamAHB16)
 *(.data.$RAM4)
 *(.data.$RamAHB16)
 *(.data.$RAM4.*)
 *(.data.$RamAHB16.*)
                0x20008000                . = ALIGN (0x4)
                [!provide]                PROVIDE (__end_data_RAM4 = .)

.data_RAM5      0x2000c000        0x0 load address 0x1a004efc
 FILL mask 0xff
                [!provide]                PROVIDE (__start_data_RAM5 = .)
 *(.ramfunc.$RAM5)
 *(.ramfunc.$RamAHB_ETB16)
 *(.data.$RAM5)
 *(.data.$RamAHB_ETB16)
 *(.data.$RAM5.*)
 *(.data.$RamAHB_ETB16.*)
                0x2000c000                . = ALIGN (0x4)
                [!provide]                PROVIDE (__end_data_RAM5 = .)

.uninit_RESERVED
                0x10000000        0x0
                0x10000000                . = ALIGN (0x4)
 *(.bss.$RESERVED*)
                0x10000000                . = ALIGN (0x4)
                0x10000000                _end_uninit_RESERVED = .

.data           0x10000000        0xc load address 0x1a004efc
 FILL mask 0xff
                0x10000000                _data = .
 *(vtable)
 *(.ramfunc*)
 *(.data*)
 .data.uxCriticalNesting
                0x10000000        0x4 ./freertos/src/port.o
 .data.xNextTaskUnblockTime
                0x10000004        0x4 ./freertos/src/tasks.o
 .data.pcTextForMain
                0x10000008        0x4 ./example/src/freertos_examples_1_to_9.o
                0x10000008                pcTextForMain
                0x1000000c                . = ALIGN (0x4)
                0x1000000c                _edata = .

.igot.plt       0x1000000c        0x0 load address 0x1a004f08
 .igot.plt      0x1000000c        0x0 ./freertos/src/FreeRTOSCommonHooks.o

.bss_RAM2       0x10080000        0x0
                0x10080000                . = ALIGN (0x4)
                [!provide]                PROVIDE (__start_bss_RAM2 = .)
 *(.bss.$RAM2)
 *(.bss.$RamLoc40)
 *(.bss.$RAM2.*)
 *(.bss.$RamLoc40.*)
                0x10080000                . = ALIGN ((. != 0x0)?0x4:0x1)
                [!provide]                PROVIDE (__end_bss_RAM2 = .)

.bss_RAM3       0x20000000        0x0
                0x20000000                . = ALIGN (0x4)
                [!provide]                PROVIDE (__start_bss_RAM3 = .)
 *(.bss.$RAM3)
 *(.bss.$RamAHB32)
 *(.bss.$RAM3.*)
 *(.bss.$RamAHB32.*)
                0x20000000                . = ALIGN ((. != 0x0)?0x4:0x1)
                [!provide]                PROVIDE (__end_bss_RAM3 = .)

.bss_RAM4       0x20008000        0x0
                0x20008000                . = ALIGN (0x4)
                [!provide]                PROVIDE (__start_bss_RAM4 = .)
 *(.bss.$RAM4)
 *(.bss.$RamAHB16)
 *(.bss.$RAM4.*)
 *(.bss.$RamAHB16.*)
                0x20008000                . = ALIGN ((. != 0x0)?0x4:0x1)
                [!provide]                PROVIDE (__end_bss_RAM4 = .)

.bss_RAM5       0x2000c000        0x0
                0x2000c000                . = ALIGN (0x4)
                [!provide]                PROVIDE (__start_bss_RAM5 = .)
 *(.bss.$RAM5)
 *(.bss.$RamAHB_ETB16)
 *(.bss.$RAM5.*)
 *(.bss.$RamAHB_ETB16.*)
                0x2000c000                . = ALIGN ((. != 0x0)?0x4:0x1)
                [!provide]                PROVIDE (__end_bss_RAM5 = .)

.bss            0x1000000c      0x33c
                0x1000000c                . = ALIGN (0x4)
                0x1000000c                _bss = .
 *(.bss*)
 .bss.ulTimerCountsForOneTick
                0x1000000c        0x4 ./freertos/src/port.o
 .bss.xMaximumPossibleSuppressedTicks
                0x10000010        0x4 ./freertos/src/port.o
 .bss.ulStoppedTimerCompensation
                0x10000014        0x4 ./freertos/src/port.o
 .bss.pxCurrentTCB
                0x10000018        0x4 ./freertos/src/tasks.o
                0x10000018                pxCurrentTCB
 .bss.pxReadyTasksLists
                0x1000001c       0xa0 ./freertos/src/tasks.o
 .bss.xDelayedTaskList1
                0x100000bc       0x14 ./freertos/src/tasks.o
 .bss.xDelayedTaskList2
                0x100000d0       0x14 ./freertos/src/tasks.o
 .bss.pxDelayedTaskList
                0x100000e4        0x4 ./freertos/src/tasks.o
 .bss.pxOverflowDelayedTaskList
                0x100000e8        0x4 ./freertos/src/tasks.o
 .bss.xPendingReadyList
                0x100000ec       0x14 ./freertos/src/tasks.o
 .bss.xTasksWaitingTermination
                0x10000100       0x14 ./freertos/src/tasks.o
 .bss.uxTasksDeleted
                0x10000114        0x4 ./freertos/src/tasks.o
 .bss.xSuspendedTaskList
                0x10000118       0x14 ./freertos/src/tasks.o
 .bss.uxCurrentNumberOfTasks
                0x1000012c        0x4 ./freertos/src/tasks.o
 .bss.xTickCount
                0x10000130        0x4 ./freertos/src/tasks.o
 .bss.uxTopReadyPriority
                0x10000134        0x4 ./freertos/src/tasks.o
 .bss.xSchedulerRunning
                0x10000138        0x4 ./freertos/src/tasks.o
 .bss.uxPendedTicks
                0x1000013c        0x4 ./freertos/src/tasks.o
 .bss.xYieldPending
                0x10000140        0x4 ./freertos/src/tasks.o
 .bss.xNumOfOverflows
                0x10000144        0x4 ./freertos/src/tasks.o
 .bss.uxTaskNumber
                0x10000148        0x4 ./freertos/src/tasks.o
 .bss.uxSchedulerSuspended
                0x1000014c        0x4 ./freertos/src/tasks.o
 .bss.audio_usb_pll_freq
                0x10000150        0x8 C:\Users\valen\Documents\FIUBA\Sistemas_Embebidos\TP3\LPCXpresso-FreeRTOS-Examples\lpc_chip_43xx\Debug\liblpc_chip_43xx.a(clock_18xx_43xx.o)
 .bss.__end_of_heap
                0x10000158        0x4 c:/nxp/mcuxpressoide_11.0.0_2516/ide/plugins/com.nxp.mcuxpresso.tools.win32_11.0.0.201905131304/tools/bin/../lib/gcc/arm-none-eabi/8.2.1/../../../../arm-none-eabi/lib/thumb/v7e-m+fp/softfp\libcr_c.a(__init_alloc.o)
                0x10000158                __end_of_heap
 .bss.__heaps   0x1000015c        0x4 c:/nxp/mcuxpressoide_11.0.0_2516/ide/plugins/com.nxp.mcuxpresso.tools.win32_11.0.0.201905131304/tools/bin/../lib/gcc/arm-none-eabi/8.2.1/../../../../arm-none-eabi/lib/thumb/v7e-m+fp/softfp\libcr_c.a(__init_alloc.o)
                0x1000015c                __heaps
 .bss.errno     0x10000160        0x4 c:/nxp/mcuxpressoide_11.0.0_2516/ide/plugins/com.nxp.mcuxpresso.tools.win32_11.0.0.201905131304/tools/bin/../lib/gcc/arm-none-eabi/8.2.1/../../../../arm-none-eabi/lib/thumb/v7e-m+fp/softfp\libcr_c.a(errno.o)
                0x10000160                errno
 .bss.__Ciob    0x10000164      0x1e0 c:/nxp/mcuxpressoide_11.0.0_2516/ide/plugins/com.nxp.mcuxpresso.tools.win32_11.0.0.201905131304/tools/bin/../lib/gcc/arm-none-eabi/8.2.1/../../../../arm-none-eabi/lib/thumb/v7e-m+fp/softfp\libcr_nohost.a(__ciob.o)
                0x10000164                __Ciob
 *(COMMON)
 COMMON         0x10000344        0x4 C:\Users\valen\Documents\FIUBA\Sistemas_Embebidos\TP3\LPCXpresso-FreeRTOS-Examples\lpc_chip_43xx\Debug\liblpc_chip_43xx.a(chip_18xx_43xx.o)
                0x10000344                SystemCoreClock
                0x10000348                . = ALIGN (0x4)
                0x10000348                _ebss = .
                [!provide]                PROVIDE (end = .)

.noinit_RAM2    0x10080000        0x0
                0x10080000                . = ALIGN (0x4)
 *(.noinit.$RAM2)
 *(.noinit.$RamLoc40)
 *(.noinit.$RAM2.*)
 *(.noinit.$RamLoc40.*)
                0x10080000                . = ALIGN (0x4)

.noinit_RAM3    0x20000000        0x0
                0x20000000                . = ALIGN (0x4)
 *(.noinit.$RAM3)
 *(.noinit.$RamAHB32)
 *(.noinit.$RAM3.*)
 *(.noinit.$RamAHB32.*)
                0x20000000                . = ALIGN (0x4)

.noinit_RAM4    0x20008000        0x0
                0x20008000                . = ALIGN (0x4)
 *(.noinit.$RAM4)
 *(.noinit.$RamAHB16)
 *(.noinit.$RAM4.*)
 *(.noinit.$RamAHB16.*)
                0x20008000                . = ALIGN (0x4)

.noinit_RAM5    0x2000c000        0x0
                0x2000c000                . = ALIGN (0x4)
 *(.noinit.$RAM5)
 *(.noinit.$RamAHB_ETB16)
 *(.noinit.$RAM5.*)
 *(.noinit.$RamAHB_ETB16.*)
                0x2000c000                . = ALIGN (0x4)

.noinit         0x10000348        0x0
                0x10000348                . = ALIGN (0x4)
                0x10000348                _noinit = .
 *(.noinit*)
                0x10000348                . = ALIGN (0x4)
                0x10000348                _end_noinit = .
                0x10000348                PROVIDE (_pvHeapStart = DEFINED (__user_heap_base)?__user_heap_base:.)
                0x10008000                PROVIDE (_vStackTop = DEFINED (__user_stack_top)?__user_stack_top:(__top_RamLoc32 - 0x0))
                [!provide]                PROVIDE (__valid_user_code_checksum = (0x0 - ((((((_vStackTop + (ResetISR + 0x1)) + (NMI_Handler + 0x1)) + (HardFault_Handler + 0x1)) + (DEFINED (MemManage_Handler)?MemManage_Handler:0x0 + 0x1)) + (DEFINED (BusFault_Handler)?BusFault_Handler:0x0 + 0x1)) + (DEFINED (UsageFault_Handler)?UsageFault_Handler:0x0 + 0x1))))
                0x1a000000                _image_start = LOADADDR (.text)
                0x1a004f08                _image_end = (LOADADDR (.data) + SIZEOF (.data))
                0x00004f08                _image_size = (_image_end - _image_start)
OUTPUT(freertos_examples_1_to_9.axf elf32-littlearm)

.debug_info     0x00000000     0x9eb9
 .debug_info    0x00000000      0x2f8 ./freertos/src/FreeRTOSCommonHooks.o
 .debug_info    0x000002f8      0x282 ./freertos/src/heap_3.o
 .debug_info    0x0000057a      0x44a ./freertos/src/list.o
 .debug_info    0x000009c4      0x988 ./freertos/src/port.o
 .debug_info    0x0000134c       0x85 ./freertos/src/redlib_memfix.o
 .debug_info    0x000013d1     0x19b6 ./freertos/src/tasks.o
 .debug_info    0x00002d87      0x2bd ./example/src/cr_startup_lpc43xx.o
 .debug_info    0x00003044      0x7fc ./example/src/freertos_examples_1_to_9.o
 .debug_info    0x00003840      0x250 ./example/src/sysinit.o
 .debug_info    0x00003a90     0x1a0b C:\Users\valen\Documents\FIUBA\Sistemas_Embebidos\TP3\LPCXpresso-FreeRTOS-Examples\lpc_board_nxp_lpcxpresso_4337\Debug\liblpc_board_nxp_lpcxpresso_4337.a(board.o)
 .debug_info    0x0000549b      0xb56 C:\Users\valen\Documents\FIUBA\Sistemas_Embebidos\TP3\LPCXpresso-FreeRTOS-Examples\lpc_board_nxp_lpcxpresso_4337\Debug\liblpc_board_nxp_lpcxpresso_4337.a(board_sysinit.o)
 .debug_info    0x00005ff1      0xa31 C:\Users\valen\Documents\FIUBA\Sistemas_Embebidos\TP3\LPCXpresso-FreeRTOS-Examples\lpc_chip_43xx\Debug\liblpc_chip_43xx.a(chip_18xx_43xx.o)
 .debug_info    0x00006a22     0x1590 C:\Users\valen\Documents\FIUBA\Sistemas_Embebidos\TP3\LPCXpresso-FreeRTOS-Examples\lpc_chip_43xx\Debug\liblpc_chip_43xx.a(clock_18xx_43xx.o)
 .debug_info    0x00007fb2      0x128 C:\Users\valen\Documents\FIUBA\Sistemas_Embebidos\TP3\LPCXpresso-FreeRTOS-Examples\lpc_chip_43xx\Debug\liblpc_chip_43xx.a(fpu_init.o)
 .debug_info    0x000080da      0x435 C:\Users\valen\Documents\FIUBA\Sistemas_Embebidos\TP3\LPCXpresso-FreeRTOS-Examples\lpc_chip_43xx\Debug\liblpc_chip_43xx.a(gpio_18xx_43xx.o)
 .debug_info    0x0000850f      0x8fd C:\Users\valen\Documents\FIUBA\Sistemas_Embebidos\TP3\LPCXpresso-FreeRTOS-Examples\lpc_chip_43xx\Debug\liblpc_chip_43xx.a(sysinit_18xx_43xx.o)
 .debug_info    0x00008e0c     0x10ad C:\Users\valen\Documents\FIUBA\Sistemas_Embebidos\TP3\LPCXpresso-FreeRTOS-Examples\lpc_chip_43xx\Debug\liblpc_chip_43xx.a(uart_18xx_43xx.o)

.debug_abbrev   0x00000000     0x1bcb
 .debug_abbrev  0x00000000      0x181 ./freertos/src/FreeRTOSCommonHooks.o
 .debug_abbrev  0x00000181      0x12b ./freertos/src/heap_3.o
 .debug_abbrev  0x000002ac      0x136 ./freertos/src/list.o
 .debug_abbrev  0x000003e2      0x247 ./freertos/src/port.o
 .debug_abbrev  0x00000629       0x85 ./freertos/src/redlib_memfix.o
 .debug_abbrev  0x000006ae      0x2c9 ./freertos/src/tasks.o
 .debug_abbrev  0x00000977      0x120 ./example/src/cr_startup_lpc43xx.o
 .debug_abbrev  0x00000a97      0x18e ./example/src/freertos_examples_1_to_9.o
 .debug_abbrev  0x00000c25       0xeb ./example/src/sysinit.o
 .debug_abbrev  0x00000d10      0x31e C:\Users\valen\Documents\FIUBA\Sistemas_Embebidos\TP3\LPCXpresso-FreeRTOS-Examples\lpc_board_nxp_lpcxpresso_4337\Debug\liblpc_board_nxp_lpcxpresso_4337.a(board.o)
 .debug_abbrev  0x0000102e      0x19a C:\Users\valen\Documents\FIUBA\Sistemas_Embebidos\TP3\LPCXpresso-FreeRTOS-Examples\lpc_board_nxp_lpcxpresso_4337\Debug\liblpc_board_nxp_lpcxpresso_4337.a(board_sysinit.o)
 .debug_abbrev  0x000011c8      0x155 C:\Users\valen\Documents\FIUBA\Sistemas_Embebidos\TP3\LPCXpresso-FreeRTOS-Examples\lpc_chip_43xx\Debug\liblpc_chip_43xx.a(chip_18xx_43xx.o)
 .debug_abbrev  0x0000131d      0x2cb C:\Users\valen\Documents\FIUBA\Sistemas_Embebidos\TP3\LPCXpresso-FreeRTOS-Examples\lpc_chip_43xx\Debug\liblpc_chip_43xx.a(clock_18xx_43xx.o)
 .debug_abbrev  0x000015e8       0x84 C:\Users\valen\Documents\FIUBA\Sistemas_Embebidos\TP3\LPCXpresso-FreeRTOS-Examples\lpc_chip_43xx\Debug\liblpc_chip_43xx.a(fpu_init.o)
 .debug_abbrev  0x0000166c      0x111 C:\Users\valen\Documents\FIUBA\Sistemas_Embebidos\TP3\LPCXpresso-FreeRTOS-Examples\lpc_chip_43xx\Debug\liblpc_chip_43xx.a(gpio_18xx_43xx.o)
 .debug_abbrev  0x0000177d      0x18e C:\Users\valen\Documents\FIUBA\Sistemas_Embebidos\TP3\LPCXpresso-FreeRTOS-Examples\lpc_chip_43xx\Debug\liblpc_chip_43xx.a(sysinit_18xx_43xx.o)
 .debug_abbrev  0x0000190b      0x2c0 C:\Users\valen\Documents\FIUBA\Sistemas_Embebidos\TP3\LPCXpresso-FreeRTOS-Examples\lpc_chip_43xx\Debug\liblpc_chip_43xx.a(uart_18xx_43xx.o)

.debug_aranges  0x00000000      0x8e8
 .debug_aranges
                0x00000000       0x40 ./freertos/src/FreeRTOSCommonHooks.o
 .debug_aranges
                0x00000040       0x28 ./freertos/src/heap_3.o
 .debug_aranges
                0x00000068       0x40 ./freertos/src/list.o
 .debug_aranges
                0x000000a8       0x98 ./freertos/src/port.o
 .debug_aranges
                0x00000140       0x20 ./freertos/src/redlib_memfix.o
 .debug_aranges
                0x00000160      0x190 ./freertos/src/tasks.o
 .debug_aranges
                0x000002f0       0x80 ./example/src/cr_startup_lpc43xx.o
 .debug_aranges
                0x00000370       0x38 ./example/src/freertos_examples_1_to_9.o
 .debug_aranges
                0x000003a8       0x20 ./example/src/sysinit.o
 .debug_aranges
                0x000003c8      0x170 C:\Users\valen\Documents\FIUBA\Sistemas_Embebidos\TP3\LPCXpresso-FreeRTOS-Examples\lpc_board_nxp_lpcxpresso_4337\Debug\liblpc_board_nxp_lpcxpresso_4337.a(board.o)
 .debug_aranges
                0x00000538       0x48 C:\Users\valen\Documents\FIUBA\Sistemas_Embebidos\TP3\LPCXpresso-FreeRTOS-Examples\lpc_board_nxp_lpcxpresso_4337\Debug\liblpc_board_nxp_lpcxpresso_4337.a(board_sysinit.o)
 .debug_aranges
                0x00000580       0x40 C:\Users\valen\Documents\FIUBA\Sistemas_Embebidos\TP3\LPCXpresso-FreeRTOS-Examples\lpc_chip_43xx\Debug\liblpc_chip_43xx.a(chip_18xx_43xx.o)
 .debug_aranges
                0x000005c0      0x138 C:\Users\valen\Documents\FIUBA\Sistemas_Embebidos\TP3\LPCXpresso-FreeRTOS-Examples\lpc_chip_43xx\Debug\liblpc_chip_43xx.a(clock_18xx_43xx.o)
 .debug_aranges
                0x000006f8       0x20 C:\Users\valen\Documents\FIUBA\Sistemas_Embebidos\TP3\LPCXpresso-FreeRTOS-Examples\lpc_chip_43xx\Debug\liblpc_chip_43xx.a(fpu_init.o)
 .debug_aranges
                0x00000718       0x68 C:\Users\valen\Documents\FIUBA\Sistemas_Embebidos\TP3\LPCXpresso-FreeRTOS-Examples\lpc_chip_43xx\Debug\liblpc_chip_43xx.a(gpio_18xx_43xx.o)
 .debug_aranges
                0x00000780       0x50 C:\Users\valen\Documents\FIUBA\Sistemas_Embebidos\TP3\LPCXpresso-FreeRTOS-Examples\lpc_chip_43xx\Debug\liblpc_chip_43xx.a(sysinit_18xx_43xx.o)
 .debug_aranges
                0x000007d0      0x118 C:\Users\valen\Documents\FIUBA\Sistemas_Embebidos\TP3\LPCXpresso-FreeRTOS-Examples\lpc_chip_43xx\Debug\liblpc_chip_43xx.a(uart_18xx_43xx.o)

.debug_ranges   0x00000000      0x808
 .debug_ranges  0x00000000       0x30 ./freertos/src/FreeRTOSCommonHooks.o
 .debug_ranges  0x00000030       0x18 ./freertos/src/heap_3.o
 .debug_ranges  0x00000048       0x30 ./freertos/src/list.o
 .debug_ranges  0x00000078       0x88 ./freertos/src/port.o
 .debug_ranges  0x00000100       0x10 ./freertos/src/redlib_memfix.o
 .debug_ranges  0x00000110      0x180 ./freertos/src/tasks.o
 .debug_ranges  0x00000290       0x70 ./example/src/cr_startup_lpc43xx.o
 .debug_ranges  0x00000300       0x28 ./example/src/freertos_examples_1_to_9.o
 .debug_ranges  0x00000328       0x10 ./example/src/sysinit.o
 .debug_ranges  0x00000338      0x160 C:\Users\valen\Documents\FIUBA\Sistemas_Embebidos\TP3\LPCXpresso-FreeRTOS-Examples\lpc_board_nxp_lpcxpresso_4337\Debug\liblpc_board_nxp_lpcxpresso_4337.a(board.o)
 .debug_ranges  0x00000498       0x38 C:\Users\valen\Documents\FIUBA\Sistemas_Embebidos\TP3\LPCXpresso-FreeRTOS-Examples\lpc_board_nxp_lpcxpresso_4337\Debug\liblpc_board_nxp_lpcxpresso_4337.a(board_sysinit.o)
 .debug_ranges  0x000004d0       0x30 C:\Users\valen\Documents\FIUBA\Sistemas_Embebidos\TP3\LPCXpresso-FreeRTOS-Examples\lpc_chip_43xx\Debug\liblpc_chip_43xx.a(chip_18xx_43xx.o)
 .debug_ranges  0x00000500      0x140 C:\Users\valen\Documents\FIUBA\Sistemas_Embebidos\TP3\LPCXpresso-FreeRTOS-Examples\lpc_chip_43xx\Debug\liblpc_chip_43xx.a(clock_18xx_43xx.o)
 .debug_ranges  0x00000640       0x10 C:\Users\valen\Documents\FIUBA\Sistemas_Embebidos\TP3\LPCXpresso-FreeRTOS-Examples\lpc_chip_43xx\Debug\liblpc_chip_43xx.a(fpu_init.o)
 .debug_ranges  0x00000650       0x58 C:\Users\valen\Documents\FIUBA\Sistemas_Embebidos\TP3\LPCXpresso-FreeRTOS-Examples\lpc_chip_43xx\Debug\liblpc_chip_43xx.a(gpio_18xx_43xx.o)
 .debug_ranges  0x000006a8       0x40 C:\Users\valen\Documents\FIUBA\Sistemas_Embebidos\TP3\LPCXpresso-FreeRTOS-Examples\lpc_chip_43xx\Debug\liblpc_chip_43xx.a(sysinit_18xx_43xx.o)
 .debug_ranges  0x000006e8      0x120 C:\Users\valen\Documents\FIUBA\Sistemas_Embebidos\TP3\LPCXpresso-FreeRTOS-Examples\lpc_chip_43xx\Debug\liblpc_chip_43xx.a(uart_18xx_43xx.o)

.debug_macro    0x00000000     0x95bb
 .debug_macro   0x00000000      0x39b ./freertos/src/FreeRTOSCommonHooks.o
 .debug_macro   0x0000039b      0xaae ./freertos/src/FreeRTOSCommonHooks.o
 .debug_macro   0x00000e49       0x10 ./freertos/src/FreeRTOSCommonHooks.o
 .debug_macro   0x00000e59      0x12e ./freertos/src/FreeRTOSCommonHooks.o
 .debug_macro   0x00000f87       0x16 ./freertos/src/FreeRTOSCommonHooks.o
 .debug_macro   0x00000f9d      0x5b3 ./freertos/src/FreeRTOSCommonHooks.o
 .debug_macro   0x00001550       0x40 ./freertos/src/FreeRTOSCommonHooks.o
 .debug_macro   0x00001590       0x10 ./freertos/src/FreeRTOSCommonHooks.o
 .debug_macro   0x000015a0       0x22 ./freertos/src/FreeRTOSCommonHooks.o
 .debug_macro   0x000015c2       0x74 ./freertos/src/FreeRTOSCommonHooks.o
 .debug_macro   0x00001636       0x28 ./freertos/src/FreeRTOSCommonHooks.o
 .debug_macro   0x0000165e       0x3b ./freertos/src/FreeRTOSCommonHooks.o
 .debug_macro   0x00001699       0x2d ./freertos/src/FreeRTOSCommonHooks.o
 .debug_macro   0x000016c6       0x42 ./freertos/src/FreeRTOSCommonHooks.o
 .debug_macro   0x00001708      0xd39 ./freertos/src/FreeRTOSCommonHooks.o
 .debug_macro   0x00002441      0x2bc ./freertos/src/FreeRTOSCommonHooks.o
 .debug_macro   0x000026fd      0x112 ./freertos/src/FreeRTOSCommonHooks.o
 .debug_macro   0x0000280f       0x11 ./freertos/src/FreeRTOSCommonHooks.o
 .debug_macro   0x00002820       0x2a ./freertos/src/FreeRTOSCommonHooks.o
 .debug_macro   0x0000284a       0x16 ./freertos/src/FreeRTOSCommonHooks.o
 .debug_macro   0x00002860      0x2e6 ./freertos/src/FreeRTOSCommonHooks.o
 .debug_macro   0x00002b46       0x82 ./freertos/src/FreeRTOSCommonHooks.o
 .debug_macro   0x00002bc8      0x13d ./freertos/src/FreeRTOSCommonHooks.o
 .debug_macro   0x00002d05      0x198 ./freertos/src/FreeRTOSCommonHooks.o
 .debug_macro   0x00002e9d       0x34 ./freertos/src/FreeRTOSCommonHooks.o
 .debug_macro   0x00002ed1       0x58 ./freertos/src/FreeRTOSCommonHooks.o
 .debug_macro   0x00002f29      0x236 ./freertos/src/FreeRTOSCommonHooks.o
 .debug_macro   0x0000315f      0x572 ./freertos/src/FreeRTOSCommonHooks.o
 .debug_macro   0x000036d1       0x16 ./freertos/src/FreeRTOSCommonHooks.o
 .debug_macro   0x000036e7      0x18a ./freertos/src/FreeRTOSCommonHooks.o
 .debug_macro   0x00003871       0x88 ./freertos/src/FreeRTOSCommonHooks.o
 .debug_macro   0x000038f9      0x1b9 ./freertos/src/FreeRTOSCommonHooks.o
 .debug_macro   0x00003ab2      0x1da ./freertos/src/FreeRTOSCommonHooks.o
 .debug_macro   0x00003c8c       0x40 ./freertos/src/FreeRTOSCommonHooks.o
 .debug_macro   0x00003ccc       0x1c ./freertos/src/FreeRTOSCommonHooks.o
 .debug_macro   0x00003ce8       0x2e ./freertos/src/FreeRTOSCommonHooks.o
 .debug_macro   0x00003d16       0x2e ./freertos/src/FreeRTOSCommonHooks.o
 .debug_macro   0x00003d44       0x22 ./freertos/src/FreeRTOSCommonHooks.o
 .debug_macro   0x00003d66      0x201 ./freertos/src/FreeRTOSCommonHooks.o
 .debug_macro   0x00003f67       0xe0 ./freertos/src/FreeRTOSCommonHooks.o
 .debug_macro   0x00004047      0x34c ./freertos/src/FreeRTOSCommonHooks.o
 .debug_macro   0x00004393       0xdc ./freertos/src/FreeRTOSCommonHooks.o
 .debug_macro   0x0000446f       0xc4 ./freertos/src/FreeRTOSCommonHooks.o
 .debug_macro   0x00004533       0x94 ./freertos/src/FreeRTOSCommonHooks.o
 .debug_macro   0x000045c7       0xb8 ./freertos/src/FreeRTOSCommonHooks.o
 .debug_macro   0x0000467f       0x4c ./freertos/src/FreeRTOSCommonHooks.o
 .debug_macro   0x000046cb       0x16 ./freertos/src/FreeRTOSCommonHooks.o
 .debug_macro   0x000046e1      0x328 ./freertos/src/FreeRTOSCommonHooks.o
 .debug_macro   0x00004a09       0x3a ./freertos/src/FreeRTOSCommonHooks.o
 .debug_macro   0x00004a43       0xd0 ./freertos/src/FreeRTOSCommonHooks.o
 .debug_macro   0x00004b13       0x11 ./freertos/src/FreeRTOSCommonHooks.o
 .debug_macro   0x00004b24       0x22 ./freertos/src/FreeRTOSCommonHooks.o
 .debug_macro   0x00004b46       0x40 ./freertos/src/FreeRTOSCommonHooks.o
 .debug_macro   0x00004b86      0x183 ./freertos/src/FreeRTOSCommonHooks.o
 .debug_macro   0x00004d09       0x9a ./freertos/src/FreeRTOSCommonHooks.o
 .debug_macro   0x00004da3       0x20 ./freertos/src/FreeRTOSCommonHooks.o
 .debug_macro   0x00004dc3       0xef ./freertos/src/FreeRTOSCommonHooks.o
 .debug_macro   0x00004eb2       0xaf ./freertos/src/FreeRTOSCommonHooks.o
 .debug_macro   0x00004f61       0x12 ./freertos/src/FreeRTOSCommonHooks.o
 .debug_macro   0x00004f73       0x1f ./freertos/src/FreeRTOSCommonHooks.o
 .debug_macro   0x00004f92      0x35a ./freertos/src/FreeRTOSCommonHooks.o
 .debug_macro   0x000052ec       0x79 ./freertos/src/FreeRTOSCommonHooks.o
 .debug_macro   0x00005365       0x69 ./freertos/src/FreeRTOSCommonHooks.o
 .debug_macro   0x000053ce      0x3ab ./freertos/src/heap_3.o
 .debug_macro   0x00005779      0x390 ./freertos/src/list.o
 .debug_macro   0x00005b09      0x434 ./freertos/src/port.o
 .debug_macro   0x00005f3d       0x17 ./freertos/src/redlib_memfix.o
 .debug_macro   0x00005f54      0x43c ./freertos/src/tasks.o
 .debug_macro   0x00006390       0x16 ./freertos/src/tasks.o
 .debug_macro   0x000063a6       0x1d ./example/src/cr_startup_lpc43xx.o
 .debug_macro   0x000063c3      0x3f6 ./example/src/freertos_examples_1_to_9.o
 .debug_macro   0x000067b9       0x7b ./example/src/freertos_examples_1_to_9.o
 .debug_macro   0x00006834       0x18 ./example/src/freertos_examples_1_to_9.o
 .debug_macro   0x0000684c       0x10 ./example/src/freertos_examples_1_to_9.o
 .debug_macro   0x0000685c       0xf5 ./example/src/freertos_examples_1_to_9.o
 .debug_macro   0x00006951       0x7e ./example/src/freertos_examples_1_to_9.o
 .debug_macro   0x000069cf       0x1c ./example/src/freertos_examples_1_to_9.o
 .debug_macro   0x000069eb      0x310 ./example/src/sysinit.o
 .debug_macro   0x00006cfb      0x336 C:\Users\valen\Documents\FIUBA\Sistemas_Embebidos\TP3\LPCXpresso-FreeRTOS-Examples\lpc_board_nxp_lpcxpresso_4337\Debug\liblpc_board_nxp_lpcxpresso_4337.a(board.o)
 .debug_macro   0x00007031      0x89e C:\Users\valen\Documents\FIUBA\Sistemas_Embebidos\TP3\LPCXpresso-FreeRTOS-Examples\lpc_board_nxp_lpcxpresso_4337\Debug\liblpc_board_nxp_lpcxpresso_4337.a(board.o)
 .debug_macro   0x000078cf       0x10 C:\Users\valen\Documents\FIUBA\Sistemas_Embebidos\TP3\LPCXpresso-FreeRTOS-Examples\lpc_board_nxp_lpcxpresso_4337\Debug\liblpc_board_nxp_lpcxpresso_4337.a(board.o)
 .debug_macro   0x000078df      0x12d C:\Users\valen\Documents\FIUBA\Sistemas_Embebidos\TP3\LPCXpresso-FreeRTOS-Examples\lpc_board_nxp_lpcxpresso_4337\Debug\liblpc_board_nxp_lpcxpresso_4337.a(board.o)
 .debug_macro   0x00007a0c      0x5b2 C:\Users\valen\Documents\FIUBA\Sistemas_Embebidos\TP3\LPCXpresso-FreeRTOS-Examples\lpc_board_nxp_lpcxpresso_4337\Debug\liblpc_board_nxp_lpcxpresso_4337.a(board.o)
 .debug_macro   0x00007fbe       0x9a C:\Users\valen\Documents\FIUBA\Sistemas_Embebidos\TP3\LPCXpresso-FreeRTOS-Examples\lpc_board_nxp_lpcxpresso_4337\Debug\liblpc_board_nxp_lpcxpresso_4337.a(board.o)
 .debug_macro   0x00008058       0x12 C:\Users\valen\Documents\FIUBA\Sistemas_Embebidos\TP3\LPCXpresso-FreeRTOS-Examples\lpc_board_nxp_lpcxpresso_4337\Debug\liblpc_board_nxp_lpcxpresso_4337.a(board.o)
 .debug_macro   0x0000806a      0x339 C:\Users\valen\Documents\FIUBA\Sistemas_Embebidos\TP3\LPCXpresso-FreeRTOS-Examples\lpc_board_nxp_lpcxpresso_4337\Debug\liblpc_board_nxp_lpcxpresso_4337.a(board.o)
 .debug_macro   0x000083a3      0x310 C:\Users\valen\Documents\FIUBA\Sistemas_Embebidos\TP3\LPCXpresso-FreeRTOS-Examples\lpc_board_nxp_lpcxpresso_4337\Debug\liblpc_board_nxp_lpcxpresso_4337.a(board_sysinit.o)
 .debug_macro   0x000086b3      0x2da C:\Users\valen\Documents\FIUBA\Sistemas_Embebidos\TP3\LPCXpresso-FreeRTOS-Examples\lpc_chip_43xx\Debug\liblpc_chip_43xx.a(chip_18xx_43xx.o)
 .debug_macro   0x0000898d      0x2e0 C:\Users\valen\Documents\FIUBA\Sistemas_Embebidos\TP3\LPCXpresso-FreeRTOS-Examples\lpc_chip_43xx\Debug\liblpc_chip_43xx.a(clock_18xx_43xx.o)
 .debug_macro   0x00008c6d       0xc0 C:\Users\valen\Documents\FIUBA\Sistemas_Embebidos\TP3\LPCXpresso-FreeRTOS-Examples\lpc_chip_43xx\Debug\liblpc_chip_43xx.a(fpu_init.o)
 .debug_macro   0x00008d2d      0x2da C:\Users\valen\Documents\FIUBA\Sistemas_Embebidos\TP3\LPCXpresso-FreeRTOS-Examples\lpc_chip_43xx\Debug\liblpc_chip_43xx.a(gpio_18xx_43xx.o)
 .debug_macro   0x00009007      0x2da C:\Users\valen\Documents\FIUBA\Sistemas_Embebidos\TP3\LPCXpresso-FreeRTOS-Examples\lpc_chip_43xx\Debug\liblpc_chip_43xx.a(sysinit_18xx_43xx.o)
 .debug_macro   0x000092e1      0x2da C:\Users\valen\Documents\FIUBA\Sistemas_Embebidos\TP3\LPCXpresso-FreeRTOS-Examples\lpc_chip_43xx\Debug\liblpc_chip_43xx.a(uart_18xx_43xx.o)

.debug_line     0x00000000     0x8afb
 .debug_line    0x00000000      0x91c ./freertos/src/FreeRTOSCommonHooks.o
 .debug_line    0x0000091c      0x8be ./freertos/src/heap_3.o
 .debug_line    0x000011da      0x985 ./freertos/src/list.o
 .debug_line    0x00001b5f      0xb6f ./freertos/src/port.o
 .debug_line    0x000026ce       0x60 ./freertos/src/redlib_memfix.o
 .debug_line    0x0000272e     0x16ad ./freertos/src/tasks.o
 .debug_line    0x00003ddb      0x1aa ./example/src/cr_startup_lpc43xx.o
 .debug_line    0x00003f85      0x949 ./example/src/freertos_examples_1_to_9.o
 .debug_line    0x000048ce      0x721 ./example/src/sysinit.o
 .debug_line    0x00004fef      0xa84 C:\Users\valen\Documents\FIUBA\Sistemas_Embebidos\TP3\LPCXpresso-FreeRTOS-Examples\lpc_board_nxp_lpcxpresso_4337\Debug\liblpc_board_nxp_lpcxpresso_4337.a(board.o)
 .debug_line    0x00005a73      0x70f C:\Users\valen\Documents\FIUBA\Sistemas_Embebidos\TP3\LPCXpresso-FreeRTOS-Examples\lpc_board_nxp_lpcxpresso_4337\Debug\liblpc_board_nxp_lpcxpresso_4337.a(board_sysinit.o)
 .debug_line    0x00006182      0x65e C:\Users\valen\Documents\FIUBA\Sistemas_Embebidos\TP3\LPCXpresso-FreeRTOS-Examples\lpc_chip_43xx\Debug\liblpc_chip_43xx.a(chip_18xx_43xx.o)
 .debug_line    0x000067e0      0xa5b C:\Users\valen\Documents\FIUBA\Sistemas_Embebidos\TP3\LPCXpresso-FreeRTOS-Examples\lpc_chip_43xx\Debug\liblpc_chip_43xx.a(clock_18xx_43xx.o)
 .debug_line    0x0000723b      0x20a C:\Users\valen\Documents\FIUBA\Sistemas_Embebidos\TP3\LPCXpresso-FreeRTOS-Examples\lpc_chip_43xx\Debug\liblpc_chip_43xx.a(fpu_init.o)
 .debug_line    0x00007445      0x6af C:\Users\valen\Documents\FIUBA\Sistemas_Embebidos\TP3\LPCXpresso-FreeRTOS-Examples\lpc_chip_43xx\Debug\liblpc_chip_43xx.a(gpio_18xx_43xx.o)
 .debug_line    0x00007af4      0x6cc C:\Users\valen\Documents\FIUBA\Sistemas_Embebidos\TP3\LPCXpresso-FreeRTOS-Examples\lpc_chip_43xx\Debug\liblpc_chip_43xx.a(sysinit_18xx_43xx.o)
 .debug_line    0x000081c0      0x93b C:\Users\valen\Documents\FIUBA\Sistemas_Embebidos\TP3\LPCXpresso-FreeRTOS-Examples\lpc_chip_43xx\Debug\liblpc_chip_43xx.a(uart_18xx_43xx.o)

.debug_str      0x00000000    0x1fe3a
 .debug_str     0x00000000    0x1898b ./freertos/src/FreeRTOSCommonHooks.o
                              0x18ab2 (size before relaxing)
 .debug_str     0x0001898b      0x103 ./freertos/src/heap_3.o
                              0x18aa8 (size before relaxing)
 .debug_str     0x00018a8e      0x139 ./freertos/src/list.o
                              0x187c0 (size before relaxing)
 .debug_str     0x00018bc7     0x11d1 ./freertos/src/port.o
                              0x19be3 (size before relaxing)
 .debug_str     0x00019d98       0x6f ./freertos/src/redlib_memfix.o
                               0x2ec5 (size before relaxing)
 .debug_str     0x00019e07     0x16c4 ./freertos/src/tasks.o
                              0x1ad08 (size before relaxing)
 .debug_str     0x0001b4cb      0x1cf ./example/src/cr_startup_lpc43xx.o
                               0x3049 (size before relaxing)
 .debug_str     0x0001b69a     0x132d ./example/src/freertos_examples_1_to_9.o
                              0x1a77d (size before relaxing)
 .debug_str     0x0001c9c7       0x23 ./example/src/sysinit.o
                              0x161ff (size before relaxing)
 .debug_str     0x0001c9ea     0x2698 C:\Users\valen\Documents\FIUBA\Sistemas_Embebidos\TP3\LPCXpresso-FreeRTOS-Examples\lpc_board_nxp_lpcxpresso_4337\Debug\liblpc_board_nxp_lpcxpresso_4337.a(board.o)
                              0x17d7c (size before relaxing)
 .debug_str     0x0001f082      0x125 C:\Users\valen\Documents\FIUBA\Sistemas_Embebidos\TP3\LPCXpresso-FreeRTOS-Examples\lpc_board_nxp_lpcxpresso_4337\Debug\liblpc_board_nxp_lpcxpresso_4337.a(board_sysinit.o)
                              0x1667e (size before relaxing)
 .debug_str     0x0001f1a7       0xfb C:\Users\valen\Documents\FIUBA\Sistemas_Embebidos\TP3\LPCXpresso-FreeRTOS-Examples\lpc_chip_43xx\Debug\liblpc_chip_43xx.a(chip_18xx_43xx.o)
                              0x15dd6 (size before relaxing)
 .debug_str     0x0001f2a2      0x5e7 C:\Users\valen\Documents\FIUBA\Sistemas_Embebidos\TP3\LPCXpresso-FreeRTOS-Examples\lpc_chip_43xx\Debug\liblpc_chip_43xx.a(clock_18xx_43xx.o)
                              0x16359 (size before relaxing)
 .debug_str     0x0001f889       0xb5 C:\Users\valen\Documents\FIUBA\Sistemas_Embebidos\TP3\LPCXpresso-FreeRTOS-Examples\lpc_chip_43xx\Debug\liblpc_chip_43xx.a(fpu_init.o)
                               0x996f (size before relaxing)
 .debug_str     0x0001f93e       0xe4 C:\Users\valen\Documents\FIUBA\Sistemas_Embebidos\TP3\LPCXpresso-FreeRTOS-Examples\lpc_chip_43xx\Debug\liblpc_chip_43xx.a(gpio_18xx_43xx.o)
                              0x151d8 (size before relaxing)
 .debug_str     0x0001fa22       0xb4 C:\Users\valen\Documents\FIUBA\Sistemas_Embebidos\TP3\LPCXpresso-FreeRTOS-Examples\lpc_chip_43xx\Debug\liblpc_chip_43xx.a(sysinit_18xx_43xx.o)
                              0x15da5 (size before relaxing)
 .debug_str     0x0001fad6      0x364 C:\Users\valen\Documents\FIUBA\Sistemas_Embebidos\TP3\LPCXpresso-FreeRTOS-Examples\lpc_chip_43xx\Debug\liblpc_chip_43xx.a(uart_18xx_43xx.o)
                              0x15f09 (size before relaxing)

.comment        0x00000000       0xe3
 .comment       0x00000000       0x75 ./freertos/src/FreeRTOSCommonHooks.o
                                 0x76 (size before relaxing)
 .comment       0x00000075       0x76 ./freertos/src/heap_3.o
 .comment       0x00000075       0x76 ./freertos/src/list.o
 .comment       0x00000075       0x76 ./freertos/src/port.o
 .comment       0x00000075       0x76 ./freertos/src/redlib_memfix.o
 .comment       0x00000075       0x76 ./freertos/src/tasks.o
 .comment       0x00000075       0x76 ./example/src/cr_startup_lpc43xx.o
 .comment       0x00000075       0x76 ./example/src/freertos_examples_1_to_9.o
 .comment       0x00000075       0x76 ./example/src/sysinit.o
 .comment       0x00000075       0x6e C:\Users\valen\Documents\FIUBA\Sistemas_Embebidos\TP3\LPCXpresso-FreeRTOS-Examples\lpc_board_nxp_lpcxpresso_4337\Debug\liblpc_board_nxp_lpcxpresso_4337.a(board.o)
                                 0x6f (size before relaxing)
 .comment       0x000000e3       0x6f C:\Users\valen\Documents\FIUBA\Sistemas_Embebidos\TP3\LPCXpresso-FreeRTOS-Examples\lpc_board_nxp_lpcxpresso_4337\Debug\liblpc_board_nxp_lpcxpresso_4337.a(board_sysinit.o)
 .comment       0x000000e3       0x6f C:\Users\valen\Documents\FIUBA\Sistemas_Embebidos\TP3\LPCXpresso-FreeRTOS-Examples\lpc_chip_43xx\Debug\liblpc_chip_43xx.a(chip_18xx_43xx.o)
 .comment       0x000000e3       0x6f C:\Users\valen\Documents\FIUBA\Sistemas_Embebidos\TP3\LPCXpresso-FreeRTOS-Examples\lpc_chip_43xx\Debug\liblpc_chip_43xx.a(clock_18xx_43xx.o)
 .comment       0x000000e3       0x6f C:\Users\valen\Documents\FIUBA\Sistemas_Embebidos\TP3\LPCXpresso-FreeRTOS-Examples\lpc_chip_43xx\Debug\liblpc_chip_43xx.a(fpu_init.o)
 .comment       0x000000e3       0x6f C:\Users\valen\Documents\FIUBA\Sistemas_Embebidos\TP3\LPCXpresso-FreeRTOS-Examples\lpc_chip_43xx\Debug\liblpc_chip_43xx.a(gpio_18xx_43xx.o)
 .comment       0x000000e3       0x6f C:\Users\valen\Documents\FIUBA\Sistemas_Embebidos\TP3\LPCXpresso-FreeRTOS-Examples\lpc_chip_43xx\Debug\liblpc_chip_43xx.a(sysinit_18xx_43xx.o)
 .comment       0x000000e3       0x6f C:\Users\valen\Documents\FIUBA\Sistemas_Embebidos\TP3\LPCXpresso-FreeRTOS-Examples\lpc_chip_43xx\Debug\liblpc_chip_43xx.a(uart_18xx_43xx.o)
 .comment       0x000000e3       0x76 c:/nxp/mcuxpressoide_11.0.0_2516/ide/plugins/com.nxp.mcuxpresso.tools.win32_11.0.0.201905131304/tools/bin/../lib/gcc/arm-none-eabi/8.2.1/../../../../arm-none-eabi/lib/thumb/v7e-m+fp/softfp\libcr_nohost.a(_cr__main.o)
 .comment       0x000000e3       0x76 c:/nxp/mcuxpressoide_11.0.0_2516/ide/plugins/com.nxp.mcuxpresso.tools.win32_11.0.0.201905131304/tools/bin/../lib/gcc/arm-none-eabi/8.2.1/../../../../arm-none-eabi/lib/thumb/v7e-m+fp/softfp\libcr_c.a(memset.o)
 .comment       0x000000e3       0x76 c:/nxp/mcuxpressoide_11.0.0_2516/ide/plugins/com.nxp.mcuxpresso.tools.win32_11.0.0.201905131304/tools/bin/../lib/gcc/arm-none-eabi/8.2.1/../../../../arm-none-eabi/lib/thumb/v7e-m+fp/softfp\libcr_c.a(alloc.o)
 .comment       0x000000e3       0x76 c:/nxp/mcuxpressoide_11.0.0_2516/ide/plugins/com.nxp.mcuxpresso.tools.win32_11.0.0.201905131304/tools/bin/../lib/gcc/arm-none-eabi/8.2.1/../../../../arm-none-eabi/lib/thumb/v7e-m+fp/softfp\libcr_c.a(fpprintf.o)
 .comment       0x000000e3       0x76 c:/nxp/mcuxpressoide_11.0.0_2516/ide/plugins/com.nxp.mcuxpresso.tools.win32_11.0.0.201905131304/tools/bin/../lib/gcc/arm-none-eabi/8.2.1/../../../../arm-none-eabi/lib/thumb/v7e-m+fp/softfp\libcr_c.a(initio.o)
 .comment       0x000000e3       0x76 c:/nxp/mcuxpressoide_11.0.0_2516/ide/plugins/com.nxp.mcuxpresso.tools.win32_11.0.0.201905131304/tools/bin/../lib/gcc/arm-none-eabi/8.2.1/../../../../arm-none-eabi/lib/thumb/v7e-m+fp/softfp\libcr_c.a(printf.o)
 .comment       0x000000e3       0x76 c:/nxp/mcuxpressoide_11.0.0_2516/ide/plugins/com.nxp.mcuxpresso.tools.win32_11.0.0.201905131304/tools/bin/../lib/gcc/arm-none-eabi/8.2.1/../../../../arm-none-eabi/lib/thumb/v7e-m+fp/softfp\libcr_c.a(setvbuf.o)
 .comment       0x000000e3       0x76 c:/nxp/mcuxpressoide_11.0.0_2516/ide/plugins/com.nxp.mcuxpresso.tools.win32_11.0.0.201905131304/tools/bin/../lib/gcc/arm-none-eabi/8.2.1/../../../../arm-none-eabi/lib/thumb/v7e-m+fp/softfp\libcr_c.a(strlen.o)
 .comment       0x000000e3       0x76 c:/nxp/mcuxpressoide_11.0.0_2516/ide/plugins/com.nxp.mcuxpresso.tools.win32_11.0.0.201905131304/tools/bin/../lib/gcc/arm-none-eabi/8.2.1/../../../../arm-none-eabi/lib/thumb/v7e-m+fp/softfp\libcr_c.a(__init_alloc.o)
 .comment       0x000000e3       0x76 c:/nxp/mcuxpressoide_11.0.0_2516/ide/plugins/com.nxp.mcuxpresso.tools.win32_11.0.0.201905131304/tools/bin/../lib/gcc/arm-none-eabi/8.2.1/../../../../arm-none-eabi/lib/thumb/v7e-m+fp/softfp\libcr_c.a(_cr_sbrk.o)
 .comment       0x000000e3       0x76 c:/nxp/mcuxpressoide_11.0.0_2516/ide/plugins/com.nxp.mcuxpresso.tools.win32_11.0.0.201905131304/tools/bin/../lib/gcc/arm-none-eabi/8.2.1/../../../../arm-none-eabi/lib/thumb/v7e-m+fp/softfp\libcr_c.a(_deferredlazyseek.o)
 .comment       0x000000e3       0x76 c:/nxp/mcuxpressoide_11.0.0_2516/ide/plugins/com.nxp.mcuxpresso.tools.win32_11.0.0.201905131304/tools/bin/../lib/gcc/arm-none-eabi/8.2.1/../../../../arm-none-eabi/lib/thumb/v7e-m+fp/softfp\libcr_c.a(_fdopen.o)
 .comment       0x000000e3       0x76 c:/nxp/mcuxpressoide_11.0.0_2516/ide/plugins/com.nxp.mcuxpresso.tools.win32_11.0.0.201905131304/tools/bin/../lib/gcc/arm-none-eabi/8.2.1/../../../../arm-none-eabi/lib/thumb/v7e-m+fp/softfp\libcr_c.a(_fflush.o)
 .comment       0x000000e3       0x76 c:/nxp/mcuxpressoide_11.0.0_2516/ide/plugins/com.nxp.mcuxpresso.tools.win32_11.0.0.201905131304/tools/bin/../lib/gcc/arm-none-eabi/8.2.1/../../../../arm-none-eabi/lib/thumb/v7e-m+fp/softfp\libcr_c.a(_frexpl.o)
 .comment       0x000000e3       0x76 c:/nxp/mcuxpressoide_11.0.0_2516/ide/plugins/com.nxp.mcuxpresso.tools.win32_11.0.0.201905131304/tools/bin/../lib/gcc/arm-none-eabi/8.2.1/../../../../arm-none-eabi/lib/thumb/v7e-m+fp/softfp\libcr_c.a(_ldexpl.o)
 .comment       0x000000e3       0x76 c:/nxp/mcuxpressoide_11.0.0_2516/ide/plugins/com.nxp.mcuxpresso.tools.win32_11.0.0.201905131304/tools/bin/../lib/gcc/arm-none-eabi/8.2.1/../../../../arm-none-eabi/lib/thumb/v7e-m+fp/softfp\libcr_c.a(_writebuf.o)
 .comment       0x000000e3       0x76 c:/nxp/mcuxpressoide_11.0.0_2516/ide/plugins/com.nxp.mcuxpresso.tools.win32_11.0.0.201905131304/tools/bin/../lib/gcc/arm-none-eabi/8.2.1/../../../../arm-none-eabi/lib/thumb/v7e-m+fp/softfp\libcr_c.a(errno.o)
 .comment       0x000000e3       0x76 c:/nxp/mcuxpressoide_11.0.0_2516/ide/plugins/com.nxp.mcuxpresso.tools.win32_11.0.0.201905131304/tools/bin/../lib/gcc/arm-none-eabi/8.2.1/../../../../arm-none-eabi/lib/thumb/v7e-m+fp/softfp\libcr_c.a(fclose.o)
 .comment       0x000000e3       0x76 c:/nxp/mcuxpressoide_11.0.0_2516/ide/plugins/com.nxp.mcuxpresso.tools.win32_11.0.0.201905131304/tools/bin/../lib/gcc/arm-none-eabi/8.2.1/../../../../arm-none-eabi/lib/thumb/v7e-m+fp/softfp\libcr_c.a(fflush.o)
 .comment       0x000000e3       0x76 c:/nxp/mcuxpressoide_11.0.0_2516/ide/plugins/com.nxp.mcuxpresso.tools.win32_11.0.0.201905131304/tools/bin/../lib/gcc/arm-none-eabi/8.2.1/../../../../arm-none-eabi/lib/thumb/v7e-m+fp/softfp\libcr_c.a(fseek.o)
 .comment       0x000000e3       0x76 c:/nxp/mcuxpressoide_11.0.0_2516/ide/plugins/com.nxp.mcuxpresso.tools.win32_11.0.0.201905131304/tools/bin/../lib/gcc/arm-none-eabi/8.2.1/../../../../arm-none-eabi/lib/thumb/v7e-m+fp/softfp\libcr_c.a(ftell.o)
 .comment       0x000000e3       0x76 c:/nxp/mcuxpressoide_11.0.0_2516/ide/plugins/com.nxp.mcuxpresso.tools.win32_11.0.0.201905131304/tools/bin/../lib/gcc/arm-none-eabi/8.2.1/../../../../arm-none-eabi/lib/thumb/v7e-m+fp/softfp\libcr_c.a(remove.o)
 .comment       0x000000e3       0x76 c:/nxp/mcuxpressoide_11.0.0_2516/ide/plugins/com.nxp.mcuxpresso.tools.win32_11.0.0.201905131304/tools/bin/../lib/gcc/arm-none-eabi/8.2.1/../../../../arm-none-eabi/lib/thumb/v7e-m+fp/softfp\libcr_c.a(_do_fflush.o)
 .comment       0x000000e3       0x76 c:/nxp/mcuxpressoide_11.0.0_2516/ide/plugins/com.nxp.mcuxpresso.tools.win32_11.0.0.201905131304/tools/bin/../lib/gcc/arm-none-eabi/8.2.1/thumb/v7e-m+fp/softfp\libcr_eabihelpers.a(double.o)
 .comment       0x000000e3       0x76 c:/nxp/mcuxpressoide_11.0.0_2516/ide/plugins/com.nxp.mcuxpresso.tools.win32_11.0.0.201905131304/tools/bin/../lib/gcc/arm-none-eabi/8.2.1/../../../../arm-none-eabi/lib/thumb/v7e-m+fp/softfp\libcr_nohost.a(__ciob.o)
 .comment       0x000000e3       0x76 c:/nxp/mcuxpressoide_11.0.0_2516/ide/plugins/com.nxp.mcuxpresso.tools.win32_11.0.0.201905131304/tools/bin/../lib/gcc/arm-none-eabi/8.2.1/../../../../arm-none-eabi/lib/thumb/v7e-m+fp/softfp\libcr_nohost.a(__sys_appexit.o)
 .comment       0x000000e3       0x76 c:/nxp/mcuxpressoide_11.0.0_2516/ide/plugins/com.nxp.mcuxpresso.tools.win32_11.0.0.201905131304/tools/bin/../lib/gcc/arm-none-eabi/8.2.1/../../../../arm-none-eabi/lib/thumb/v7e-m+fp/softfp\libcr_nohost.a(__sys_close.o)
 .comment       0x000000e3       0x76 c:/nxp/mcuxpressoide_11.0.0_2516/ide/plugins/com.nxp.mcuxpresso.tools.win32_11.0.0.201905131304/tools/bin/../lib/gcc/arm-none-eabi/8.2.1/../../../../arm-none-eabi/lib/thumb/v7e-m+fp/softfp\libcr_nohost.a(__sys_flen.o)
 .comment       0x000000e3       0x76 c:/nxp/mcuxpressoide_11.0.0_2516/ide/plugins/com.nxp.mcuxpresso.tools.win32_11.0.0.201905131304/tools/bin/../lib/gcc/arm-none-eabi/8.2.1/../../../../arm-none-eabi/lib/thumb/v7e-m+fp/softfp\libcr_nohost.a(__sys_istty.o)
 .comment       0x000000e3       0x76 c:/nxp/mcuxpressoide_11.0.0_2516/ide/plugins/com.nxp.mcuxpresso.tools.win32_11.0.0.201905131304/tools/bin/../lib/gcc/arm-none-eabi/8.2.1/../../../../arm-none-eabi/lib/thumb/v7e-m+fp/softfp\libcr_nohost.a(__sys_remove.o)
 .comment       0x000000e3       0x76 c:/nxp/mcuxpressoide_11.0.0_2516/ide/plugins/com.nxp.mcuxpresso.tools.win32_11.0.0.201905131304/tools/bin/../lib/gcc/arm-none-eabi/8.2.1/../../../../arm-none-eabi/lib/thumb/v7e-m+fp/softfp\libcr_nohost.a(__sys_seek.o)
 .comment       0x000000e3       0x76 c:/nxp/mcuxpressoide_11.0.0_2516/ide/plugins/com.nxp.mcuxpresso.tools.win32_11.0.0.201905131304/tools/bin/../lib/gcc/arm-none-eabi/8.2.1/../../../../arm-none-eabi/lib/thumb/v7e-m+fp/softfp\libcr_nohost.a(__sys_tmpnam.o)

.ARM.attributes
                0x00000000       0x30
 .ARM.attributes
                0x00000000       0x32 ./freertos/src/FreeRTOSCommonHooks.o
 .ARM.attributes
                0x00000032       0x32 ./freertos/src/heap_3.o
 .ARM.attributes
                0x00000064       0x32 ./freertos/src/list.o
 .ARM.attributes
                0x00000096       0x32 ./freertos/src/port.o
 .ARM.attributes
                0x000000c8       0x32 ./freertos/src/redlib_memfix.o
 .ARM.attributes
                0x000000fa       0x32 ./freertos/src/tasks.o
 .ARM.attributes
                0x0000012c       0x32 ./example/src/cr_startup_lpc43xx.o
 .ARM.attributes
                0x0000015e       0x32 ./example/src/freertos_examples_1_to_9.o
 .ARM.attributes
                0x00000190       0x32 ./example/src/sysinit.o
 .ARM.attributes
                0x000001c2       0x37 C:\Users\valen\Documents\FIUBA\Sistemas_Embebidos\TP3\LPCXpresso-FreeRTOS-Examples\lpc_board_nxp_lpcxpresso_4337\Debug\liblpc_board_nxp_lpcxpresso_4337.a(board.o)
 .ARM.attributes