scu_18xx_43xx.h:135:20:Chip_SCU_PinMuxSet	16	static
scu_18xx_43xx.h:161:20:Chip_SCU_ClockPinMuxSet	16	static
scu_18xx_43xx.h:199:20:Chip_SCU_I2C0PinConfig	16	static
scu_18xx_43xx.h:219:20:Chip_SCU_DAC_Analog_Config	4	static
enet_18xx_43xx.h:583:20:Chip_ENET_RMIIEnable	16	static
gpio_18xx_43xx.h:95:20:Chip_GPIO_SetPinState	16	static
gpio_18xx_43xx.h:121:20:Chip_GPIO_GetPinState	16	static
gpio_18xx_43xx.h:146:20:Chip_GPIO_SetPinDIROutput	16	static
gpio_18xx_43xx.h:158:20:Chip_GPIO_SetPinDIRInput	16	static
gpio_18xx_43xx.h:375:20:Chip_GPIO_SetPinOutHigh	16	static
ssp_18xx_43xx.h:239:20:Chip_SSP_Enable	16	static
ssp_18xx_43xx.h:413:20:Chip_SSP_SetFormat	24	static
ssp_18xx_43xx.h:426:20:Chip_SSP_Set_Mode	16	static
uart_18xx_43xx.h:306:20:Chip_UART_TXEnable	16	static
uart_18xx_43xx.h:329:20:Chip_UART_SendByte	16	static
uart_18xx_43xx.h:342:23:Chip_UART_ReadByte	16	static
uart_18xx_43xx.h:425:20:Chip_UART_ConfigData	16	static
uart_18xx_43xx.h:512:24:Chip_UART_ReadLineStatus	16	static
libconfig-arm.h:247:5:__sys_write	32	static
libconfig-arm.h:241:5:__sys_readc	16	static
board.c:74:6:Board_UART_Init	16	static
board.c:88:6:Board_Debug_Init	8	static
board.c:103:6:Board_UARTPutChar	16	static
board.c:113:5:Board_UARTGetChar	8	static
board.c:124:6:Board_UARTPutSTR	16	static
board.c:133:13:Board_LED_Init	16	static
board.c:151:6:Board_LED_Set	16	static
board.c:157:6:Board_LED_Test	16	static
board.c:165:6:Board_LED_Toggle	16	static
board.c:170:6:Board_Buttons_Init	16	static
board.c:187:10:Buttons_GetStatus	16	static
board.c:208:6:Board_Joystick_Init	4	static
board.c:211:9:Joystick_GetStatus	4	static
board.c:217:6:Board_ENET_GetMacADDR	24	static
board.c:226:6:Board_Init	8	static
board.c:240:6:Board_I2C_Init	16	static
board.c:252:6:Board_SDMMC_Init	8	static
board.c:264:6:Board_SSP_Init	16	static
board.c:279:6:Board_DAC_Init	16	static
board.c:285:15:Board_Audio_CodecInit	16	static
board.c:296:6:Board_Audio_Init	16	static
board.c:319:6:Board_LCD_Init	16	static
board.c:341:6:Board_LCD_WriteData	24	static
