core_cm4.h:1467:22:NVIC_EnableIRQ	16	static
core_cm4.h:1508:22:NVIC_SetPendingIRQ	16	static
core_cm4.h:1520:22:NVIC_ClearPendingIRQ	16	static
core_cm4.h:1550:22:NVIC_SetPriority	16	static
freertos_examples_10_to_16.c:63:13:prvSetupHardware	8	static
freertos_examples_10_to_16.c:1531:13:prvSetupSoftwareInterrupt	8	static
freertos_examples_10_to_16.c:1542:6:DAC_IRQHandler	16	static
freertos_examples_10_to_16.c:1577:13:vTask2	24	static
freertos_examples_10_to_16.c:1594:13:vTask3	16	static
freertos_examples_10_to_16.c:1607:13:vPeriodicTask1	24	static
freertos_examples_10_to_16.c:1639:5:main	24	static
