Prefix.c:39:6:prefix_init	24	static
Prefix.c:59:6:prefix_enter	16	static
Prefix.c:65:6:prefix_exit	16	static
Prefix.c:71:12:prefix_isActive	24	static
Prefix.c:88:12:prefix_isFinal	16	static
Prefix.c:93:13:prefix_clearInEvents	16	static
Prefix.c:98:13:prefix_clearOutEvents	16	static
Prefix.c:102:6:prefix_runCycle	16	static
Prefix.c:133:12:prefix_isStateActive	24	static
Prefix.c:153:6:prefixIface_raise_evTick	16	static
Prefix.c:159:18:prefixIface_get_lED3	16	static
Prefix.c:163:18:prefixIface_get_lED_ON	16	static
Prefix.c:167:18:prefixIface_get_lED_OFF	16	static
Prefix.c:174:19:prefix_check_main_region_APAGADO_tr0_tr0	16	static
Prefix.c:179:19:prefix_check_main_region_APAGADO_lr1_lr1	16	static
Prefix.c:184:19:prefix_check_main_region_ENCENDIDO_tr0_tr0	16	static
Prefix.c:189:19:prefix_check_main_region_ENCENDIDO_lr1_lr1	16	static
Prefix.c:194:13:prefix_effect_main_region_APAGADO_tr0	16	static
Prefix.c:200:13:prefix_effect_main_region_APAGADO_lr1_lr1	16	static
Prefix.c:205:13:prefix_effect_main_region_ENCENDIDO_tr0	16	static
Prefix.c:211:13:prefix_effect_main_region_ENCENDIDO_lr1_lr1	16	static
Prefix.c:217:13:prefix_enact_main_region_APAGADO	16	static
Prefix.c:225:13:prefix_enact_main_region_ENCENDIDO	16	static
Prefix.c:233:13:prefix_enseq_main_region_APAGADO_default	16	static
Prefix.c:242:13:prefix_enseq_main_region_ENCENDIDO_default	16	static
Prefix.c:251:13:prefix_enseq_main_region_default	16	static
Prefix.c:258:13:prefix_exseq_main_region_APAGADO	16	static
Prefix.c:266:13:prefix_exseq_main_region_ENCENDIDO	16	static
Prefix.c:274:13:prefix_exseq_main_region	16	static
Prefix.c:295:13:prefix_react_main_region_APAGADO	16	static
Prefix.c:311:13:prefix_react_main_region_ENCENDIDO	16	static
Prefix.c:327:13:prefix_react_main_region__entry_Default	16	static
