port.c:212:14:pxPortInitialiseStack	24	static
port.c:242:13:prvTaskExitError	8	static
port.c:256:6:SVC_Handler	0	static
port.c:275:13:prvPortStartFirstTask	0	static
port.c:294:12:xPortStartScheduler	8	static
port.c:375:6:vPortEndScheduler	4	static
port.c:383:6:vPortYield	4	static
port.c:395:6:vPortEnterCritical	8	static
port.c:404:6:vPortExitCritical	8	static
port.c:415:35:ulPortSetInterruptMask	0	static
port.c:432:31:vPortClearInterruptMask	0	static
port.c:446:6:PendSV_Handler	0	static
port.c:502:6:SysTick_Handler	8	static
port.c:524:29:vPortSuppressTicksAndSleep	40	static
port.c:678:30:vPortSetupTimerInterrupt	4	static
port.c:696:13:vPortEnableVFP	0	static
