queue.c:255:12:xQueueGenericReset	24	static
queue.c:308:15:xQueueGenericCreate	40	static
queue.c:376:16:xQueueCreateMutex	24	static
queue.c:471:13:xQueueGiveMutexRecursive	32	static
queue.c:525:13:xQueueTakeMutexRecursive	32	static
queue.c:566:16:xQueueCreateCountingSemaphore	24	static
queue.c:593:12:xQueueGenericSend	40	static
queue.c:1025:12:xQueueGenericSendFromISR	40	static
queue.c:1169:12:xQueueGenericReceive	48	static
queue.c:1358:12:xQueueReceiveFromISR	40	static
queue.c:1445:12:xQueuePeekFromISR	32	static
queue.c:1498:13:uxQueueMessagesWaiting	24	static
queue.c:1514:13:uxQueueSpacesAvailable	24	static
queue.c:1532:13:uxQueueMessagesWaitingFromISR	24	static
queue.c:1544:6:vQueueDelete	24	static
queue.c:1566:14:uxQueueGetQueueNumber	16	static
queue.c:1576:7:vQueueSetQueueNumber	16	static
queue.c:1586:10:ucQueueGetQueueType	16	static
queue.c:1594:13:prvCopyDataToQueue	24	static
queue.c:1664:13:prvCopyDataFromQueue	16	static
queue.c:1686:13:prvUnlockQueue	16	static
queue.c:1801:19:prvIsQueueEmpty	24	static
queue.c:1822:12:xQueueIsQueueEmptyFromISR	24	static
queue.c:1840:19:prvIsQueueFull	24	static
queue.c:1861:12:xQueueIsQueueFullFromISR	24	static
queue.c:2156:7:vQueueAddToRegistry	24	static
queue.c:2185:7:vQueueUnregisterQueue	24	static
